Archive member included to satisfy reference by file (symbol)

c:/qmk_msys/mingw64/bin/../lib/gcc/avr/12.2.0/avr5\libgcc.a(_divmodhi4.o)
                              .build/obj_fjlabs_polaris_keymap_split/quantum/mousekey.o (__divmodhi4)
c:/qmk_msys/mingw64/bin/../lib/gcc/avr/12.2.0/avr5\libgcc.a(_udivmodsi4.o)
                              .build/obj_fjlabs_polaris_keymap_split/quantum/quantum.o (__udivmodsi4)
c:/qmk_msys/mingw64/bin/../lib/gcc/avr/12.2.0/avr5\libgcc.a(_exit.o)
                              c:/qmk_msys/mingw64/bin/../lib/gcc/avr/12.2.0/../../../../avr/lib/avr5/crtatmega32u4.o (exit)
c:/qmk_msys/mingw64/bin/../lib/gcc/avr/12.2.0/avr5\libgcc.a(_tablejump2.o)
                              .build/obj_fjlabs_polaris_keymap_split/quantum/action.o (__tablejump2__)
c:/qmk_msys/mingw64/bin/../lib/gcc/avr/12.2.0/avr5\libgcc.a(_copy_data.o)
                              .build/obj_fjlabs_polaris_keymap_split/quantum/quantum.o (__do_copy_data)
c:/qmk_msys/mingw64/bin/../lib/gcc/avr/12.2.0/avr5\libgcc.a(_clear_bss.o)
                              .build/obj_fjlabs_polaris_keymap_split/quantum/quantum.o (__do_clear_bss)
c:/qmk_msys/mingw64/bin/../lib/gcc/avr/12.2.0/avr5\libgcc.a(_popcounthi2.o)
                              .build/obj_fjlabs_polaris_keymap_split/quantum/bitwise.o (__popcounthi2)
c:/qmk_msys/mingw64/bin/../lib/gcc/avr/12.2.0/avr5\libgcc.a(_popcountsi2.o)
                              .build/obj_fjlabs_polaris_keymap_split/quantum/bitwise.o (__popcountsi2)
c:/qmk_msys/mingw64/bin/../lib/gcc/avr/12.2.0/avr5\libgcc.a(_popcountqi2.o)
                              c:/qmk_msys/mingw64/bin/../lib/gcc/avr/12.2.0/avr5\libgcc.a(_popcounthi2.o) (__popcountqi2)
c:/qmk_msys/mingw64/bin/../lib/gcc/avr/12.2.0/avr5\libgcc.a(_prologue.o)
                              .build/obj_fjlabs_polaris_keymap_split/quantum/quantum.o (__prologue_saves__)
c:/qmk_msys/mingw64/bin/../lib/gcc/avr/12.2.0/avr5\libgcc.a(_epilogue.o)
                              .build/obj_fjlabs_polaris_keymap_split/quantum/quantum.o (__epilogue_restores__)
c:/qmk_msys/mingw64/bin/../lib/gcc/avr/12.2.0/avr5\libgcc.a(_udivmodhi4.o)
                              c:/qmk_msys/mingw64/bin/../lib/gcc/avr/12.2.0/avr5\libgcc.a(_divmodhi4.o) (__udivmodhi4)
c:/qmk_msys/mingw64/bin/../lib/gcc/avr/12.2.0/../../../../avr/lib/avr5\libc.a(memcmp.o)
                              .build/obj_fjlabs_polaris_keymap_split/quantum/action_util.o (memcmp)
c:/qmk_msys/mingw64/bin/../lib/gcc/avr/12.2.0/../../../../avr/lib/avr5\libc.a(memcpy.o)
                              .build/obj_fjlabs_polaris_keymap_split/quantum/debounce/sym_defer_g.o (memcpy)
c:/qmk_msys/mingw64/bin/../lib/gcc/avr/12.2.0/../../../../avr/lib/avr5\libc.a(memmove.o)
                              .build/obj_fjlabs_polaris_keymap_split/lib/lufa/LUFA/Drivers/USB/Class/Common/HIDParser.o (memmove)
c:/qmk_msys/mingw64/bin/../lib/gcc/avr/12.2.0/../../../../avr/lib/avr5\libatmega32u4.a(eerd_byte.o)
                              .build/obj_fjlabs_polaris_keymap_split/quantum/eeconfig.o (eeprom_read_byte)
c:/qmk_msys/mingw64/bin/../lib/gcc/avr/12.2.0/../../../../avr/lib/avr5\libatmega32u4.a(eerd_dword.o)
                              .build/obj_fjlabs_polaris_keymap_split/quantum/eeconfig.o (eeprom_read_dword)
c:/qmk_msys/mingw64/bin/../lib/gcc/avr/12.2.0/../../../../avr/lib/avr5\libatmega32u4.a(eerd_word.o)
                              .build/obj_fjlabs_polaris_keymap_split/quantum/eeconfig.o (eeprom_read_word)
c:/qmk_msys/mingw64/bin/../lib/gcc/avr/12.2.0/../../../../avr/lib/avr5\libatmega32u4.a(eeupd_block.o)
                              .build/obj_fjlabs_polaris_keymap_split/quantum/eeconfig.o (eeprom_update_block)
c:/qmk_msys/mingw64/bin/../lib/gcc/avr/12.2.0/../../../../avr/lib/avr5\libatmega32u4.a(eeupd_byte.o)
                              .build/obj_fjlabs_polaris_keymap_split/quantum/eeconfig.o (eeprom_update_byte)
c:/qmk_msys/mingw64/bin/../lib/gcc/avr/12.2.0/../../../../avr/lib/avr5\libatmega32u4.a(eeupd_dword.o)
                              .build/obj_fjlabs_polaris_keymap_split/quantum/eeconfig.o (eeprom_update_dword)
c:/qmk_msys/mingw64/bin/../lib/gcc/avr/12.2.0/../../../../avr/lib/avr5\libatmega32u4.a(eeupd_word.o)
                              .build/obj_fjlabs_polaris_keymap_split/quantum/eeconfig.o (eeprom_update_word)
c:/qmk_msys/mingw64/bin/../lib/gcc/avr/12.2.0/../../../../avr/lib/avr5\libatmega32u4.a(eerd_block.o)
                              c:/qmk_msys/mingw64/bin/../lib/gcc/avr/12.2.0/../../../../avr/lib/avr5\libatmega32u4.a(eerd_dword.o) (eeprom_read_blraw)

Allocating common symbols
Common symbol       size              file

USB_IsInitialized   0x1               .build/obj_fjlabs_polaris_keymap_split/lib/lufa/LUFA/Drivers/USB/Core/USBTask.o
keymap_config       0x2               .build/obj_fjlabs_polaris_keymap_split/quantum/keycode_config.o
USB_DeviceState     0x1               .build/obj_fjlabs_polaris_keymap_split/lib/lufa/LUFA/Drivers/USB/Core/USBTask.o
[...]
Memory Configuration

Name             Origin             Length             Attributes
text             0x00000000         0x00020000         xr
data             0x00800060         0x0000ffa0         rw!x
eeprom           0x00810000         0x00010000         rw!x
fuse             0x00820000         0x00000003         rw!x
lock             0x00830000         0x00000400         rw!x
signature        0x00840000         0x00000400         rw!x
user_signatures  0x00850000         0x00000400         rw!x
*default*        0x00000000         0xffffffff

Linker script and memory map

Address of section .data set to 0x800100
LOAD c:/qmk_msys/mingw64/bin/../lib/gcc/avr/12.2.0/../../../../avr/lib/avr5/crtatmega32u4.o
LOAD .build/obj_fjlabs_polaris_keymap_split/.build/obj_fjlabs_polaris_keymap_split/src/default_keyboard.o
LOAD .build/obj_fjlabs_polaris_keymap_split/quantum/keymap_introspection.o
LOAD .build/obj_fjlabs_polaris_keymap_split/quantum/quantum.o
LOAD .build/obj_fjlabs_polaris_keymap_split/quantum/bitwise.o
LOAD .build/obj_fjlabs_polaris_keymap_split/quantum/led.o
LOAD .build/obj_fjlabs_polaris_keymap_split/quantum/action.o
LOAD .build/obj_fjlabs_polaris_keymap_split/quantum/action_layer.o
LOAD .build/obj_fjlabs_polaris_keymap_split/quantum/action_tapping.o
LOAD .build/obj_fjlabs_polaris_keymap_split/quantum/action_util.o
LOAD .build/obj_fjlabs_polaris_keymap_split/quantum/eeconfig.o
LOAD .build/obj_fjlabs_polaris_keymap_split/quantum/keyboard.o
LOAD .build/obj_fjlabs_polaris_keymap_split/quantum/keymap_common.o
LOAD .build/obj_fjlabs_polaris_keymap_split/quantum/keycode_config.o
LOAD .build/obj_fjlabs_polaris_keymap_split/quantum/sync_timer.o
LOAD .build/obj_fjlabs_polaris_keymap_split/quantum/logging/debug.o
LOAD .build/obj_fjlabs_polaris_keymap_split/quantum/logging/sendchar.o
LOAD .build/obj_fjlabs_polaris_keymap_split/quantum/matrix_common.o
LOAD .build/obj_fjlabs_polaris_keymap_split/quantum/matrix.o
LOAD .build/obj_fjlabs_polaris_keymap_split/quantum/debounce/sym_defer_g.o
LOAD .build/obj_fjlabs_polaris_keymap_split/quantum/main.o
LOAD .build/obj_fjlabs_polaris_keymap_split/platforms/avr/xprintf.o
LOAD .build/obj_fjlabs_polaris_keymap_split/platforms/avr/printf.o
LOAD .build/obj_fjlabs_polaris_keymap_split/quantum/bootmagic/bootmagic.o
LOAD .build/obj_fjlabs_polaris_keymap_split/quantum/command.o
LOAD .build/obj_fjlabs_polaris_keymap_split/quantum/process_keycode/process_grave_esc.o
LOAD .build/obj_fjlabs_polaris_keymap_split/quantum/process_keycode/process_magic.o
LOAD .build/obj_fjlabs_polaris_keymap_split/quantum/mousekey.o
LOAD .build/obj_fjlabs_polaris_keymap_split/quantum/send_string/send_string.o
LOAD .build/obj_fjlabs_polaris_keymap_split/quantum/process_keycode/process_space_cadet.o
LOAD .build/obj_fjlabs_polaris_keymap_split/protocol/host.o
LOAD .build/obj_fjlabs_polaris_keymap_split/protocol/report.o
LOAD .build/obj_fjlabs_polaris_keymap_split/protocol/usb_device_state.o
LOAD .build/obj_fjlabs_polaris_keymap_split/protocol/usb_util.o
LOAD .build/obj_fjlabs_polaris_keymap_split/platforms/suspend.o
LOAD .build/obj_fjlabs_polaris_keymap_split/platforms/synchronization_util.o
LOAD .build/obj_fjlabs_polaris_keymap_split/platforms/timer.o
LOAD .build/obj_fjlabs_polaris_keymap_split/platforms/avr/hardware_id.o
LOAD .build/obj_fjlabs_polaris_keymap_split/platforms/avr/platform.o
LOAD .build/obj_fjlabs_polaris_keymap_split/platforms/avr/suspend.o
LOAD .build/obj_fjlabs_polaris_keymap_split/platforms/avr/timer.o
LOAD .build/obj_fjlabs_polaris_keymap_split/platforms/avr/bootloaders/dfu.o
LOAD .build/obj_fjlabs_polaris_keymap_split/lufa.o
LOAD .build/obj_fjlabs_polaris_keymap_split/usb_descriptor.o
LOAD .build/obj_fjlabs_polaris_keymap_split/lib/lufa/LUFA/Drivers/USB/Class/Common/HIDParser.o
LOAD .build/obj_fjlabs_polaris_keymap_split/lib/lufa/LUFA/Drivers/USB/Core/AVR8/Device_AVR8.o
LOAD .build/obj_fjlabs_polaris_keymap_split/lib/lufa/LUFA/Drivers/USB/Core/AVR8/EndpointStream_AVR8.o
LOAD .build/obj_fjlabs_polaris_keymap_split/lib/lufa/LUFA/Drivers/USB/Core/AVR8/Endpoint_AVR8.o
LOAD .build/obj_fjlabs_polaris_keymap_split/lib/lufa/LUFA/Drivers/USB/Core/AVR8/Host_AVR8.o
LOAD .build/obj_fjlabs_polaris_keymap_split/lib/lufa/LUFA/Drivers/USB/Core/AVR8/PipeStream_AVR8.o
LOAD .build/obj_fjlabs_polaris_keymap_split/lib/lufa/LUFA/Drivers/USB/Core/AVR8/Pipe_AVR8.o
LOAD .build/obj_fjlabs_polaris_keymap_split/lib/lufa/LUFA/Drivers/USB/Core/AVR8/USBController_AVR8.o
LOAD .build/obj_fjlabs_polaris_keymap_split/lib/lufa/LUFA/Drivers/USB/Core/AVR8/USBInterrupt_AVR8.o
LOAD .build/obj_fjlabs_polaris_keymap_split/lib/lufa/LUFA/Drivers/USB/Core/ConfigDescriptors.o
LOAD .build/obj_fjlabs_polaris_keymap_split/lib/lufa/LUFA/Drivers/USB/Core/DeviceStandardReq.o
LOAD .build/obj_fjlabs_polaris_keymap_split/lib/lufa/LUFA/Drivers/USB/Core/Events.o
LOAD .build/obj_fjlabs_polaris_keymap_split/lib/lufa/LUFA/Drivers/USB/Core/HostStandardReq.o
LOAD .build/obj_fjlabs_polaris_keymap_split/lib/lufa/LUFA/Drivers/USB/Core/USBTask.o
LOAD .build/obj_fjlabs_polaris_keymap_split/protocol/lufa/usb_util.o
LOAD c:/qmk_msys/mingw64/bin/../lib/gcc/avr/12.2.0/../../../../avr/lib/avr5\libm.a
START GROUP
LOAD c:/qmk_msys/mingw64/bin/../lib/gcc/avr/12.2.0/avr5\libgcc.a
LOAD c:/qmk_msys/mingw64/bin/../lib/gcc/avr/12.2.0/../../../../avr/lib/avr5\libm.a
LOAD c:/qmk_msys/mingw64/bin/../lib/gcc/avr/12.2.0/../../../../avr/lib/avr5\libc.a
LOAD c:/qmk_msys/mingw64/bin/../lib/gcc/avr/12.2.0/../../../../avr/lib/avr5\libatmega32u4.a
END GROUP
                0x00020000                        __TEXT_REGION_LENGTH__ = DEFINED (__TEXT_REGION_LENGTH__)?__TEXT_REGION_LENGTH__:0x20000
                0x00800060                        __DATA_REGION_ORIGIN__ = DEFINED (__DATA_REGION_ORIGIN__)?__DATA_REGION_ORIGIN__:0x800060
                0x0000ffa0                        __DATA_REGION_LENGTH__ = DEFINED (__DATA_REGION_LENGTH__)?__DATA_REGION_LENGTH__:0xffa0
                0x00010000                        __EEPROM_REGION_LENGTH__ = DEFINED (__EEPROM_REGION_LENGTH__)?__EEPROM_REGION_LENGTH__:0x10000
                [0x00000003]                      __FUSE_REGION_LENGTH__ = DEFINED (__FUSE_REGION_LENGTH__)?__FUSE_REGION_LENGTH__:0x400
                0x00000400                        __LOCK_REGION_LENGTH__ = DEFINED (__LOCK_REGION_LENGTH__)?__LOCK_REGION_LENGTH__:0x400
                0x00000400                        __SIGNATURE_REGION_LENGTH__ = DEFINED (__SIGNATURE_REGION_LENGTH__)?__SIGNATURE_REGION_LENGTH__:0x400
                0x00000400                        __USER_SIGNATURE_REGION_LENGTH__ = DEFINED (__USER_SIGNATURE_REGION_LENGTH__)?__USER_SIGNATURE_REGION_LENGTH__:0x400

.hash
 *(.hash)

.dynsym
 *(.dynsym)

.dynstr
 *(.dynstr)

.gnu.version
 *(.gnu.version)

.gnu.version_d
 *(.gnu.version_d)

.gnu.version_r
 *(.gnu.version_r)

.rel.init
 *(.rel.init)

.rela.init
 *(.rela.init)

.rel.text
 *(.rel.text)
 *(.rel.text.*)
 *(.rel.gnu.linkonce.t*)

.rela.text
 *(.rela.text)
 *(.rela.text.*)
 *(.rela.gnu.linkonce.t*)

.rel.fini
 *(.rel.fini)

.rela.fini
 *(.rela.fini)

.rel.rodata
 *(.rel.rodata)
 *(.rel.rodata.*)
 *(.rel.gnu.linkonce.r*)

.rela.rodata
 *(.rela.rodata)
 *(.rela.rodata.*)
 *(.rela.gnu.linkonce.r*)

.rel.data
 *(.rel.data)
 *(.rel.data.*)
 *(.rel.gnu.linkonce.d*)

.rela.data
 *(.rela.data)
 *(.rela.data.*)
 *(.rela.gnu.linkonce.d*)

.rel.ctors
 *(.rel.ctors)

.rela.ctors
 *(.rela.ctors)

.rel.dtors
 *(.rel.dtors)

.rela.dtors
 *(.rela.dtors)

.rel.got
 *(.rel.got)

.rela.got
 *(.rela.got)

.rel.bss
 *(.rel.bss)

.rela.bss
 *(.rela.bss)

.rel.plt
 *(.rel.plt)

.rela.plt
 *(.rela.plt)

.text           0x00000000     0x4892
 *(.vectors)
 .vectors       0x00000000       0xac c:/qmk_msys/mingw64/bin/../lib/gcc/avr/12.2.0/../../../../avr/lib/avr5/crtatmega32u4.o
                0x00000000                __vector_default
                0x00000000                __vectors
 *(.vectors)
 *(.progmem.gcc*)
                0x000000ac                        . = ALIGN (0x2)
                0x000000ac                        __trampolines_start = .
 *(.trampolines)
 .trampolines   0x000000ac        0x0 linker stubs
 *(.trampolines*)
                0x000000ac                        __trampolines_end = .
 *libprintf_flt.a:*(.progmem.data)
 *libc.a:*(.progmem.data)
 *(.progmem.*)
 .progmem.data.__c.0
                0x000000ac       0x10 .build/obj_fjlabs_polaris_keymap_split/quantum/keymap_introspection.o
 .progmem.data.__c.1
                0x000000bc       0x1e .build/obj_fjlabs_polaris_keymap_split/quantum/keymap_introspection.o
 .progmem.data.__c.2
                0x000000da       0x1a .build/obj_fjlabs_polaris_keymap_split/quantum/keymap_introspection.o
 .progmem.data.__c.3
                0x000000f4       0x1a .build/obj_fjlabs_polaris_keymap_split/quantum/keymap_introspection.o
 .progmem.data.keymaps
                0x0000010e      0x230 .build/obj_fjlabs_polaris_keymap_split/quantum/keymap_introspection.o
                0x0000010e                keymaps
 .progmem.data.ascii_to_keycode_lut
                0x0000033e       0x80 .build/obj_fjlabs_polaris_keymap_split/quantum/send_string/send_string.o
                0x0000033e                ascii_to_keycode_lut
 .progmem.data.ascii_to_dead_lut
                0x000003be       0x10 .build/obj_fjlabs_polaris_keymap_split/quantum/send_string/send_string.o
                0x000003be                ascii_to_dead_lut
 .progmem.data.ascii_to_altgr_lut
                0x000003ce       0x10 .build/obj_fjlabs_polaris_keymap_split/quantum/send_string/send_string.o
                0x000003ce                ascii_to_altgr_lut
 .progmem.data.ascii_to_shift_lut
                0x000003de       0x10 .build/obj_fjlabs_polaris_keymap_split/quantum/send_string/send_string.o
                0x000003de                ascii_to_shift_lut
 .progmem.data.ProductString
                0x000003ee       0x12 .build/obj_fjlabs_polaris_keymap_split/usb_descriptor.o
                0x000003ee                ProductString
 .progmem.data.ManufacturerString
                0x00000400       0x20 .build/obj_fjlabs_polaris_keymap_split/usb_descriptor.o
                0x00000400                ManufacturerString
 .progmem.data.LanguageString
                0x00000420        0x4 .build/obj_fjlabs_polaris_keymap_split/usb_descriptor.o
                0x00000420                LanguageString
 .progmem.data.ConfigurationDescriptor
                0x00000424       0x3b .build/obj_fjlabs_polaris_keymap_split/usb_descriptor.o
                0x00000424                ConfigurationDescriptor
 .progmem.data.DeviceDescriptor
                0x0000045f       0x12 .build/obj_fjlabs_polaris_keymap_split/usb_descriptor.o
                0x0000045f                DeviceDescriptor
 .progmem.data.SharedReport
                0x00000471       0xb6 .build/obj_fjlabs_polaris_keymap_split/usb_descriptor.o
                0x00000471                SharedReport
 .progmem.data.KeyboardReport
                0x00000527       0x44 .build/obj_fjlabs_polaris_keymap_split/usb_descriptor.o
                0x00000527                KeyboardReport
                0x0000056c                        . = ALIGN (0x2)
 *fill*         0x0000056b        0x1 
 *(.lowtext)
 *(.lowtext*)
                0x0000056c                        __ctors_start = .
 *(.ctors)
                0x0000056c                        __ctors_end = .
                0x0000056c                        __dtors_start = .
 *(.dtors)
                0x0000056c                        __dtors_end = .
 SORT_BY_NAME(*)(.ctors)
 SORT_BY_NAME(*)(.dtors)
 *(.init0)
 .init0         0x0000056c        0x0 c:/qmk_msys/mingw64/bin/../lib/gcc/avr/12.2.0/../../../../avr/lib/avr5/crtatmega32u4.o
                0x0000056c                __init
 *(.init0)
 *(.init1)
 *(.init1)
 *(.init2)
 .init2         0x0000056c        0xc c:/qmk_msys/mingw64/bin/../lib/gcc/avr/12.2.0/../../../../avr/lib/avr5/crtatmega32u4.o
 *(.init2)
 *(.init3)
 .init3         0x00000578       0x36 .build/obj_fjlabs_polaris_keymap_split/platforms/avr/bootloaders/dfu.o
                0x00000578                bootloader_jump_after_watchdog_reset
 *(.init3)
 *(.init4)
 .init4         0x000005ae       0x16 c:/qmk_msys/mingw64/bin/../lib/gcc/avr/12.2.0/avr5\libgcc.a(_copy_data.o)
                0x000005ae                __do_copy_data
 .init4         0x000005c4       0x10 c:/qmk_msys/mingw64/bin/../lib/gcc/avr/12.2.0/avr5\libgcc.a(_clear_bss.o)
                0x000005c4                __do_clear_bss
 *(.init4)
 *(.init5)
 *(.init5)
 *(.init6)
 *(.init6)
 *(.init7)
 *(.init7)
 *(.init8)
 *(.init8)
 *(.init9)
 .init9         0x000005d4        0x8 c:/qmk_msys/mingw64/bin/../lib/gcc/avr/12.2.0/../../../../avr/lib/avr5/crtatmega32u4.o
 *(.init9)
 *(.text)
 .text          0x000005dc        0x4 c:/qmk_msys/mingw64/bin/../lib/gcc/avr/12.2.0/../../../../avr/lib/avr5/crtatmega32u4.o
                0x000005dc                __vector_38
                0x000005dc                __vector_22
                0x000005dc                __vector_28
                0x000005dc                __vector_1
                0x000005dc                __vector_32
                0x000005dc                __vector_34
                0x000005dc                __vector_24
                0x000005dc                __bad_interrupt
                0x000005dc                __vector_6
                0x000005dc                __vector_31
                0x000005dc                __vector_35
                0x000005dc                __vector_39
                0x000005dc                __vector_3
                0x000005dc                __vector_23
                0x000005dc                __vector_30
                0x000005dc                __vector_25
                0x000005dc                __vector_13
                0x000005dc                __vector_17
                0x000005dc                __vector_19
                0x000005dc                __vector_7
                0x000005dc                __vector_41
                0x000005dc                __vector_27
                0x000005dc                __vector_5
                0x000005dc                __vector_33
                0x000005dc                __vector_37
                0x000005dc                __vector_4
                0x000005dc                __vector_9
                0x000005dc                __vector_2
                0x000005dc                __vector_15
                0x000005dc                __vector_36
                0x000005dc                __vector_29
                0x000005dc                __vector_40
                0x000005dc                __vector_8
                0x000005dc                __vector_26
                0x000005dc                __vector_14
                0x000005dc                __vector_16
                0x000005dc                __vector_18
                0x000005dc                __vector_20
                0x000005dc                __vector_42
                0x000005e0                        . = ALIGN (0x2)
 *(.text.*)
 .text.process_record_user
                0x000005e0       0x62 .build/obj_fjlabs_polaris_keymap_split/quantum/keymap_introspection.o
                0x000005e0                process_record_user
 .text.keycode_at_keymap_location_raw
                0x00000642       0x38 .build/obj_fjlabs_polaris_keymap_split/quantum/keymap_introspection.o
                0x00000642                keycode_at_keymap_location_raw
 .text.keycode_at_keymap_location
                0x0000067a        0x6 .build/obj_fjlabs_polaris_keymap_split/quantum/keymap_introspection.o
                0x0000067a                keycode_at_keymap_location
 .text.pre_process_record_user
                0x00000680        0x4 .build/obj_fjlabs_polaris_keymap_split/quantum/quantum.o
                0x00000680                pre_process_record_user
 .text.pre_process_record_kb
                0x00000684        0x6 .build/obj_fjlabs_polaris_keymap_split/quantum/quantum.o
                0x00000684                pre_process_record_kb
 .text.process_action_kb
                0x0000068a        0x4 .build/obj_fjlabs_polaris_keymap_split/quantum/quantum.o
                0x0000068a                process_action_kb
 .text.process_record_kb
                0x0000068e        0x6 .build/obj_fjlabs_polaris_keymap_split/quantum/quantum.o
                0x0000068e                process_record_kb
 .text.post_process_record_user
                0x00000694        0x2 .build/obj_fjlabs_polaris_keymap_split/quantum/quantum.o
                0x00000694                post_process_record_user
 .text.post_process_record_kb
                0x00000696        0x6 .build/obj_fjlabs_polaris_keymap_split/quantum/quantum.o
                0x00000696                post_process_record_kb
 .text.get_event_keycode
                0x0000069c       0x5c .build/obj_fjlabs_polaris_keymap_split/quantum/quantum.o
                0x0000069c                get_event_keycode
 .text.get_record_keycode
                0x000006f8       0x16 .build/obj_fjlabs_polaris_keymap_split/quantum/quantum.o
                0x000006f8                get_record_keycode
 .text.pre_process_record_quantum
                0x0000070e       0x1c .build/obj_fjlabs_polaris_keymap_split/quantum/quantum.o
                0x0000070e                pre_process_record_quantum
 .text.post_process_record_quantum
                0x0000072a       0x1c .build/obj_fjlabs_polaris_keymap_split/quantum/quantum.o
                0x0000072a                post_process_record_quantum
 .text.shutdown_user
                0x00000746        0x4 .build/obj_fjlabs_polaris_keymap_split/quantum/quantum.o
                0x00000746                shutdown_user
 .text.shutdown_kb
                0x0000074a        0x6 .build/obj_fjlabs_polaris_keymap_split/quantum/quantum.o
                0x0000074a                shutdown_kb
 .text.shutdown_quantum
                0x00000750       0x24 .build/obj_fjlabs_polaris_keymap_split/quantum/quantum.o
                0x00000750                shutdown_quantum
 .text.reset_keyboard
                0x00000774        0xc .build/obj_fjlabs_polaris_keymap_split/quantum/quantum.o
                0x00000774                reset_keyboard
 .text.soft_reset_keyboard
                0x00000780        0xc .build/obj_fjlabs_polaris_keymap_split/quantum/quantum.o
                0x00000780                soft_reset_keyboard
 .text.process_record_quantum
                0x0000078c       0xaa .build/obj_fjlabs_polaris_keymap_split/quantum/quantum.o
                0x0000078c                process_record_quantum
 .text.suspend_power_down_quantum
                0x00000836        0xa .build/obj_fjlabs_polaris_keymap_split/quantum/quantum.o
                0x00000836                suspend_power_down_quantum
 .text.suspend_wakeup_init_quantum
                0x00000840        0xa .build/obj_fjlabs_polaris_keymap_split/quantum/quantum.o
                0x00000840                suspend_wakeup_init_quantum
 .text.led_set_user
                0x0000084a        0x2 .build/obj_fjlabs_polaris_keymap_split/quantum/led.o
                0x0000084a                led_set_user
 .text.led_update_user
                0x0000084c        0x4 .build/obj_fjlabs_polaris_keymap_split/quantum/led.o
                0x0000084c                led_update_user
 .text.led_update_ports
                0x00000850        0xc .build/obj_fjlabs_polaris_keymap_split/quantum/led.o
                0x00000850                led_update_ports
 .text.led_update_kb
                0x0000085c       0x1e .build/obj_fjlabs_polaris_keymap_split/quantum/led.o
                0x0000085c                led_update_kb
 .text.led_init_ports
                0x0000087a        0x6 .build/obj_fjlabs_polaris_keymap_split/quantum/led.o
                0x0000087a                led_init_ports
 .text.led_set  0x00000880       0x12 .build/obj_fjlabs_polaris_keymap_split/quantum/led.o
                0x00000880                led_set
 .text.led_suspend
                0x00000892        0x8 .build/obj_fjlabs_polaris_keymap_split/quantum/led.o
                0x00000892                led_suspend
 .text.led_wakeup
                0x0000089a        0xa .build/obj_fjlabs_polaris_keymap_split/quantum/led.o
                0x0000089a                led_wakeup
 .text.led_task
                0x000008a4       0x32 .build/obj_fjlabs_polaris_keymap_split/quantum/led.o
                0x000008a4                led_task
 .text.action_exec
                0x000008d6       0x60 .build/obj_fjlabs_polaris_keymap_split/quantum/action.o
                0x000008d6                action_exec
 .text.process_record_tap_hint
                0x00000936       0x12 .build/obj_fjlabs_polaris_keymap_split/quantum/action.o
                0x00000936                process_record_tap_hint
 .text.register_mouse
                0x00000948       0x14 .build/obj_fjlabs_polaris_keymap_split/quantum/action.o
                0x00000948                register_mouse
 .text.register_code
                0x0000095c      0x124 .build/obj_fjlabs_polaris_keymap_split/quantum/action.o
                0x0000095c                register_code
 .text.unregister_code
                0x00000a80       0xb4 .build/obj_fjlabs_polaris_keymap_split/quantum/action.o
                0x00000a80                unregister_code
 .text.tap_code_delay
                0x00000b34       0x30 .build/obj_fjlabs_polaris_keymap_split/quantum/action.o
                0x00000b34                tap_code_delay
 .text.tap_code
                0x00000b64       0x12 .build/obj_fjlabs_polaris_keymap_split/quantum/action.o
                0x00000b64                tap_code
 .text.register_mods
                0x00000b76        0xe .build/obj_fjlabs_polaris_keymap_split/quantum/action.o
                0x00000b76                register_mods
 .text.unregister_mods
                0x00000b84        0xe .build/obj_fjlabs_polaris_keymap_split/quantum/action.o
                0x00000b84                unregister_mods
 .text.process_action
                0x00000b92      0x3fc .build/obj_fjlabs_polaris_keymap_split/quantum/action.o
                0x00000b92                process_action
 .text.process_record_handler
                0x00000f8e       0x30 .build/obj_fjlabs_polaris_keymap_split/quantum/action.o
                0x00000f8e                process_record_handler
 .text.process_record
                0x00000fbe       0x46 .build/obj_fjlabs_polaris_keymap_split/quantum/action.o
                0x00000fbe                process_record
 .text.clear_keyboard_but_mods_and_keys
                0x00001004       0x22 .build/obj_fjlabs_polaris_keymap_split/quantum/action.o
                0x00001004                clear_keyboard_but_mods_and_keys
 .text.clear_keyboard_but_mods
                0x00001026        0xa .build/obj_fjlabs_polaris_keymap_split/quantum/action.o
                0x00001026                clear_keyboard_but_mods
 .text.clear_keyboard
                0x00001030        0xa .build/obj_fjlabs_polaris_keymap_split/quantum/action.o
                0x00001030                clear_keyboard
 .text.is_tap_action
                0x0000103a       0x3a .build/obj_fjlabs_polaris_keymap_split/quantum/action.o
                0x0000103a                is_tap_action
 .text.is_tap_record
                0x00001074       0x1a .build/obj_fjlabs_polaris_keymap_split/quantum/action.o
                0x00001074                is_tap_record
 .text.debug_event
                0x0000108e       0x14 .build/obj_fjlabs_polaris_keymap_split/quantum/action.o
                0x0000108e                debug_event
 .text.debug_record
                0x000010a2       0x14 .build/obj_fjlabs_polaris_keymap_split/quantum/action.o
                0x000010a2                debug_record
 .text.default_layer_state_set_user
                0x000010b6        0x2 .build/obj_fjlabs_polaris_keymap_split/quantum/action_layer.o
                0x000010b6                default_layer_state_set_user
 .text.default_layer_state_set_kb
                0x000010b8        0x6 .build/obj_fjlabs_polaris_keymap_split/quantum/action_layer.o
                0x000010b8                default_layer_state_set_kb
 .text.default_layer_state_set
                0x000010be        0xe .build/obj_fjlabs_polaris_keymap_split/quantum/action_layer.o
 .text.default_layer_debug
                0x000010cc        0x2 .build/obj_fjlabs_polaris_keymap_split/quantum/action_layer.o
                0x000010cc                default_layer_debug
 .text.default_layer_set
                0x000010ce        0x6 .build/obj_fjlabs_polaris_keymap_split/quantum/action_layer.o
                0x000010ce                default_layer_set
 .text.default_layer_or
                0x000010d4       0x12 .build/obj_fjlabs_polaris_keymap_split/quantum/action_layer.o
                0x000010d4                default_layer_or
 .text.default_layer_and
                0x000010e6       0x12 .build/obj_fjlabs_polaris_keymap_split/quantum/action_layer.o
                0x000010e6                default_layer_and
 .text.default_layer_xor
                0x000010f8       0x12 .build/obj_fjlabs_polaris_keymap_split/quantum/action_layer.o
                0x000010f8                default_layer_xor
 .text.layer_state_set_user
                0x0000110a        0x6 .build/obj_fjlabs_polaris_keymap_split/quantum/action_layer.o
                0x0000110a                layer_state_set_user
 .text.layer_state_set_kb
                0x00001110        0x6 .build/obj_fjlabs_polaris_keymap_split/quantum/action_layer.o
                0x00001110                layer_state_set_kb
 .text.layer_state_set
                0x00001116        0xe .build/obj_fjlabs_polaris_keymap_split/quantum/action_layer.o
                0x00001116                layer_state_set
 .text.layer_clear
                0x00001124        0xa .build/obj_fjlabs_polaris_keymap_split/quantum/action_layer.o
                0x00001124                layer_clear
 .text.layer_move
                0x0000112e       0x18 .build/obj_fjlabs_polaris_keymap_split/quantum/action_layer.o
                0x0000112e                layer_move
 .text.layer_on
                0x00001146       0x20 .build/obj_fjlabs_polaris_keymap_split/quantum/action_layer.o
                0x00001146                layer_on
 .text.layer_off
                0x00001166       0x24 .build/obj_fjlabs_polaris_keymap_split/quantum/action_layer.o
                0x00001166                layer_off
 .text.layer_invert
                0x0000118a       0x20 .build/obj_fjlabs_polaris_keymap_split/quantum/action_layer.o
                0x0000118a                layer_invert
 .text.layer_or
                0x000011aa       0x12 .build/obj_fjlabs_polaris_keymap_split/quantum/action_layer.o
                0x000011aa                layer_or
 .text.layer_and
                0x000011bc       0x12 .build/obj_fjlabs_polaris_keymap_split/quantum/action_layer.o
                0x000011bc                layer_and
 .text.layer_xor
                0x000011ce       0x12 .build/obj_fjlabs_polaris_keymap_split/quantum/action_layer.o
                0x000011ce                layer_xor
 .text.layer_debug
                0x000011e0        0x2 .build/obj_fjlabs_polaris_keymap_split/quantum/action_layer.o
                0x000011e0                layer_debug
 .text.update_source_layers_cache_impl
                0x000011e2       0x5a .build/obj_fjlabs_polaris_keymap_split/quantum/action_layer.o
                0x000011e2                update_source_layers_cache_impl
 .text.read_source_layers_cache_impl
                0x0000123c       0x50 .build/obj_fjlabs_polaris_keymap_split/quantum/action_layer.o
                0x0000123c                read_source_layers_cache_impl
 .text.update_source_layers_cache
                0x0000128c       0x24 .build/obj_fjlabs_polaris_keymap_split/quantum/action_layer.o
                0x0000128c                update_source_layers_cache
 .text.read_source_layers_cache
                0x000012b0       0x24 .build/obj_fjlabs_polaris_keymap_split/quantum/action_layer.o
                0x000012b0                read_source_layers_cache
 .text.layer_switch_get_layer
                0x000012d4       0x64 .build/obj_fjlabs_polaris_keymap_split/quantum/action_layer.o
                0x000012d4                layer_switch_get_layer
 .text.layer_switch_get_action
                0x00001338       0x1a .build/obj_fjlabs_polaris_keymap_split/quantum/action_layer.o
                0x00001338                layer_switch_get_action
 .text.store_or_get_action
                0x00001352       0x52 .build/obj_fjlabs_polaris_keymap_split/quantum/action_layer.o
                0x00001352                store_or_get_action
 .text.debug_waiting_buffer
                0x000013a4       0x44 .build/obj_fjlabs_polaris_keymap_split/quantum/action_tapping.o
 .text.debug_tapping_key
                0x000013e8       0x22 .build/obj_fjlabs_polaris_keymap_split/quantum/action_tapping.o
 .text.waiting_buffer_scan_tap
                0x0000140a       0xa2 .build/obj_fjlabs_polaris_keymap_split/quantum/action_tapping.o
 .text.waiting_buffer_typed.isra.0
                0x000014ac       0x3e .build/obj_fjlabs_polaris_keymap_split/quantum/action_tapping.o
 .text.process_tapping
                0x000014ea      0x2f4 .build/obj_fjlabs_polaris_keymap_split/quantum/action_tapping.o
 .text.action_tapping_process
                0x000017de      0x10c .build/obj_fjlabs_polaris_keymap_split/quantum/action_tapping.o
                0x000017de                action_tapping_process
 .text.get_oneshot_layer
                0x000018ea        0xc .build/obj_fjlabs_polaris_keymap_split/quantum/action_util.o
                0x000018ea                get_oneshot_layer
 .text.get_oneshot_layer_state
                0x000018f6        0x8 .build/obj_fjlabs_polaris_keymap_split/quantum/action_util.o
                0x000018f6                get_oneshot_layer_state
 .text.is_oneshot_layer_active
                0x000018fe       0x10 .build/obj_fjlabs_polaris_keymap_split/quantum/action_util.o
                0x000018fe                is_oneshot_layer_active
 .text.get_mods
                0x0000190e        0x6 .build/obj_fjlabs_polaris_keymap_split/quantum/action_util.o
                0x0000190e                get_mods
 .text.add_mods
                0x00001914        0xc .build/obj_fjlabs_polaris_keymap_split/quantum/action_util.o
                0x00001914                add_mods
 .text.del_mods
                0x00001920       0x10 .build/obj_fjlabs_polaris_keymap_split/quantum/action_util.o
                0x00001920                del_mods
 .text.clear_mods
                0x00001930        0x6 .build/obj_fjlabs_polaris_keymap_split/quantum/action_util.o
                0x00001930                clear_mods
 .text.add_weak_mods
                0x00001936        0xc .build/obj_fjlabs_polaris_keymap_split/quantum/action_util.o
                0x00001936                add_weak_mods
 .text.del_weak_mods
                0x00001942       0x10 .build/obj_fjlabs_polaris_keymap_split/quantum/action_util.o
                0x00001942                del_weak_mods
 .text.clear_weak_mods
                0x00001952        0x6 .build/obj_fjlabs_polaris_keymap_split/quantum/action_util.o
                0x00001952                clear_weak_mods
 .text.oneshot_locked_mods_changed_user
                0x00001958        0x2 .build/obj_fjlabs_polaris_keymap_split/quantum/action_util.o
                0x00001958                oneshot_locked_mods_changed_user
 .text.oneshot_locked_mods_changed_kb
                0x0000195a        0x6 .build/obj_fjlabs_polaris_keymap_split/quantum/action_util.o
                0x0000195a                oneshot_locked_mods_changed_kb
 .text.del_oneshot_locked_mods
                0x00001960       0x1a .build/obj_fjlabs_polaris_keymap_split/quantum/action_util.o
                0x00001960                del_oneshot_locked_mods
 .text.oneshot_mods_changed_user
                0x0000197a        0x2 .build/obj_fjlabs_polaris_keymap_split/quantum/action_util.o
                0x0000197a                oneshot_mods_changed_user
 .text.oneshot_mods_changed_kb
                0x0000197c        0x6 .build/obj_fjlabs_polaris_keymap_split/quantum/action_util.o
                0x0000197c                oneshot_mods_changed_kb
 .text.add_oneshot_mods
                0x00001982       0x18 .build/obj_fjlabs_polaris_keymap_split/quantum/action_util.o
                0x00001982                add_oneshot_mods
 .text.del_oneshot_mods
                0x0000199a       0x1a .build/obj_fjlabs_polaris_keymap_split/quantum/action_util.o
                0x0000199a                del_oneshot_mods
 .text.clear_oneshot_mods
                0x000019b4       0x14 .build/obj_fjlabs_polaris_keymap_split/quantum/action_util.o
                0x000019b4                clear_oneshot_mods
 .text.get_mods_for_report
                0x000019c8       0x2a .build/obj_fjlabs_polaris_keymap_split/quantum/action_util.o
 .text.send_6kro_report
                0x000019f2       0x48 .build/obj_fjlabs_polaris_keymap_split/quantum/action_util.o
                0x000019f2                send_6kro_report
 .text.send_nkro_report
                0x00001a3a       0x48 .build/obj_fjlabs_polaris_keymap_split/quantum/action_util.o
                0x00001a3a                send_nkro_report
 .text.send_keyboard_report
                0x00001a82       0x1c .build/obj_fjlabs_polaris_keymap_split/quantum/action_util.o
                0x00001a82                send_keyboard_report
 .text.oneshot_layer_changed_user
                0x00001a9e        0x2 .build/obj_fjlabs_polaris_keymap_split/quantum/action_util.o
                0x00001a9e                oneshot_layer_changed_user
 .text.oneshot_layer_changed_kb
                0x00001aa0        0x6 .build/obj_fjlabs_polaris_keymap_split/quantum/action_util.o
                0x00001aa0                oneshot_layer_changed_kb
 .text.set_oneshot_layer
                0x00001aa6       0x30 .build/obj_fjlabs_polaris_keymap_split/quantum/action_util.o
                0x00001aa6                set_oneshot_layer
 .text.reset_oneshot_layer
                0x00001ad6        0xc .build/obj_fjlabs_polaris_keymap_split/quantum/action_util.o
                0x00001ad6                reset_oneshot_layer
 .text.clear_oneshot_layer_state
                0x00001ae2       0x30 .build/obj_fjlabs_polaris_keymap_split/quantum/action_util.o
                0x00001ae2                clear_oneshot_layer_state
 .text.oneshot_set
                0x00001b12       0x2a .build/obj_fjlabs_polaris_keymap_split/quantum/action_util.o
                0x00001b12                oneshot_set
 .text.oneshot_toggle
                0x00001b3c       0x14 .build/obj_fjlabs_polaris_keymap_split/quantum/action_util.o
                0x00001b3c                oneshot_toggle
 .text.oneshot_enable
                0x00001b50        0x8 .build/obj_fjlabs_polaris_keymap_split/quantum/action_util.o
                0x00001b50                oneshot_enable
 .text.oneshot_disable
                0x00001b58        0x8 .build/obj_fjlabs_polaris_keymap_split/quantum/action_util.o
                0x00001b58                oneshot_disable
 .text.eeconfig_disable
                0x00001b60        0xe .build/obj_fjlabs_polaris_keymap_split/quantum/eeconfig.o
                0x00001b60                eeconfig_disable
 .text.eeconfig_is_enabled
                0x00001b6e       0x16 .build/obj_fjlabs_polaris_keymap_split/quantum/eeconfig.o
                0x00001b6e                eeconfig_is_enabled
 .text.eeconfig_read_debug
                0x00001b84        0xa .build/obj_fjlabs_polaris_keymap_split/quantum/eeconfig.o
                0x00001b84                eeconfig_read_debug
 .text.eeconfig_read_default_layer
                0x00001b8e        0xa .build/obj_fjlabs_polaris_keymap_split/quantum/eeconfig.o
                0x00001b8e                eeconfig_read_default_layer
 .text.eeconfig_read_keymap
                0x00001b98        0xa .build/obj_fjlabs_polaris_keymap_split/quantum/eeconfig.o
                0x00001b98                eeconfig_read_keymap
 .text.eeconfig_update_keymap
                0x00001ba2        0xc .build/obj_fjlabs_polaris_keymap_split/quantum/eeconfig.o
                0x00001ba2                eeconfig_update_keymap
 .text.eeconfig_update_kb
                0x00001bae        0xe .build/obj_fjlabs_polaris_keymap_split/quantum/eeconfig.o
                0x00001bae                eeconfig_update_kb
 .text.eeconfig_update_user
                0x00001bbc        0xe .build/obj_fjlabs_polaris_keymap_split/quantum/eeconfig.o
                0x00001bbc                eeconfig_update_user
 .text.eeconfig_init_user
                0x00001bca        0xc .build/obj_fjlabs_polaris_keymap_split/quantum/eeconfig.o
                0x00001bca                eeconfig_init_user
 .text.eeconfig_init_kb
                0x00001bd6       0x10 .build/obj_fjlabs_polaris_keymap_split/quantum/eeconfig.o
                0x00001bd6                eeconfig_init_kb
 .text.eeconfig_init_quantum
                0x00001be6       0xbe .build/obj_fjlabs_polaris_keymap_split/quantum/eeconfig.o
                0x00001be6                eeconfig_init_quantum
 .text.eeconfig_init
                0x00001ca4        0x6 .build/obj_fjlabs_polaris_keymap_split/quantum/eeconfig.o
                0x00001ca4                eeconfig_init
 .text.eeconfig_update_handedness
                0x00001caa        0xc .build/obj_fjlabs_polaris_keymap_split/quantum/eeconfig.o
                0x00001caa                eeconfig_update_handedness
 .text.generate_tick_event
                0x00001cb6       0x46 .build/obj_fjlabs_polaris_keymap_split/quantum/keyboard.o
 .text.last_matrix_activity_trigger
                0x00001cfc       0x26 .build/obj_fjlabs_polaris_keymap_split/quantum/keyboard.o
                0x00001cfc                last_matrix_activity_trigger
 .text.keyboard_pre_init_user
                0x00001d22        0x2 .build/obj_fjlabs_polaris_keymap_split/quantum/keyboard.o
                0x00001d22                keyboard_pre_init_user
 .text.matrix_setup
                0x00001d24        0x2 .build/obj_fjlabs_polaris_keymap_split/quantum/keyboard.o
                0x00001d24                matrix_setup
 .text.keyboard_pre_init_kb
                0x00001d26        0x6 .build/obj_fjlabs_polaris_keymap_split/quantum/keyboard.o
                0x00001d26                keyboard_pre_init_kb
 .text.keyboard_post_init_user
                0x00001d2c        0x2 .build/obj_fjlabs_polaris_keymap_split/quantum/keyboard.o
                0x00001d2c                keyboard_post_init_user
 .text.keyboard_post_init_kb
                0x00001d2e        0x6 .build/obj_fjlabs_polaris_keymap_split/quantum/keyboard.o
                0x00001d2e                keyboard_post_init_kb
 .text.keyboard_setup
                0x00001d34       0x12 .build/obj_fjlabs_polaris_keymap_split/quantum/keyboard.o
                0x00001d34                keyboard_setup
 .text.is_keyboard_master
                0x00001d46        0x4 .build/obj_fjlabs_polaris_keymap_split/quantum/keyboard.o
                0x00001d46                is_keyboard_master
 .text.matrix_can_read
                0x00001d4a        0x6 .build/obj_fjlabs_polaris_keymap_split/quantum/keyboard.o
                0x00001d4a                matrix_can_read
 .text.should_process_keypress
                0x00001d50        0x6 .build/obj_fjlabs_polaris_keymap_split/quantum/keyboard.o
                0x00001d50                should_process_keypress
 .text.housekeeping_task_kb
                0x00001d56        0x2 .build/obj_fjlabs_polaris_keymap_split/quantum/keyboard.o
                0x00001d56                housekeeping_task_kb
 .text.housekeeping_task_user
                0x00001d58        0x2 .build/obj_fjlabs_polaris_keymap_split/quantum/keyboard.o
                0x00001d58                housekeeping_task_user
 .text.housekeeping_task
                0x00001d5a        0xa .build/obj_fjlabs_polaris_keymap_split/quantum/keyboard.o
                0x00001d5a                housekeeping_task
 .text.quantum_init
                0x00001d64       0x3c .build/obj_fjlabs_polaris_keymap_split/quantum/keyboard.o
                0x00001d64                quantum_init
 .text.keyboard_init
                0x00001da0       0x16 .build/obj_fjlabs_polaris_keymap_split/quantum/keyboard.o
                0x00001da0                keyboard_init
 .text.keyboard_task
                0x00001db6       0xf2 .build/obj_fjlabs_polaris_keymap_split/quantum/keyboard.o
                0x00001db6                keyboard_task
 .text.action_for_keycode
                0x00001ea8      0x232 .build/obj_fjlabs_polaris_keymap_split/quantum/keymap_common.o
                0x00001ea8                action_for_keycode
 .text.keymap_key_to_keycode
                0x000020da       0x18 .build/obj_fjlabs_polaris_keymap_split/quantum/keymap_common.o
                0x000020da                keymap_key_to_keycode
 .text.action_for_key
                0x000020f2        0xa .build/obj_fjlabs_polaris_keymap_split/quantum/keymap_common.o
                0x000020f2                action_for_key
 .text.keycode_config
                0x000020fc      0x148 .build/obj_fjlabs_polaris_keymap_split/quantum/keycode_config.o
                0x000020fc                keycode_config
 .text.mod_config
                0x00002244       0x9e .build/obj_fjlabs_polaris_keymap_split/quantum/keycode_config.o
                0x00002244                mod_config
 .text.sendchar
                0x000022e2        0x4 .build/obj_fjlabs_polaris_keymap_split/quantum/logging/sendchar.o
                0x000022e2                sendchar
 .text.matrix_init_user
                0x000022e6        0x2 .build/obj_fjlabs_polaris_keymap_split/quantum/matrix_common.o
                0x000022e6                matrix_init_user
 .text.matrix_init_kb
                0x000022e8        0x6 .build/obj_fjlabs_polaris_keymap_split/quantum/matrix_common.o
                0x000022e8                matrix_init_kb
 .text.matrix_scan_user
                0x000022ee        0x2 .build/obj_fjlabs_polaris_keymap_split/quantum/matrix_common.o
                0x000022ee                matrix_scan_user
 .text.matrix_scan_kb
                0x000022f0        0x6 .build/obj_fjlabs_polaris_keymap_split/quantum/matrix_common.o
                0x000022f0                matrix_scan_kb
 .text.matrix_get_row
                0x000022f6       0x12 .build/obj_fjlabs_polaris_keymap_split/quantum/matrix_common.o
                0x000022f6                matrix_get_row
 .text.matrix_print
                0x00002308        0x2 .build/obj_fjlabs_polaris_keymap_split/quantum/matrix_common.o
                0x00002308                matrix_print
 .text.matrix_io_delay
                0x0000230a        0x8 .build/obj_fjlabs_polaris_keymap_split/quantum/matrix_common.o
                0x0000230a                matrix_io_delay
 .text.matrix_output_select_delay
                0x00002312        0x4 .build/obj_fjlabs_polaris_keymap_split/quantum/matrix_common.o
                0x00002312                matrix_output_select_delay
 .text.matrix_output_unselect_delay
                0x00002316        0x6 .build/obj_fjlabs_polaris_keymap_split/quantum/matrix_common.o
                0x00002316                matrix_output_unselect_delay
 .text.setPinInputHigh_atomic
                0x0000231c       0x32 .build/obj_fjlabs_polaris_keymap_split/quantum/matrix.o
 .text.matrix_init_pins
                0x0000234e       0x40 .build/obj_fjlabs_polaris_keymap_split/quantum/matrix.o
                0x0000234e                matrix_init_pins
 .text.matrix_read_cols_on_row
                0x0000238e       0xce .build/obj_fjlabs_polaris_keymap_split/quantum/matrix.o
                0x0000238e                matrix_read_cols_on_row
 .text.matrix_init
                0x0000245c       0x2c .build/obj_fjlabs_polaris_keymap_split/quantum/matrix.o
                0x0000245c                matrix_init
 .text.matrix_scan
                0x00002488       0x7a .build/obj_fjlabs_polaris_keymap_split/quantum/matrix.o
                0x00002488                matrix_scan
 .text.debounce_init
                0x00002502        0x2 .build/obj_fjlabs_polaris_keymap_split/quantum/debounce/sym_defer_g.o
                0x00002502                debounce_init
 .text.debounce
                0x00002504       0x82 .build/obj_fjlabs_polaris_keymap_split/quantum/debounce/sym_defer_g.o
                0x00002504                debounce
 .text.protocol_keyboard_task
                0x00002586        0x6 .build/obj_fjlabs_polaris_keymap_split/quantum/main.o
                0x00002586                protocol_keyboard_task
 .text.startup.main
                0x0000258c       0x2a .build/obj_fjlabs_polaris_keymap_split/quantum/main.o
                0x0000258c                main
 .text.print_set_sendchar
                0x000025b6        0xa .build/obj_fjlabs_polaris_keymap_split/platforms/avr/printf.o
                0x000025b6                print_set_sendchar
 .text.bootmagic_reset_eeprom
                0x000025c0        0x6 .build/obj_fjlabs_polaris_keymap_split/quantum/bootmagic/bootmagic.o
                0x000025c0                bootmagic_reset_eeprom
 .text.bootmagic_should_reset
                0x000025c6        0xa .build/obj_fjlabs_polaris_keymap_split/quantum/bootmagic/bootmagic.o
                0x000025c6                bootmagic_should_reset
 .text.bootmagic_scan
                0x000025d0       0x26 .build/obj_fjlabs_polaris_keymap_split/quantum/bootmagic/bootmagic.o
                0x000025d0                bootmagic_scan
 .text.bootmagic
                0x000025f6        0x6 .build/obj_fjlabs_polaris_keymap_split/quantum/bootmagic/bootmagic.o
                0x000025f6                bootmagic
 .text.command_common
                0x000025fc       0xda .build/obj_fjlabs_polaris_keymap_split/quantum/command.o
 .text.command_extra
                0x000026d6        0x4 .build/obj_fjlabs_polaris_keymap_split/quantum/command.o
                0x000026d6                command_extra
 .text.command_console_extra
                0x000026da        0x6 .build/obj_fjlabs_polaris_keymap_split/quantum/command.o
                0x000026da                command_console_extra
 .text.command_proc
                0x000026e0      0x190 .build/obj_fjlabs_polaris_keymap_split/quantum/command.o
                0x000026e0                command_proc
 .text.process_grave_esc
                0x00002870       0x56 .build/obj_fjlabs_polaris_keymap_split/quantum/process_keycode/process_grave_esc.o
                0x00002870                process_grave_esc
 .text.process_magic
                0x000028c6      0x1b8 .build/obj_fjlabs_polaris_keymap_split/quantum/process_keycode/process_magic.o
                0x000028c6                process_magic
 .text.times_inv_sqrt2
                0x00002a7e       0x1c .build/obj_fjlabs_polaris_keymap_split/quantum/mousekey.o
 .text.move_unit
                0x00002a9a       0x90 .build/obj_fjlabs_polaris_keymap_split/quantum/mousekey.o
 .text.wheel_unit
                0x00002b2a       0x78 .build/obj_fjlabs_polaris_keymap_split/quantum/mousekey.o
 .text.mousekey_on
                0x00002ba2       0xbc .build/obj_fjlabs_polaris_keymap_split/quantum/mousekey.o
                0x00002ba2                mousekey_on
 .text.mousekey_off
                0x00002c5e       0xf0 .build/obj_fjlabs_polaris_keymap_split/quantum/mousekey.o
                0x00002c5e                mousekey_off
 .text.mousekey_send
                0x00002d4e       0x3a .build/obj_fjlabs_polaris_keymap_split/quantum/mousekey.o
                0x00002d4e                mousekey_send
 .text.mousekey_clear
                0x00002d88       0x1c .build/obj_fjlabs_polaris_keymap_split/quantum/mousekey.o
                0x00002d88                mousekey_clear
 .text.should_mousekey_report_send
                0x00002da4       0x26 .build/obj_fjlabs_polaris_keymap_split/quantum/mousekey.o
                0x00002da4                should_mousekey_report_send
 .text.mousekey_task
                0x00002dca      0x1e0 .build/obj_fjlabs_polaris_keymap_split/quantum/mousekey.o
                0x00002dca                mousekey_task
 .text.send_char_with_delay
                0x00002faa      0x148 .build/obj_fjlabs_polaris_keymap_split/quantum/send_string/send_string.o
                0x00002faa                send_char_with_delay
 .text.send_string_with_delay_P
                0x000030f2       0xc2 .build/obj_fjlabs_polaris_keymap_split/quantum/send_string/send_string.o
                0x000030f2                send_string_with_delay_P
 .text.perform_space_cadet
                0x000031b4       0xde .build/obj_fjlabs_polaris_keymap_split/quantum/process_keycode/process_space_cadet.o
                0x000031b4                perform_space_cadet
 .text.process_space_cadet
                0x00003292       0x82 .build/obj_fjlabs_polaris_keymap_split/quantum/process_keycode/process_space_cadet.o
                0x00003292                process_space_cadet
 .text.host_set_driver
                0x00003314        0xa .build/obj_fjlabs_polaris_keymap_split/protocol/host.o
                0x00003314                host_set_driver
 .text.host_keyboard_leds
                0x0000331e       0x1a .build/obj_fjlabs_polaris_keymap_split/protocol/host.o
                0x0000331e                host_keyboard_leds
 .text.host_keyboard_led_state
                0x00003338        0x6 .build/obj_fjlabs_polaris_keymap_split/protocol/host.o
                0x00003338                host_keyboard_led_state
 .text.host_keyboard_send
                0x0000333e       0x16 .build/obj_fjlabs_polaris_keymap_split/protocol/host.o
                0x0000333e                host_keyboard_send
 .text.host_nkro_send
                0x00003354       0x1e .build/obj_fjlabs_polaris_keymap_split/protocol/host.o
                0x00003354                host_nkro_send
 .text.host_mouse_send
                0x00003372       0x1e .build/obj_fjlabs_polaris_keymap_split/protocol/host.o
                0x00003372                host_mouse_send
 .text.host_system_send
                0x00003390       0x4c .build/obj_fjlabs_polaris_keymap_split/protocol/host.o
                0x00003390                host_system_send
 .text.host_consumer_send
                0x000033dc       0x4c .build/obj_fjlabs_polaris_keymap_split/protocol/host.o
                0x000033dc                host_consumer_send
 .text.has_anykey
                0x00003428       0x42 .build/obj_fjlabs_polaris_keymap_split/protocol/report.o
                0x00003428                has_anykey
 .text.is_key_pressed
                0x0000346a       0x72 .build/obj_fjlabs_polaris_keymap_split/protocol/report.o
                0x0000346a                is_key_pressed
 .text.add_key_byte
                0x000034dc       0x34 .build/obj_fjlabs_polaris_keymap_split/protocol/report.o
                0x000034dc                add_key_byte
 .text.del_key_byte
                0x00003510       0x1e .build/obj_fjlabs_polaris_keymap_split/protocol/report.o
                0x00003510                del_key_byte
 .text.add_key_bit
                0x0000352e       0x28 .build/obj_fjlabs_polaris_keymap_split/protocol/report.o
                0x0000352e                add_key_bit
 .text.del_key_bit
                0x00003556       0x30 .build/obj_fjlabs_polaris_keymap_split/protocol/report.o
                0x00003556                del_key_bit
 .text.add_key_to_report
                0x00003586       0x2e .build/obj_fjlabs_polaris_keymap_split/protocol/report.o
                0x00003586                add_key_to_report
 .text.del_key_from_report
                0x000035b4       0x2e .build/obj_fjlabs_polaris_keymap_split/protocol/report.o
                0x000035b4                del_key_from_report
 .text.clear_keys_from_report
                0x000035e2       0x34 .build/obj_fjlabs_polaris_keymap_split/protocol/report.o
                0x000035e2                clear_keys_from_report
 .text.has_mouse_report_changed
                0x00003616       0x5a .build/obj_fjlabs_polaris_keymap_split/protocol/report.o
                0x00003616                has_mouse_report_changed
 .text.notify_usb_device_state_change_user
                0x00003670        0x2 .build/obj_fjlabs_polaris_keymap_split/protocol/usb_device_state.o
                0x00003670                notify_usb_device_state_change_user
 .text.notify_usb_device_state_change_kb
                0x00003672        0x6 .build/obj_fjlabs_polaris_keymap_split/protocol/usb_device_state.o
                0x00003672                notify_usb_device_state_change_kb
 .text.usb_device_state_set_configuration
                0x00003678        0xc .build/obj_fjlabs_polaris_keymap_split/protocol/usb_device_state.o
                0x00003678                usb_device_state_set_configuration
 .text.usb_device_state_set_suspend
                0x00003684        0xc .build/obj_fjlabs_polaris_keymap_split/protocol/usb_device_state.o
                0x00003684                usb_device_state_set_suspend
 .text.usb_device_state_set_resume
                0x00003690        0x6 .build/obj_fjlabs_polaris_keymap_split/protocol/usb_device_state.o
                0x00003690                usb_device_state_set_resume
 .text.usb_device_state_set_reset
                0x00003696        0xc .build/obj_fjlabs_polaris_keymap_split/protocol/usb_device_state.o
                0x00003696                usb_device_state_set_reset
 .text.usb_device_state_init
                0x000036a2        0x6 .build/obj_fjlabs_polaris_keymap_split/protocol/usb_device_state.o
                0x000036a2                usb_device_state_init
 .text.suspend_wakeup_init_user
                0x000036a8        0x2 .build/obj_fjlabs_polaris_keymap_split/platforms/suspend.o
                0x000036a8                suspend_wakeup_init_user
 .text.suspend_power_down_user
                0x000036aa        0x2 .build/obj_fjlabs_polaris_keymap_split/platforms/suspend.o
                0x000036aa                suspend_power_down_user
 .text.suspend_power_down_kb
                0x000036ac        0x6 .build/obj_fjlabs_polaris_keymap_split/platforms/suspend.o
                0x000036ac                suspend_power_down_kb
 .text.matrix_power_up
                0x000036b2        0x2 .build/obj_fjlabs_polaris_keymap_split/platforms/suspend.o
                0x000036b2                matrix_power_up
 .text.matrix_power_down
                0x000036b4        0x2 .build/obj_fjlabs_polaris_keymap_split/platforms/suspend.o
                0x000036b4                matrix_power_down
 .text.suspend_wakeup_init_kb
                0x000036b6        0x6 .build/obj_fjlabs_polaris_keymap_split/platforms/suspend.o
                0x000036b6                suspend_wakeup_init_kb
 .text.suspend_wakeup_condition
                0x000036bc       0x2a .build/obj_fjlabs_polaris_keymap_split/platforms/suspend.o
                0x000036bc                suspend_wakeup_condition
 .text.platform_setup
                0x000036e6        0xe .build/obj_fjlabs_polaris_keymap_split/platforms/avr/platform.o
                0x000036e6                platform_setup
 .text.__vector_12
                0x000036f4       0x4e .build/obj_fjlabs_polaris_keymap_split/platforms/avr/suspend.o
                0x000036f4                __vector_12
 .text.suspend_power_down
                0x00003742       0x56 .build/obj_fjlabs_polaris_keymap_split/platforms/avr/suspend.o
                0x00003742                suspend_power_down
 .text.suspend_wakeup_init
                0x00003798        0xa .build/obj_fjlabs_polaris_keymap_split/platforms/avr/suspend.o
                0x00003798                suspend_wakeup_init
 .text.timer_init
                0x000037a2       0x12 .build/obj_fjlabs_polaris_keymap_split/platforms/avr/timer.o
                0x000037a2                timer_init
 .text.timer_read
                0x000037b4       0x18 .build/obj_fjlabs_polaris_keymap_split/platforms/avr/timer.o
                0x000037b4                timer_read
 .text.timer_read32
                0x000037cc       0x3a .build/obj_fjlabs_polaris_keymap_split/platforms/avr/timer.o
                0x000037cc                timer_read32
 .text.timer_elapsed
                0x00003806       0x1e .build/obj_fjlabs_polaris_keymap_split/platforms/avr/timer.o
                0x00003806                timer_elapsed
 .text.__vector_21
                0x00003824       0x48 .build/obj_fjlabs_polaris_keymap_split/platforms/avr/timer.o
                0x00003824                __vector_21
 .text.bootloader_jump
                0x0000386c       0x48 .build/obj_fjlabs_polaris_keymap_split/platforms/avr/bootloaders/dfu.o
                0x0000386c                bootloader_jump
 .text.mcu_reset
                0x000038b4       0x16 .build/obj_fjlabs_polaris_keymap_split/platforms/avr/bootloaders/dfu.o
                0x000038b4                mcu_reset
 .text.keyboard_leds
                0x000038ca        0x6 .build/obj_fjlabs_polaris_keymap_split/lufa.o
 .text.send_report
                0x000038d0       0x48 .build/obj_fjlabs_polaris_keymap_split/lufa.o
                0x000038d0                send_report
 .text.send_extra
                0x00003918        0xe .build/obj_fjlabs_polaris_keymap_split/lufa.o
 .text.send_mouse
                0x00003926        0xe .build/obj_fjlabs_polaris_keymap_split/lufa.o
 .text.send_nkro
                0x00003934        0xe .build/obj_fjlabs_polaris_keymap_split/lufa.o
 .text.send_keyboard
                0x00003942       0x2e .build/obj_fjlabs_polaris_keymap_split/lufa.o
 .text.EVENT_USB_Device_Connect
                0x00003970       0x1c .build/obj_fjlabs_polaris_keymap_split/lufa.o
                0x00003970                EVENT_USB_Device_Connect
 .text.EVENT_USB_Device_Disconnect
                0x0000398c        0x6 .build/obj_fjlabs_polaris_keymap_split/lufa.o
                0x0000398c                EVENT_USB_Device_Disconnect
 .text.EVENT_USB_Device_Reset
                0x00003992        0x6 .build/obj_fjlabs_polaris_keymap_split/lufa.o
                0x00003992                EVENT_USB_Device_Reset
 .text.EVENT_USB_Device_Suspend
                0x00003998       0x12 .build/obj_fjlabs_polaris_keymap_split/lufa.o
                0x00003998                EVENT_USB_Device_Suspend
 .text.EVENT_USB_Device_WakeUp
                0x000039aa       0x16 .build/obj_fjlabs_polaris_keymap_split/lufa.o
                0x000039aa                EVENT_USB_Device_WakeUp
 .text.EVENT_USB_Device_ConfigurationChanged
                0x000039c0       0x2a .build/obj_fjlabs_polaris_keymap_split/lufa.o
                0x000039c0                EVENT_USB_Device_ConfigurationChanged
 .text.EVENT_USB_Device_ControlRequest
                0x000039ea      0x172 .build/obj_fjlabs_polaris_keymap_split/lufa.o
                0x000039ea                EVENT_USB_Device_ControlRequest
 .text.protocol_setup
                0x00003b5c       0x34 .build/obj_fjlabs_polaris_keymap_split/lufa.o
                0x00003b5c                protocol_setup
 .text.protocol_pre_init
                0x00003b90       0x1a .build/obj_fjlabs_polaris_keymap_split/lufa.o
                0x00003b90                protocol_pre_init
 .text.protocol_post_init
                0x00003baa        0xa .build/obj_fjlabs_polaris_keymap_split/lufa.o
                0x00003baa                protocol_post_init
 .text.protocol_pre_task
                0x00003bb4       0x34 .build/obj_fjlabs_polaris_keymap_split/lufa.o
                0x00003bb4                protocol_pre_task
 .text.protocol_post_task
                0x00003be8        0x2 .build/obj_fjlabs_polaris_keymap_split/lufa.o
                0x00003be8                protocol_post_task
 .text.CALLBACK_USB_GetDescriptor
                0x00003bea       0x10 .build/obj_fjlabs_polaris_keymap_split/lufa.o
                0x00003bea                CALLBACK_USB_GetDescriptor
 .text.get_usb_descriptor
                0x00003bfa       0xb2 .build/obj_fjlabs_polaris_keymap_split/usb_descriptor.o
                0x00003bfa                get_usb_descriptor
 .text.USB_Device_SendRemoteWakeup
                0x00003cac       0x2a .build/obj_fjlabs_polaris_keymap_split/lib/lufa/LUFA/Drivers/USB/Core/AVR8/Device_AVR8.o
                0x00003cac                USB_Device_SendRemoteWakeup
 .text.Endpoint_Write_Stream_LE
                0x00003cd6       0x9e .build/obj_fjlabs_polaris_keymap_split/lib/lufa/LUFA/Drivers/USB/Core/AVR8/EndpointStream_AVR8.o
                0x00003cd6                Endpoint_Write_Stream_LE
 .text.Endpoint_Write_Control_Stream_LE
                0x00003d74       0xb4 .build/obj_fjlabs_polaris_keymap_split/lib/lufa/LUFA/Drivers/USB/Core/AVR8/EndpointStream_AVR8.o
                0x00003d74                Endpoint_Write_Control_Stream_LE
 .text.Endpoint_Write_Control_PStream_LE
                0x00003e28       0xb6 .build/obj_fjlabs_polaris_keymap_split/lib/lufa/LUFA/Drivers/USB/Core/AVR8/EndpointStream_AVR8.o
                0x00003e28                Endpoint_Write_Control_PStream_LE
 .text.Endpoint_ConfigureEndpoint_Prv
                0x00003ede       0x68 .build/obj_fjlabs_polaris_keymap_split/lib/lufa/LUFA/Drivers/USB/Core/AVR8/Endpoint_AVR8.o
                0x00003ede                Endpoint_ConfigureEndpoint_Prv
 .text.Endpoint_ClearStatusStage
                0x00003f46       0x3e .build/obj_fjlabs_polaris_keymap_split/lib/lufa/LUFA/Drivers/USB/Core/AVR8/Endpoint_AVR8.o
                0x00003f46                Endpoint_ClearStatusStage
 .text.Endpoint_WaitUntilReady
                0x00003f84       0x62 .build/obj_fjlabs_polaris_keymap_split/lib/lufa/LUFA/Drivers/USB/Core/AVR8/Endpoint_AVR8.o
                0x00003f84                Endpoint_WaitUntilReady
 .text.USB_Disable
                0x00003fe6       0x34 .build/obj_fjlabs_polaris_keymap_split/lib/lufa/LUFA/Drivers/USB/Core/AVR8/USBController_AVR8.o
                0x00003fe6                USB_Disable
 .text.USB_ResetInterface
                0x0000401a       0x86 .build/obj_fjlabs_polaris_keymap_split/lib/lufa/LUFA/Drivers/USB/Core/AVR8/USBController_AVR8.o
                0x0000401a                USB_ResetInterface
 .text.USB_Init
                0x000040a0       0x24 .build/obj_fjlabs_polaris_keymap_split/lib/lufa/LUFA/Drivers/USB/Core/AVR8/USBController_AVR8.o
                0x000040a0                USB_Init
 .text.USB_INT_DisableAllInterrupts
                0x000040c4       0x10 .build/obj_fjlabs_polaris_keymap_split/lib/lufa/LUFA/Drivers/USB/Core/AVR8/USBInterrupt_AVR8.o
                0x000040c4                USB_INT_DisableAllInterrupts
 .text.USB_INT_ClearAllInterrupts
                0x000040d4        0xa .build/obj_fjlabs_polaris_keymap_split/lib/lufa/LUFA/Drivers/USB/Core/AVR8/USBInterrupt_AVR8.o
                0x000040d4                USB_INT_ClearAllInterrupts
 .text.__vector_10
                0x000040de      0x1a0 .build/obj_fjlabs_polaris_keymap_split/lib/lufa/LUFA/Drivers/USB/Core/AVR8/USBInterrupt_AVR8.o
                0x000040de                __vector_10
 .text.__vector_11
                0x0000427e       0x92 .build/obj_fjlabs_polaris_keymap_split/lib/lufa/LUFA/Drivers/USB/Core/AVR8/USBInterrupt_AVR8.o
                0x0000427e                __vector_11
 .text.USB_Device_ProcessControlRequest
                0x00004310      0x28e .build/obj_fjlabs_polaris_keymap_split/lib/lufa/LUFA/Drivers/USB/Core/DeviceStandardReq.o
                0x00004310                USB_Device_ProcessControlRequest
 .text.USB_Event_Stub
                0x0000459e        0x2 .build/obj_fjlabs_polaris_keymap_split/lib/lufa/LUFA/Drivers/USB/Core/Events.o
                0x0000459e                EVENT_USB_Device_StartOfFrame
                0x0000459e                USB_Event_Stub
 .text.USB_USBTask
                0x000045a0       0x34 .build/obj_fjlabs_polaris_keymap_split/lib/lufa/LUFA/Drivers/USB/Core/USBTask.o
                0x000045a0                USB_USBTask
 .text.libgcc.div
                0x000045d4       0x28 c:/qmk_msys/mingw64/bin/../lib/gcc/avr/12.2.0/avr5\libgcc.a(_divmodhi4.o)
                0x000045d4                _div
                0x000045d4                __divmodhi4
 .text.libgcc   0x000045fc        0xc c:/qmk_msys/mingw64/bin/../lib/gcc/avr/12.2.0/avr5\libgcc.a(_tablejump2.o)
                0x000045fc                __tablejump2__
 .text.libgcc.prologue
                0x00004608       0x38 c:/qmk_msys/mingw64/bin/../lib/gcc/avr/12.2.0/avr5\libgcc.a(_prologue.o)
                0x00004608                __prologue_saves__
 .text.libgcc.prologue
                0x00004640       0x36 c:/qmk_msys/mingw64/bin/../lib/gcc/avr/12.2.0/avr5\libgcc.a(_epilogue.o)
                0x00004640                __epilogue_restores__
 .text.libgcc.div
                0x00004676       0x28 c:/qmk_msys/mingw64/bin/../lib/gcc/avr/12.2.0/avr5\libgcc.a(_udivmodhi4.o)
                0x00004676                __udivmodhi4
 .text.avr-libc
                0x0000469e       0x1a c:/qmk_msys/mingw64/bin/../lib/gcc/avr/12.2.0/../../../../avr/lib/avr5\libc.a(memcmp.o)
                0x0000469e                memcmp
 .text.avr-libc
                0x000046b8       0x12 c:/qmk_msys/mingw64/bin/../lib/gcc/avr/12.2.0/../../../../avr/lib/avr5\libc.a(memcpy.o)
                0x000046b8                memcpy
 .text.avr-libc
                0x000046ca       0x10 c:/qmk_msys/mingw64/bin/../lib/gcc/avr/12.2.0/../../../../avr/lib/avr5\libatmega32u4.a(eerd_byte.o)
                0x000046ca                eeprom_read_byte
 .text.avr-libc
                0x000046da        0xc c:/qmk_msys/mingw64/bin/../lib/gcc/avr/12.2.0/../../../../avr/lib/avr5\libatmega32u4.a(eerd_word.o)
                0x000046da                eeprom_read_word
 .text.avr-libc
                0x000046e6       0x20 c:/qmk_msys/mingw64/bin/../lib/gcc/avr/12.2.0/../../../../avr/lib/avr5\libatmega32u4.a(eeupd_block.o)
                0x000046e6                eeprom_update_block
 .text.avr-libc
                0x00004706       0x24 c:/qmk_msys/mingw64/bin/../lib/gcc/avr/12.2.0/../../../../avr/lib/avr5\libatmega32u4.a(eeupd_byte.o)
                0x00004706                eeprom_update_byte
                0x00004708                eeprom_update_r18
 .text.avr-libc
                0x0000472a       0x18 c:/qmk_msys/mingw64/bin/../lib/gcc/avr/12.2.0/../../../../avr/lib/avr5\libatmega32u4.a(eeupd_dword.o)
                0x0000472a                eeprom_update_float
                0x0000472a                eeprom_update_dword
 .text.avr-libc
                0x00004742        0xc c:/qmk_msys/mingw64/bin/../lib/gcc/avr/12.2.0/../../../../avr/lib/avr5\libatmega32u4.a(eeupd_word.o)
                0x00004742                eeprom_update_word
 .text.avr-libc
                0x0000474e       0x20 c:/qmk_msys/mingw64/bin/../lib/gcc/avr/12.2.0/../../../../avr/lib/avr5\libatmega32u4.a(eerd_block.o)
                0x0000474e                eeprom_read_block
                0x00004752                eeprom_read_blraw
                0x0000476e                        . = ALIGN (0x2)
 *(.fini9)
 .fini9         0x0000476e        0x0 c:/qmk_msys/mingw64/bin/../lib/gcc/avr/12.2.0/avr5\libgcc.a(_exit.o)
                0x0000476e                _exit
                0x0000476e                exit
 *(.fini9)
 *(.fini8)
 *(.fini8)
 *(.fini7)
 *(.fini7)
 *(.fini6)
 *(.fini6)
 *(.fini5)
 *(.fini5)
 *(.fini4)
 *(.fini4)
 *(.fini3)
 *(.fini3)
 *(.fini2)
 *(.fini2)
 *(.fini1)
 *(.fini1)
 *(.fini0)
 .fini0         0x0000476e        0x4 c:/qmk_msys/mingw64/bin/../lib/gcc/avr/12.2.0/avr5\libgcc.a(_exit.o)
 *(.fini0)
 *(.hightext)
 *(.hightext*)
 *(.progmemx.*)
                0x00004772                        . = ALIGN (0x2)
 *(.jumptables)
 *(.jumptables*)
 .jumptables.gcc.process_action
                0x00004772       0x18 .build/obj_fjlabs_polaris_keymap_split/quantum/action.o
 .jumptables.gcc.command_common
                0x0000478a       0x7e .build/obj_fjlabs_polaris_keymap_split/quantum/command.o
 .jumptables.gcc.process_magic
                0x00004808       0x44 .build/obj_fjlabs_polaris_keymap_split/quantum/process_keycode/process_magic.o
 .jumptables.gcc.mousekey_on
                0x0000484c       0x24 .build/obj_fjlabs_polaris_keymap_split/quantum/mousekey.o
 .jumptables.gcc.process_space_cadet
                0x00004870        0xe .build/obj_fjlabs_polaris_keymap_split/quantum/process_keycode/process_space_cadet.o
 .jumptables.gcc.USB_Device_ProcessControlRequest
                0x0000487e       0x14 .build/obj_fjlabs_polaris_keymap_split/lib/lufa/LUFA/Drivers/USB/Core/DeviceStandardReq.o
                0x00004892                        _etext = .

.data           0x00800100       0x96 load address 0x00004892
                0x00800100                        PROVIDE (__data_start = .)
 *(.data)
 *(.data*)
 .data.nkro_report
                0x00800100        0x2 .build/obj_fjlabs_polaris_keymap_split/quantum/action_util.o
                0x00800100                nkro_report
 .data.keyboard_report
                0x00800102        0x2 .build/obj_fjlabs_polaris_keymap_split/quantum/action_util.o
                0x00800102                keyboard_report
 .data.mk_wheel_time_to_max
                0x00800104        0x1 .build/obj_fjlabs_polaris_keymap_split/quantum/mousekey.o
                0x00800104                mk_wheel_time_to_max
 .data.mk_wheel_max_speed
                0x00800105        0x1 .build/obj_fjlabs_polaris_keymap_split/quantum/mousekey.o
                0x00800105                mk_wheel_max_speed
 .data.mk_wheel_interval
                0x00800106        0x1 .build/obj_fjlabs_polaris_keymap_split/quantum/mousekey.o
                0x00800106                mk_wheel_interval
 .data.mk_wheel_delay
                0x00800107        0x1 .build/obj_fjlabs_polaris_keymap_split/quantum/mousekey.o
                0x00800107                mk_wheel_delay
 .data.mk_time_to_max
                0x00800108        0x1 .build/obj_fjlabs_polaris_keymap_split/quantum/mousekey.o
                0x00800108                mk_time_to_max
 .data.mk_max_speed
                0x00800109        0x1 .build/obj_fjlabs_polaris_keymap_split/quantum/mousekey.o
                0x00800109                mk_max_speed
 .data.mk_interval
                0x0080010a        0x1 .build/obj_fjlabs_polaris_keymap_split/quantum/mousekey.o
                0x0080010a                mk_interval
 .data.mk_delay
                0x0080010b        0x1 .build/obj_fjlabs_polaris_keymap_split/quantum/mousekey.o
                0x0080010b                mk_delay
 .data.lufa_driver
                0x0080010c        0xa .build/obj_fjlabs_polaris_keymap_split/lufa.o
                0x0080010c                lufa_driver
 .data.keyboard_protocol
                0x00800116        0x1 .build/obj_fjlabs_polaris_keymap_split/lufa.o
                0x00800116                keyboard_protocol
 *(.gnu.linkonce.d*)
 *(.rodata)
 *(.rodata*)
 .rodata.CSWTCH.10
                0x00800117       0x36 .build/obj_fjlabs_polaris_keymap_split/quantum/action.o
 .rodata.CSWTCH.3
                0x0080014d       0x36 .build/obj_fjlabs_polaris_keymap_split/quantum/keymap_common.o
 .rodata.col_pins
                0x00800183        0xe .build/obj_fjlabs_polaris_keymap_split/quantum/matrix.o
 .rodata.row_pins
                0x00800191        0x5 .build/obj_fjlabs_polaris_keymap_split/quantum/matrix.o
 *(.gnu.linkonce.r*)
                0x00800196                        . = ALIGN (0x2)
                0x00800196                        _edata = .
                0x00800196                        PROVIDE (__data_end = .)

.bss            0x00800196      0x12c
                0x00800196                        PROVIDE (__bss_start = .)
 *(.bss)
 .bss           0x00800196        0x2 .build/obj_fjlabs_polaris_keymap_split/platforms/avr/xprintf.o
                0x00800196                xfunc_out
 *(.bss*)
 .bss.last_led_status.0
                0x00800198        0x1 .build/obj_fjlabs_polaris_keymap_split/quantum/led.o
 .bss.last_led_modification_time
                0x00800199        0x4 .build/obj_fjlabs_polaris_keymap_split/quantum/led.o
 .bss.disable_action_cache
                0x0080019d        0x1 .build/obj_fjlabs_polaris_keymap_split/quantum/action.o
                0x0080019d                disable_action_cache
 .bss.source_layers_cache
                0x0080019e       0x24 .build/obj_fjlabs_polaris_keymap_split/quantum/action_layer.o
                0x0080019e                source_layers_cache
 .bss.layer_state
                0x008001c2        0x2 .build/obj_fjlabs_polaris_keymap_split/quantum/action_layer.o
                0x008001c2                layer_state
 .bss.default_layer_state
                0x008001c4        0x2 .build/obj_fjlabs_polaris_keymap_split/quantum/action_layer.o
                0x008001c4                default_layer_state
 .bss.waiting_buffer_tail
                0x008001c6        0x1 .build/obj_fjlabs_polaris_keymap_split/quantum/action_tapping.o
 .bss.waiting_buffer_head
                0x008001c7        0x1 .build/obj_fjlabs_polaris_keymap_split/quantum/action_tapping.o
 .bss.waiting_buffer
                0x008001c8       0x38 .build/obj_fjlabs_polaris_keymap_split/quantum/action_tapping.o
 .bss.tapping_key
                0x00800200        0x7 .build/obj_fjlabs_polaris_keymap_split/quantum/action_tapping.o
 .bss.last_report.0
                0x00800207       0x20 .build/obj_fjlabs_polaris_keymap_split/quantum/action_util.o
 .bss.last_report.1
                0x00800227        0x8 .build/obj_fjlabs_polaris_keymap_split/quantum/action_util.o
 .bss.oneshot_layer_data
                0x0080022f        0x1 .build/obj_fjlabs_polaris_keymap_split/quantum/action_util.o
 .bss.oneshot_locked_mods
                0x00800230        0x1 .build/obj_fjlabs_polaris_keymap_split/quantum/action_util.o
 .bss.oneshot_mods
                0x00800231        0x1 .build/obj_fjlabs_polaris_keymap_split/quantum/action_util.o
 .bss.__compound_literal.1
                0x00800232       0x20 .build/obj_fjlabs_polaris_keymap_split/quantum/action_util.o
 .bss.__compound_literal.0
                0x00800252        0x8 .build/obj_fjlabs_polaris_keymap_split/quantum/action_util.o
 .bss.weak_mods
                0x0080025a        0x1 .build/obj_fjlabs_polaris_keymap_split/quantum/action_util.o
 .bss.real_mods
                0x0080025b        0x1 .build/obj_fjlabs_polaris_keymap_split/quantum/action_util.o
 .bss.last_tick.0
                0x0080025c        0x2 .build/obj_fjlabs_polaris_keymap_split/quantum/keyboard.o
 .bss.matrix_previous.1
                0x0080025e        0xa .build/obj_fjlabs_polaris_keymap_split/quantum/keyboard.o
 .bss.last_matrix_modification_time
                0x00800268        0x4 .build/obj_fjlabs_polaris_keymap_split/quantum/keyboard.o
 .bss.last_input_modification_time
                0x0080026c        0x4 .build/obj_fjlabs_polaris_keymap_split/quantum/keyboard.o
 .bss.debug_config
                0x00800270        0x1 .build/obj_fjlabs_polaris_keymap_split/quantum/logging/debug.o
                0x00800270                debug_config
 .bss.debouncing_time
                0x00800271        0x2 .build/obj_fjlabs_polaris_keymap_split/quantum/debounce/sym_defer_g.o
 .bss.debouncing
                0x00800273        0x1 .build/obj_fjlabs_polaris_keymap_split/quantum/debounce/sym_defer_g.o
 .bss.pp.1      0x00800274        0x2 .build/obj_fjlabs_polaris_keymap_split/quantum/command.o
 .bss.param.2   0x00800276        0x1 .build/obj_fjlabs_polaris_keymap_split/quantum/command.o
 .bss.command_state
                0x00800277        0x1 .build/obj_fjlabs_polaris_keymap_split/quantum/command.o
                0x00800277                command_state
 .bss.grave_esc_was_shifted
                0x00800278        0x1 .build/obj_fjlabs_polaris_keymap_split/quantum/process_keycode/process_grave_esc.o
 .bss.last_timer_w
                0x00800279        0x2 .build/obj_fjlabs_polaris_keymap_split/quantum/mousekey.o
 .bss.last_timer_c
                0x0080027b        0x2 .build/obj_fjlabs_polaris_keymap_split/quantum/mousekey.o
 .bss.mousekey_wheel_repeat
                0x0080027d        0x1 .build/obj_fjlabs_polaris_keymap_split/quantum/mousekey.o
 .bss.mousekey_repeat
                0x0080027e        0x1 .build/obj_fjlabs_polaris_keymap_split/quantum/mousekey.o
 .bss.mousekey_accel
                0x0080027f        0x1 .build/obj_fjlabs_polaris_keymap_split/quantum/mousekey.o
 .bss.mouse_report
                0x00800280        0x6 .build/obj_fjlabs_polaris_keymap_split/quantum/mousekey.o
 .bss.sc_timer  0x00800286        0x2 .build/obj_fjlabs_polaris_keymap_split/quantum/process_keycode/process_space_cadet.o
 .bss.sc_last   0x00800288        0x1 .build/obj_fjlabs_polaris_keymap_split/quantum/process_keycode/process_space_cadet.o
 .bss.last_consumer_usage
                0x00800289        0x2 .build/obj_fjlabs_polaris_keymap_split/protocol/host.o
 .bss.last_system_usage
                0x0080028b        0x2 .build/obj_fjlabs_polaris_keymap_split/protocol/host.o
 .bss.driver    0x0080028d        0x2 .build/obj_fjlabs_polaris_keymap_split/protocol/host.o
 .bss.usb_device_state
                0x0080028f        0x1 .build/obj_fjlabs_polaris_keymap_split/protocol/usb_device_state.o
                0x0080028f                usb_device_state
 .bss.wdt_timeout
                0x00800290        0x1 .build/obj_fjlabs_polaris_keymap_split/platforms/avr/suspend.o
 .bss.keyboard_report_sent
                0x00800291        0x8 .build/obj_fjlabs_polaris_keymap_split/lufa.o
 .bss.keyboard_led_state
                0x00800299        0x1 .build/obj_fjlabs_polaris_keymap_split/lufa.o
 .bss.keyboard_idle
                0x0080029a        0x1 .build/obj_fjlabs_polaris_keymap_split/lufa.o
                0x0080029a                keyboard_idle
 *(COMMON)
 COMMON         0x0080029b        0x2 .build/obj_fjlabs_polaris_keymap_split/quantum/keycode_config.o
                0x0080029b                keymap_config
 COMMON         0x0080029d       0x14 .build/obj_fjlabs_polaris_keymap_split/quantum/matrix_common.o
                0x0080029d                raw_matrix
                0x008002a7                matrix
 COMMON         0x008002b1        0x4 .build/obj_fjlabs_polaris_keymap_split/platforms/avr/timer.o
                0x008002b1                timer_count
 COMMON         0x008002b5        0x3 .build/obj_fjlabs_polaris_keymap_split/lib/lufa/LUFA/Drivers/USB/Core/DeviceStandardReq.o
                0x008002b5                USB_Device_ConfigurationNumber
                0x008002b6                USB_Device_CurrentlySelfPowered
                0x008002b7                USB_Device_RemoteWakeupEnabled
 COMMON         0x008002b8        0xa .build/obj_fjlabs_polaris_keymap_split/lib/lufa/LUFA/Drivers/USB/Core/USBTask.o
                0x008002b8                USB_IsInitialized
                0x008002b9                USB_DeviceState
                0x008002ba                USB_ControlRequest
                0x008002c2                        PROVIDE (__bss_end = .)
                0x00004892                        __data_load_start = LOADADDR (.data)
                0x00004928                        __data_load_end = (__data_load_start + SIZEOF (.data))

.noinit         0x008002c2        0x4
                [!provide]                        PROVIDE (__noinit_start = .)
 *(.noinit .noinit.* .gnu.linkonce.n.*)
 .noinit        0x008002c2        0x4 .build/obj_fjlabs_polaris_keymap_split/platforms/avr/bootloaders/dfu.o
                0x008002c2                reset_key
                [!provide]                        PROVIDE (__noinit_end = .)
                0x008002c6                        _end = .
                [!provide]                        PROVIDE (__heap_start = .)

.eeprom         0x00810000        0x0
 *(.eeprom*)
                0x00810000                        __eeprom_end = .

.fuse
 *(.fuse)
 *(.lfuse)
 *(.hfuse)
 *(.efuse)

.lock
 *(.lock*)

.signature
 *(.signature*)

.stab
 *(.stab)

.stabstr
 *(.stabstr)

.stab.excl
 *(.stab.excl)

.stab.exclstr
 *(.stab.exclstr)

.stab.index
 *(.stab.index)

.stab.indexstr
 *(.stab.indexstr)

.comment        0x00000000       0x12
 *(.comment)
 .comment       0x00000000       0x12 .build/obj_fjlabs_polaris_keymap_split/quantum/keymap_introspection.o
                                 0x13 (size before relaxing)
 .comment       0x00000012       0x13 .build/obj_fjlabs_polaris_keymap_split/quantum/quantum.o
 .comment       0x00000012       0x13 .build/obj_fjlabs_polaris_keymap_split/quantum/led.o
 .comment       0x00000012       0x13 .build/obj_fjlabs_polaris_keymap_split/quantum/action.o
 .comment       0x00000012       0x13 .build/obj_fjlabs_polaris_keymap_split/quantum/action_layer.o
 .comment       0x00000012       0x13 .build/obj_fjlabs_polaris_keymap_split/quantum/action_tapping.o
 .comment       0x00000012       0x13 .build/obj_fjlabs_polaris_keymap_split/quantum/action_util.o
 .comment       0x00000012       0x13 .build/obj_fjlabs_polaris_keymap_split/quantum/eeconfig.o
 .comment       0x00000012       0x13 .build/obj_fjlabs_polaris_keymap_split/quantum/keyboard.o
 .comment       0x00000012       0x13 .build/obj_fjlabs_polaris_keymap_split/quantum/keymap_common.o
 .comment       0x00000012       0x13 .build/obj_fjlabs_polaris_keymap_split/quantum/keycode_config.o
 .comment       0x00000012       0x13 .build/obj_fjlabs_polaris_keymap_split/quantum/logging/debug.o
 .comment       0x00000012       0x13 .build/obj_fjlabs_polaris_keymap_split/quantum/logging/sendchar.o
 .comment       0x00000012       0x13 .build/obj_fjlabs_polaris_keymap_split/quantum/matrix_common.o
 .comment       0x00000012       0x13 .build/obj_fjlabs_polaris_keymap_split/quantum/matrix.o
 .comment       0x00000012       0x13 .build/obj_fjlabs_polaris_keymap_split/quantum/debounce/sym_defer_g.o
 .comment       0x00000012       0x13 .build/obj_fjlabs_polaris_keymap_split/quantum/main.o
 .comment       0x00000012       0x13 .build/obj_fjlabs_polaris_keymap_split/platforms/avr/printf.o
 .comment       0x00000012       0x13 .build/obj_fjlabs_polaris_keymap_split/quantum/bootmagic/bootmagic.o
 .comment       0x00000012       0x13 .build/obj_fjlabs_polaris_keymap_split/quantum/command.o
 .comment       0x00000012       0x13 .build/obj_fjlabs_polaris_keymap_split/quantum/process_keycode/process_grave_esc.o
 .comment       0x00000012       0x13 .build/obj_fjlabs_polaris_keymap_split/quantum/process_keycode/process_magic.o
 .comment       0x00000012       0x13 .build/obj_fjlabs_polaris_keymap_split/quantum/mousekey.o
 .comment       0x00000012       0x13 .build/obj_fjlabs_polaris_keymap_split/quantum/send_string/send_string.o
 .comment       0x00000012       0x13 .build/obj_fjlabs_polaris_keymap_split/quantum/process_keycode/process_space_cadet.o
 .comment       0x00000012       0x13 .build/obj_fjlabs_polaris_keymap_split/protocol/host.o
 .comment       0x00000012       0x13 .build/obj_fjlabs_polaris_keymap_split/protocol/report.o
 .comment       0x00000012       0x13 .build/obj_fjlabs_polaris_keymap_split/protocol/usb_device_state.o
 .comment       0x00000012       0x13 .build/obj_fjlabs_polaris_keymap_split/platforms/suspend.o
 .comment       0x00000012       0x13 .build/obj_fjlabs_polaris_keymap_split/platforms/avr/platform.o
 .comment       0x00000012       0x13 .build/obj_fjlabs_polaris_keymap_split/platforms/avr/suspend.o
 .comment       0x00000012       0x13 .build/obj_fjlabs_polaris_keymap_split/platforms/avr/timer.o
 .comment       0x00000012       0x13 .build/obj_fjlabs_polaris_keymap_split/platforms/avr/bootloaders/dfu.o
 .comment       0x00000012       0x13 .build/obj_fjlabs_polaris_keymap_split/lufa.o
 .comment       0x00000012       0x13 .build/obj_fjlabs_polaris_keymap_split/usb_descriptor.o
 .comment       0x00000012       0x13 .build/obj_fjlabs_polaris_keymap_split/lib/lufa/LUFA/Drivers/USB/Core/AVR8/Device_AVR8.o
 .comment       0x00000012       0x13 .build/obj_fjlabs_polaris_keymap_split/lib/lufa/LUFA/Drivers/USB/Core/AVR8/EndpointStream_AVR8.o
 .comment       0x00000012       0x13 .build/obj_fjlabs_polaris_keymap_split/lib/lufa/LUFA/Drivers/USB/Core/AVR8/Endpoint_AVR8.o
 .comment       0x00000012       0x13 .build/obj_fjlabs_polaris_keymap_split/lib/lufa/LUFA/Drivers/USB/Core/AVR8/USBController_AVR8.o
 .comment       0x00000012       0x13 .build/obj_fjlabs_polaris_keymap_split/lib/lufa/LUFA/Drivers/USB/Core/AVR8/USBInterrupt_AVR8.o
 .comment       0x00000012       0x13 .build/obj_fjlabs_polaris_keymap_split/lib/lufa/LUFA/Drivers/USB/Core/DeviceStandardReq.o
 .comment       0x00000012       0x13 .build/obj_fjlabs_polaris_keymap_split/lib/lufa/LUFA/Drivers/USB/Core/Events.o
 .comment       0x00000012       0x13 .build/obj_fjlabs_polaris_keymap_split/lib/lufa/LUFA/Drivers/USB/Core/USBTask.o

.note.gnu.avr.deviceinfo
                0x00000000       0x40
 .note.gnu.avr.deviceinfo
                0x00000000       0x40 c:/qmk_msys/mingw64/bin/../lib/gcc/avr/12.2.0/../../../../avr/lib/avr5/crtatmega32u4.o

.gnu.build.attributes
 *(.gnu.build.attributes .gnu.build.attributes.*)

.note.gnu.build-id
 *(.note.gnu.build-id)

.debug
 *(.debug)

.line
 *(.line)

.debug_srcinfo
 *(.debug_srcinfo)

.debug_sfnames
 *(.debug_sfnames)

.debug_aranges  0x00000000     0x1048
 *(.debug_aranges)
 .debug_aranges
                0x00000000       0x40 .build/obj_fjlabs_polaris_keymap_split/quantum/keymap_introspection.o
 .debug_aranges
                0x00000040      0x100 .build/obj_fjlabs_polaris_keymap_split/quantum/quantum.o
 .debug_aranges
                0x00000140       0x70 .build/obj_fjlabs_polaris_keymap_split/quantum/led.o
 .debug_aranges
                0x000001b0       0xe0 .build/obj_fjlabs_polaris_keymap_split/quantum/action.o
 .debug_aranges
                0x00000290      0x110 .build/obj_fjlabs_polaris_keymap_split/quantum/action_layer.o
 .debug_aranges
                0x000003a0       0x48 .build/obj_fjlabs_polaris_keymap_split/quantum/action_tapping.o
 .debug_aranges
                0x000003e8      0x188 .build/obj_fjlabs_polaris_keymap_split/quantum/action_util.o
 .debug_aranges
                0x00000570       0xd8 .build/obj_fjlabs_polaris_keymap_split/quantum/eeconfig.o
 .debug_aranges
                0x00000648      0x110 .build/obj_fjlabs_polaris_keymap_split/quantum/keyboard.o
 .debug_aranges
                0x00000758       0x30 .build/obj_fjlabs_polaris_keymap_split/quantum/keymap_common.o
 .debug_aranges
                0x00000788       0x28 .build/obj_fjlabs_polaris_keymap_split/quantum/keycode_config.o
 .debug_aranges
                0x000007b0       0x18 .build/obj_fjlabs_polaris_keymap_split/quantum/logging/debug.o
 .debug_aranges
                0x000007c8       0x20 .build/obj_fjlabs_polaris_keymap_split/quantum/logging/sendchar.o
 .debug_aranges
                0x000007e8       0xa0 .build/obj_fjlabs_polaris_keymap_split/quantum/matrix_common.o
 .debug_aranges
                0x00000888       0x40 .build/obj_fjlabs_polaris_keymap_split/quantum/matrix.o
 .debug_aranges
                0x000008c8       0x30 .build/obj_fjlabs_polaris_keymap_split/quantum/debounce/sym_defer_g.o
 .debug_aranges
                0x000008f8       0x28 .build/obj_fjlabs_polaris_keymap_split/quantum/main.o
 .debug_aranges
                0x00000920       0x20 .build/obj_fjlabs_polaris_keymap_split/platforms/avr/printf.o
 .debug_aranges
                0x00000940       0x38 .build/obj_fjlabs_polaris_keymap_split/quantum/bootmagic/bootmagic.o
 .debug_aranges
                0x00000978       0x38 .build/obj_fjlabs_polaris_keymap_split/quantum/command.o
 .debug_aranges
                0x000009b0       0x20 .build/obj_fjlabs_polaris_keymap_split/quantum/process_keycode/process_grave_esc.o
 .debug_aranges
                0x000009d0       0x20 .build/obj_fjlabs_polaris_keymap_split/quantum/process_keycode/process_magic.o
 .debug_aranges
                0x000009f0       0x68 .build/obj_fjlabs_polaris_keymap_split/quantum/mousekey.o
 .debug_aranges
                0x00000a58       0x70 .build/obj_fjlabs_polaris_keymap_split/quantum/send_string/send_string.o
 .debug_aranges
                0x00000ac8       0x30 .build/obj_fjlabs_polaris_keymap_split/quantum/process_keycode/process_space_cadet.o
 .debug_aranges
                0x00000af8       0x88 .build/obj_fjlabs_polaris_keymap_split/protocol/host.o
 .debug_aranges
                0x00000b80       0x70 .build/obj_fjlabs_polaris_keymap_split/protocol/report.o
 .debug_aranges
                0x00000bf0       0x50 .build/obj_fjlabs_polaris_keymap_split/protocol/usb_device_state.o
 .debug_aranges
                0x00000c40       0x50 .build/obj_fjlabs_polaris_keymap_split/platforms/suspend.o
 .debug_aranges
                0x00000c90       0x20 .build/obj_fjlabs_polaris_keymap_split/platforms/avr/platform.o
 .debug_aranges
                0x00000cb0       0x30 .build/obj_fjlabs_polaris_keymap_split/platforms/avr/suspend.o
 .debug_aranges
                0x00000ce0       0x50 .build/obj_fjlabs_polaris_keymap_split/platforms/avr/timer.o
 .debug_aranges
                0x00000d30       0x30 .build/obj_fjlabs_polaris_keymap_split/platforms/avr/bootloaders/dfu.o
 .debug_aranges
                0x00000d60       0xc8 .build/obj_fjlabs_polaris_keymap_split/lufa.o
 .debug_aranges
                0x00000e28       0x20 .build/obj_fjlabs_polaris_keymap_split/usb_descriptor.o
 .debug_aranges
                0x00000e48       0x20 .build/obj_fjlabs_polaris_keymap_split/lib/lufa/LUFA/Drivers/USB/Core/AVR8/Device_AVR8.o
 .debug_aranges
                0x00000e68       0xc8 .build/obj_fjlabs_polaris_keymap_split/lib/lufa/LUFA/Drivers/USB/Core/AVR8/EndpointStream_AVR8.o
 .debug_aranges
                0x00000f30       0x40 .build/obj_fjlabs_polaris_keymap_split/lib/lufa/LUFA/Drivers/USB/Core/AVR8/Endpoint_AVR8.o
 .debug_aranges
                0x00000f70       0x30 .build/obj_fjlabs_polaris_keymap_split/lib/lufa/LUFA/Drivers/USB/Core/AVR8/USBController_AVR8.o
 .debug_aranges
                0x00000fa0       0x38 .build/obj_fjlabs_polaris_keymap_split/lib/lufa/LUFA/Drivers/USB/Core/AVR8/USBInterrupt_AVR8.o
 .debug_aranges
                0x00000fd8       0x20 .build/obj_fjlabs_polaris_keymap_split/lib/lufa/LUFA/Drivers/USB/Core/DeviceStandardReq.o
 .debug_aranges
                0x00000ff8       0x30 .build/obj_fjlabs_polaris_keymap_split/lib/lufa/LUFA/Drivers/USB/Core/Events.o
 .debug_aranges
                0x00001028       0x20 .build/obj_fjlabs_polaris_keymap_split/lib/lufa/LUFA/Drivers/USB/Core/USBTask.o

.debug_pubnames
 *(.debug_pubnames)

.debug_info     0x00000000    0x30f94
 *(.debug_info .gnu.linkonce.wi.*)
 .debug_info    0x00000000      0x9f4 c:/qmk_msys/mingw64/bin/../lib/gcc/avr/12.2.0/../../../../avr/lib/avr5/crtatmega32u4.o
 .debug_info    0x000009f4     0x29a1 .build/obj_fjlabs_polaris_keymap_split/quantum/keymap_introspection.o
 .debug_info    0x00003395     0x3591 .build/obj_fjlabs_polaris_keymap_split/quantum/quantum.o
 .debug_info    0x00006926      0x481 .build/obj_fjlabs_polaris_keymap_split/quantum/led.o
 .debug_info    0x00006da7     0x437f .build/obj_fjlabs_polaris_keymap_split/quantum/action.o
 .debug_info    0x0000b126      0xd8d .build/obj_fjlabs_polaris_keymap_split/quantum/action_layer.o
 .debug_info    0x0000beb3     0x2d37 .build/obj_fjlabs_polaris_keymap_split/quantum/action_tapping.o
 .debug_info    0x0000ebea      0xdcb .build/obj_fjlabs_polaris_keymap_split/quantum/action_util.o
 .debug_info    0x0000f9b5      0x915 .build/obj_fjlabs_polaris_keymap_split/quantum/eeconfig.o
 .debug_info    0x000102ca      0xc68 .build/obj_fjlabs_polaris_keymap_split/quantum/keyboard.o
 .debug_info    0x00010f32     0x2d14 .build/obj_fjlabs_polaris_keymap_split/quantum/keymap_common.o
 .debug_info    0x00013c46     0x2551 .build/obj_fjlabs_polaris_keymap_split/quantum/keycode_config.o
 .debug_info    0x00016197      0x117 .build/obj_fjlabs_polaris_keymap_split/quantum/logging/debug.o
 .debug_info    0x000162ae       0xa8 .build/obj_fjlabs_polaris_keymap_split/quantum/logging/sendchar.o
 .debug_info    0x00016356      0x54c .build/obj_fjlabs_polaris_keymap_split/quantum/matrix_common.o
 .debug_info    0x000168a2      0x6fa .build/obj_fjlabs_polaris_keymap_split/quantum/matrix.o
 .debug_info    0x00016f9c      0x2e6 .build/obj_fjlabs_polaris_keymap_split/quantum/debounce/sym_defer_g.o
 .debug_info    0x00017282      0x172 .build/obj_fjlabs_polaris_keymap_split/quantum/main.o
 .debug_info    0x000173f4       0xe7 .build/obj_fjlabs_polaris_keymap_split/platforms/avr/printf.o
 .debug_info    0x000174db      0x2a4 .build/obj_fjlabs_polaris_keymap_split/quantum/bootmagic/bootmagic.o
 .debug_info    0x0001777f     0x2977 .build/obj_fjlabs_polaris_keymap_split/quantum/command.o
 .debug_info    0x0001a0f6     0x26a1 .build/obj_fjlabs_polaris_keymap_split/quantum/process_keycode/process_grave_esc.o
 .debug_info    0x0001c797     0x26e0 .build/obj_fjlabs_polaris_keymap_split/quantum/process_keycode/process_magic.o
 .debug_info    0x0001ee77     0x2947 .build/obj_fjlabs_polaris_keymap_split/quantum/mousekey.o
 .debug_info    0x000217be     0x3037 .build/obj_fjlabs_polaris_keymap_split/quantum/send_string/send_string.o
 .debug_info    0x000247f5     0x270a .build/obj_fjlabs_polaris_keymap_split/quantum/process_keycode/process_space_cadet.o
 .debug_info    0x00026eff      0x80c .build/obj_fjlabs_polaris_keymap_split/protocol/host.o
 .debug_info    0x0002770b     0x299e .build/obj_fjlabs_polaris_keymap_split/protocol/report.o
 .debug_info    0x0002a0a9      0x2ad .build/obj_fjlabs_polaris_keymap_split/protocol/usb_device_state.o
 .debug_info    0x0002a356      0x19b .build/obj_fjlabs_polaris_keymap_split/platforms/suspend.o
 .debug_info    0x0002a4f1       0xa9 .build/obj_fjlabs_polaris_keymap_split/platforms/avr/platform.o
 .debug_info    0x0002a59a      0x22e .build/obj_fjlabs_polaris_keymap_split/platforms/avr/suspend.o
 .debug_info    0x0002a7c8      0x443 .build/obj_fjlabs_polaris_keymap_split/platforms/avr/timer.o
 .debug_info    0x0002ac0b      0x238 .build/obj_fjlabs_polaris_keymap_split/platforms/avr/bootloaders/dfu.o
 .debug_info    0x0002ae43     0x13fe .build/obj_fjlabs_polaris_keymap_split/lufa.o
 .debug_info    0x0002c241      0x836 .build/obj_fjlabs_polaris_keymap_split/usb_descriptor.o