Archive member included to satisfy reference by file (symbol)

c:/qmk_msys/mingw64/bin/../lib/gcc/avr/12.2.0/avr5\libgcc.a(_divmodhi4.o)
                              .build/obj_fjlabs_polaris_keymap_split/quantum/mousekey.o (__divmodhi4)
c:/qmk_msys/mingw64/bin/../lib/gcc/avr/12.2.0/avr5\libgcc.a(_udivmodsi4.o)
                              .build/obj_fjlabs_polaris_keymap_split/quantum/quantum.o (__udivmodsi4)
c:/qmk_msys/mingw64/bin/../lib/gcc/avr/12.2.0/avr5\libgcc.a(_exit.o)
                              c:/qmk_msys/mingw64/bin/../lib/gcc/avr/12.2.0/../../../../avr/lib/avr5/crtatmega32u4.o (exit)
c:/qmk_msys/mingw64/bin/../lib/gcc/avr/12.2.0/avr5\libgcc.a(_tablejump2.o)
                              .build/obj_fjlabs_polaris_keymap_split/quantum/action.o (__tablejump2__)
c:/qmk_msys/mingw64/bin/../lib/gcc/avr/12.2.0/avr5\libgcc.a(_copy_data.o)
                              .build/obj_fjlabs_polaris_keymap_split/quantum/quantum.o (__do_copy_data)
c:/qmk_msys/mingw64/bin/../lib/gcc/avr/12.2.0/avr5\libgcc.a(_clear_bss.o)
                              .build/obj_fjlabs_polaris_keymap_split/quantum/quantum.o (__do_clear_bss)
c:/qmk_msys/mingw64/bin/../lib/gcc/avr/12.2.0/avr5\libgcc.a(_popcounthi2.o)
                              .build/obj_fjlabs_polaris_keymap_split/quantum/bitwise.o (__popcounthi2)
c:/qmk_msys/mingw64/bin/../lib/gcc/avr/12.2.0/avr5\libgcc.a(_popcountsi2.o)
                              .build/obj_fjlabs_polaris_keymap_split/quantum/bitwise.o (__popcountsi2)
c:/qmk_msys/mingw64/bin/../lib/gcc/avr/12.2.0/avr5\libgcc.a(_popcountqi2.o)
                              c:/qmk_msys/mingw64/bin/../lib/gcc/avr/12.2.0/avr5\libgcc.a(_popcounthi2.o) (__popcountqi2)
c:/qmk_msys/mingw64/bin/../lib/gcc/avr/12.2.0/avr5\libgcc.a(_prologue.o)
                              .build/obj_fjlabs_polaris_keymap_split/quantum/quantum.o (__prologue_saves__)
c:/qmk_msys/mingw64/bin/../lib/gcc/avr/12.2.0/avr5\libgcc.a(_epilogue.o)
                              .build/obj_fjlabs_polaris_keymap_split/quantum/quantum.o (__epilogue_restores__)
c:/qmk_msys/mingw64/bin/../lib/gcc/avr/12.2.0/avr5\libgcc.a(_udivmodhi4.o)
                              c:/qmk_msys/mingw64/bin/../lib/gcc/avr/12.2.0/avr5\libgcc.a(_divmodhi4.o) (__udivmodhi4)
c:/qmk_msys/mingw64/bin/../lib/gcc/avr/12.2.0/../../../../avr/lib/avr5\libc.a(memcmp.o)
                              .build/obj_fjlabs_polaris_keymap_split/quantum/action_util.o (memcmp)
c:/qmk_msys/mingw64/bin/../lib/gcc/avr/12.2.0/../../../../avr/lib/avr5\libc.a(memcpy.o)
                              .build/obj_fjlabs_polaris_keymap_split/quantum/debounce/sym_defer_g.o (memcpy)
c:/qmk_msys/mingw64/bin/../lib/gcc/avr/12.2.0/../../../../avr/lib/avr5\libc.a(memmove.o)
                              .build/obj_fjlabs_polaris_keymap_split/lib/lufa/LUFA/Drivers/USB/Class/Common/HIDParser.o (memmove)
c:/qmk_msys/mingw64/bin/../lib/gcc/avr/12.2.0/../../../../avr/lib/avr5\libatmega32u4.a(eerd_byte.o)
                              .build/obj_fjlabs_polaris_keymap_split/quantum/eeconfig.o (eeprom_read_byte)
c:/qmk_msys/mingw64/bin/../lib/gcc/avr/12.2.0/../../../../avr/lib/avr5\libatmega32u4.a(eerd_dword.o)
                              .build/obj_fjlabs_polaris_keymap_split/quantum/eeconfig.o (eeprom_read_dword)
c:/qmk_msys/mingw64/bin/../lib/gcc/avr/12.2.0/../../../../avr/lib/avr5\libatmega32u4.a(eerd_word.o)
                              .build/obj_fjlabs_polaris_keymap_split/quantum/eeconfig.o (eeprom_read_word)
c:/qmk_msys/mingw64/bin/../lib/gcc/avr/12.2.0/../../../../avr/lib/avr5\libatmega32u4.a(eeupd_block.o)
                              .build/obj_fjlabs_polaris_keymap_split/quantum/eeconfig.o (eeprom_update_block)
c:/qmk_msys/mingw64/bin/../lib/gcc/avr/12.2.0/../../../../avr/lib/avr5\libatmega32u4.a(eeupd_byte.o)
                              .build/obj_fjlabs_polaris_keymap_split/quantum/eeconfig.o (eeprom_update_byte)
c:/qmk_msys/mingw64/bin/../lib/gcc/avr/12.2.0/../../../../avr/lib/avr5\libatmega32u4.a(eeupd_dword.o)
                              .build/obj_fjlabs_polaris_keymap_split/quantum/eeconfig.o (eeprom_update_dword)
c:/qmk_msys/mingw64/bin/../lib/gcc/avr/12.2.0/../../../../avr/lib/avr5\libatmega32u4.a(eeupd_word.o)
                              .build/obj_fjlabs_polaris_keymap_split/quantum/eeconfig.o (eeprom_update_word)
c:/qmk_msys/mingw64/bin/../lib/gcc/avr/12.2.0/../../../../avr/lib/avr5\libatmega32u4.a(eerd_block.o)
                              c:/qmk_msys/mingw64/bin/../lib/gcc/avr/12.2.0/../../../../avr/lib/avr5\libatmega32u4.a(eerd_dword.o) (eeprom_read_blraw)

Allocating common symbols
Common symbol       size              file

USB_IsInitialized   0x1               .build/obj_fjlabs_polaris_keymap_split/lib/lufa/LUFA/Drivers/USB/Core/USBTask.o
keymap_config       0x2               .build/obj_fjlabs_polaris_keymap_split/quantum/keycode_config.o
USB_DeviceState     0x1               .build/obj_fjlabs_polaris_keymap_split/lib/lufa/LUFA/Drivers/USB/Core/USBTask.o
[...]
Memory Configuration

Name             Origin             Length             Attributes
text             0x00000000         0x00020000         xr
data             0x00800060         0x0000ffa0         rw!x
eeprom           0x00810000         0x00010000         rw!x
fuse             0x00820000         0x00000003         rw!x
lock             0x00830000         0x00000400         rw!x
signature        0x00840000         0x00000400         rw!x
user_signatures  0x00850000         0x00000400         rw!x
*default*        0x00000000         0xffffffff

Linker script and memory map

Address of section .data set to 0x800100
LOAD c:/qmk_msys/mingw64/bin/../lib/gcc/avr/12.2.0/../../../../avr/lib/avr5/crtatmega32u4.o
LOAD .build/obj_fjlabs_polaris_keymap_split/.build/obj_fjlabs_polaris_keymap_split/src/default_keyboard.o
LOAD .build/obj_fjlabs_polaris_keymap_split/quantum/keymap_introspection.o
LOAD .build/obj_fjlabs_polaris_keymap_split/quantum/quantum.o
LOAD .build/obj_fjlabs_polaris_keymap_split/quantum/bitwise.o
LOAD .build/obj_fjlabs_polaris_keymap_split/quantum/led.o
LOAD .build/obj_fjlabs_polaris_keymap_split/quantum/action.o
LOAD .build/obj_fjlabs_polaris_keymap_split/quantum/action_layer.o
LOAD .build/obj_fjlabs_polaris_keymap_split/quantum/action_tapping.o
LOAD .build/obj_fjlabs_polaris_keymap_split/quantum/action_util.o
LOAD .build/obj_fjlabs_polaris_keymap_split/quantum/eeconfig.o
LOAD .build/obj_fjlabs_polaris_keymap_split/quantum/keyboard.o
LOAD .build/obj_fjlabs_polaris_keymap_split/quantum/keymap_common.o
LOAD .build/obj_fjlabs_polaris_keymap_split/quantum/keycode_config.o
LOAD .build/obj_fjlabs_polaris_keymap_split/quantum/sync_timer.o
LOAD .build/obj_fjlabs_polaris_keymap_split/quantum/logging/debug.o
LOAD .build/obj_fjlabs_polaris_keymap_split/quantum/logging/sendchar.o
LOAD .build/obj_fjlabs_polaris_keymap_split/quantum/matrix_common.o
LOAD .build/obj_fjlabs_polaris_keymap_split/quantum/matrix.o
LOAD .build/obj_fjlabs_polaris_keymap_split/quantum/debounce/sym_defer_g.o
LOAD .build/obj_fjlabs_polaris_keymap_split/quantum/main.o
LOAD .build/obj_fjlabs_polaris_keymap_split/platforms/avr/xprintf.o
LOAD .build/obj_fjlabs_polaris_keymap_split/platforms/avr/printf.o
LOAD .build/obj_fjlabs_polaris_keymap_split/quantum/bootmagic/bootmagic.o
LOAD .build/obj_fjlabs_polaris_keymap_split/quantum/command.o
LOAD .build/obj_fjlabs_polaris_keymap_split/quantum/process_keycode/process_grave_esc.o
LOAD .build/obj_fjlabs_polaris_keymap_split/quantum/process_keycode/process_magic.o
LOAD .build/obj_fjlabs_polaris_keymap_split/quantum/mousekey.o
LOAD .build/obj_fjlabs_polaris_keymap_split/quantum/send_string/send_string.o
LOAD .build/obj_fjlabs_polaris_keymap_split/quantum/process_keycode/process_space_cadet.o
LOAD .build/obj_fjlabs_polaris_keymap_split/protocol/host.o
LOAD .build/obj_fjlabs_polaris_keymap_split/protocol/report.o
LOAD .build/obj_fjlabs_polaris_keymap_split/protocol/usb_device_state.o
LOAD .build/obj_fjlabs_polaris_keymap_split/protocol/usb_util.o
LOAD .build/obj_fjlabs_polaris_keymap_split/platforms/suspend.o
LOAD .build/obj_fjlabs_polaris_keymap_split/platforms/synchronization_util.o
LOAD .build/obj_fjlabs_polaris_keymap_split/platforms/timer.o
LOAD .build/obj_fjlabs_polaris_keymap_split/platforms/avr/hardware_id.o
LOAD .build/obj_fjlabs_polaris_keymap_split/platforms/avr/platform.o
LOAD .build/obj_fjlabs_polaris_keymap_split/platforms/avr/suspend.o
LOAD .build/obj_fjlabs_polaris_keymap_split/platforms/avr/timer.o
LOAD .build/obj_fjlabs_polaris_keymap_split/platforms/avr/bootloaders/dfu.o
LOAD .build/obj_fjlabs_polaris_keymap_split/lufa.o
LOAD .build/obj_fjlabs_polaris_keymap_split/usb_descriptor.o
LOAD .build/obj_fjlabs_polaris_keymap_split/lib/lufa/LUFA/Drivers/USB/Class/Common/HIDParser.o
LOAD .build/obj_fjlabs_polaris_keymap_split/lib/lufa/LUFA/Drivers/USB/Core/AVR8/Device_AVR8.o
LOAD .build/obj_fjlabs_polaris_keymap_split/lib/lufa/LUFA/Drivers/USB/Core/AVR8/EndpointStream_AVR8.o
LOAD .build/obj_fjlabs_polaris_keymap_split/lib/lufa/LUFA/Drivers/USB/Core/AVR8/Endpoint_AVR8.o
LOAD .build/obj_fjlabs_polaris_keymap_split/lib/lufa/LUFA/Drivers/USB/Core/AVR8/Host_AVR8.o
LOAD .build/obj_fjlabs_polaris_keymap_split/lib/lufa/LUFA/Drivers/USB/Core/AVR8/PipeStream_AVR8.o
LOAD .build/obj_fjlabs_polaris_keymap_split/lib/lufa/LUFA/Drivers/USB/Core/AVR8/Pipe_AVR8.o
LOAD .build/obj_fjlabs_polaris_keymap_split/lib/lufa/LUFA/Drivers/USB/Core/AVR8/USBController_AVR8.o
LOAD .build/obj_fjlabs_polaris_keymap_split/lib/lufa/LUFA/Drivers/USB/Core/AVR8/USBInterrupt_AVR8.o
LOAD .build/obj_fjlabs_polaris_keymap_split/lib/lufa/LUFA/Drivers/USB/Core/ConfigDescriptors.o
LOAD .build/obj_fjlabs_polaris_keymap_split/lib/lufa/LUFA/Drivers/USB/Core/DeviceStandardReq.o
LOAD .build/obj_fjlabs_polaris_keymap_split/lib/lufa/LUFA/Drivers/USB/Core/Events.o
LOAD .build/obj_fjlabs_polaris_keymap_split/lib/lufa/LUFA/Drivers/USB/Core/HostStandardReq.o
LOAD .build/obj_fjlabs_polaris_keymap_split/lib/lufa/LUFA/Drivers/USB/Core/USBTask.o
LOAD .build/obj_fjlabs_polaris_keymap_split/protocol/lufa/usb_util.o
LOAD c:/qmk_msys/mingw64/bin/../lib/gcc/avr/12.2.0/../../../../avr/lib/avr5\libm.a
START GROUP
LOAD c:/qmk_msys/mingw64/bin/../lib/gcc/avr/12.2.0/avr5\libgcc.a
LOAD c:/qmk_msys/mingw64/bin/../lib/gcc/avr/12.2.0/../../../../avr/lib/avr5\libm.a
LOAD c:/qmk_msys/mingw64/bin/../lib/gcc/avr/12.2.0/../../../../avr/lib/avr5\libc.a
LOAD c:/qmk_msys/mingw64/bin/../lib/gcc/avr/12.2.0/../../../../avr/lib/avr5\libatmega32u4.a
END GROUP
                0x00020000                        __TEXT_REGION_LENGTH__ = DEFINED (__TEXT_REGION_LENGTH__)?__TEXT_REGION_LENGTH__:0x20000
                0x00800060                        __DATA_REGION_ORIGIN__ = DEFINED (__DATA_REGION_ORIGIN__)?__DATA_REGION_ORIGIN__:0x800060
                0x0000ffa0                        __DATA_REGION_LENGTH__ = DEFINED (__DATA_REGION_LENGTH__)?__DATA_REGION_LENGTH__:0xffa0
                0x00010000                        __EEPROM_REGION_LENGTH__ = DEFINED (__EEPROM_REGION_LENGTH__)?__EEPROM_REGION_LENGTH__:0x10000
                [0x00000003]                      __FUSE_REGION_LENGTH__ = DEFINED (__FUSE_REGION_LENGTH__)?__FUSE_REGION_LENGTH__:0x400
                0x00000400                        __LOCK_REGION_LENGTH__ = DEFINED (__LOCK_REGION_LENGTH__)?__LOCK_REGION_LENGTH__:0x400
                0x00000400                        __SIGNATURE_REGION_LENGTH__ = DEFINED (__SIGNATURE_REGION_LENGTH__)?__SIGNATURE_REGION_LENGTH__:0x400
                0x00000400                        __USER_SIGNATURE_REGION_LENGTH__ = DEFINED (__USER_SIGNATURE_REGION_LENGTH__)?__USER_SIGNATURE_REGION_LENGTH__:0x400

.hash
 *(.hash)

.dynsym
 *(.dynsym)

.dynstr
 *(.dynstr)

.gnu.version
 *(.gnu.version)

.gnu.version_d
 *(.gnu.version_d)

.gnu.version_r
 *(.gnu.version_r)

.rel.init
 *(.rel.init)

.rela.init
 *(.rela.init)

.rel.text
 *(.rel.text)
 *(.rel.text.*)
 *(.rel.gnu.linkonce.t*)

.rela.text
 *(.rela.text)
 *(.rela.text.*)
 *(.rela.gnu.linkonce.t*)

.rel.fini
 *(.rel.fini)

.rela.fini
 *(.rela.fini)

.rel.rodata
 *(.rel.rodata)
 *(.rel.rodata.*)
 *(.rel.gnu.linkonce.r*)

.rela.rodata
 *(.rela.rodata)
 *(.rela.rodata.*)
 *(.rela.gnu.linkonce.r*)

.rel.data
 *(.rel.data)
 *(.rel.data.*)
 *(.rel.gnu.linkonce.d*)

.rela.data
 *(.rela.data)
 *(.rela.data.*)
 *(.rela.gnu.linkonce.d*)

.rel.ctors
 *(.rel.ctors)

.rela.ctors
 *(.rela.ctors)

.rel.dtors
 *(.rel.dtors)

.rela.dtors
 *(.rela.dtors)

.rel.got
 *(.rel.got)

.rela.got
 *(.rela.got)

.rel.bss
 *(.rel.bss)

.rela.bss
 *(.rela.bss)

.rel.plt
 *(.rel.plt)

.rela.plt
 *(.rela.plt)

.text           0x00000000     0x48e8
 *(.vectors)
 .vectors       0x00000000       0xac c:/qmk_msys/mingw64/bin/../lib/gcc/avr/12.2.0/../../../../avr/lib/avr5/crtatmega32u4.o
                0x00000000                __vector_default
                0x00000000                __vectors
 *(.vectors)
 *(.progmem.gcc*)
                0x000000ac                        . = ALIGN (0x2)
                0x000000ac                        __trampolines_start = .
 *(.trampolines)
 .trampolines   0x000000ac        0x0 linker stubs
 *(.trampolines*)
                0x000000ac                        __trampolines_end = .
 *libprintf_flt.a:*(.progmem.data)
 *libc.a:*(.progmem.data)
 *(.progmem.*)
 .progmem.data.__c.0
                0x000000ac       0x11 .build/obj_fjlabs_polaris_keymap_split/quantum/keymap_introspection.o
 .progmem.data.__c.1
                0x000000bd       0x1a .build/obj_fjlabs_polaris_keymap_split/quantum/keymap_introspection.o
 .progmem.data.__c.2
                0x000000d7       0x10 .build/obj_fjlabs_polaris_keymap_split/quantum/keymap_introspection.o
 .progmem.data.__c.3
                0x000000e7       0x1e .build/obj_fjlabs_polaris_keymap_split/quantum/keymap_introspection.o
 .progmem.data.__c.4
                0x00000105       0x1a .build/obj_fjlabs_polaris_keymap_split/quantum/keymap_introspection.o
 .progmem.data.__c.5
                0x0000011f       0x1a .build/obj_fjlabs_polaris_keymap_split/quantum/keymap_introspection.o
 .progmem.data.keymaps
                0x00000139      0x230 .build/obj_fjlabs_polaris_keymap_split/quantum/keymap_introspection.o
                0x00000139                keymaps
 .progmem.data.ascii_to_keycode_lut
                0x00000369       0x80 .build/obj_fjlabs_polaris_keymap_split/quantum/send_string/send_string.o
                0x00000369                ascii_to_keycode_lut
 .progmem.data.ascii_to_dead_lut
                0x000003e9       0x10 .build/obj_fjlabs_polaris_keymap_split/quantum/send_string/send_string.o
                0x000003e9                ascii_to_dead_lut
 .progmem.data.ascii_to_altgr_lut
                0x000003f9       0x10 .build/obj_fjlabs_polaris_keymap_split/quantum/send_string/send_string.o
                0x000003f9                ascii_to_altgr_lut
 .progmem.data.ascii_to_shift_lut
                0x00000409       0x10 .build/obj_fjlabs_polaris_keymap_split/quantum/send_string/send_string.o
                0x00000409                ascii_to_shift_lut
 .progmem.data.ProductString
                0x00000419       0x12 .build/obj_fjlabs_polaris_keymap_split/usb_descriptor.o
                0x00000419                ProductString
 .progmem.data.ManufacturerString
                0x0000042b       0x20 .build/obj_fjlabs_polaris_keymap_split/usb_descriptor.o
                0x0000042b                ManufacturerString
 .progmem.data.LanguageString
                0x0000044b        0x4 .build/obj_fjlabs_polaris_keymap_split/usb_descriptor.o
                0x0000044b                LanguageString
 .progmem.data.ConfigurationDescriptor
                0x0000044f       0x3b .build/obj_fjlabs_polaris_keymap_split/usb_descriptor.o
                0x0000044f                ConfigurationDescriptor
 .progmem.data.DeviceDescriptor
                0x0000048a       0x12 .build/obj_fjlabs_polaris_keymap_split/usb_descriptor.o
                0x0000048a                DeviceDescriptor
 .progmem.data.SharedReport
                0x0000049c       0xb6 .build/obj_fjlabs_polaris_keymap_split/usb_descriptor.o
                0x0000049c                SharedReport
 .progmem.data.KeyboardReport
                0x00000552       0x44 .build/obj_fjlabs_polaris_keymap_split/usb_descriptor.o
                0x00000552                KeyboardReport
                0x00000596                        . = ALIGN (0x2)
 *(.lowtext)
 *(.lowtext*)
                0x00000596                        __ctors_start = .
 *(.ctors)
                0x00000596                        __ctors_end = .
                0x00000596                        __dtors_start = .
 *(.dtors)
                0x00000596                        __dtors_end = .
 SORT_BY_NAME(*)(.ctors)
 SORT_BY_NAME(*)(.dtors)
 *(.init0)
 .init0         0x00000596        0x0 c:/qmk_msys/mingw64/bin/../lib/gcc/avr/12.2.0/../../../../avr/lib/avr5/crtatmega32u4.o
                0x00000596                __init
 *(.init0)
 *(.init1)
 *(.init1)
 *(.init2)
 .init2         0x00000596        0xc c:/qmk_msys/mingw64/bin/../lib/gcc/avr/12.2.0/../../../../avr/lib/avr5/crtatmega32u4.o
 *(.init2)
 *(.init3)
 .init3         0x000005a2       0x36 .build/obj_fjlabs_polaris_keymap_split/platforms/avr/bootloaders/dfu.o
                0x000005a2                bootloader_jump_after_watchdog_reset
 *(.init3)
 *(.init4)
 .init4         0x000005d8       0x16 c:/qmk_msys/mingw64/bin/../lib/gcc/avr/12.2.0/avr5\libgcc.a(_copy_data.o)
                0x000005d8                __do_copy_data
 .init4         0x000005ee       0x10 c:/qmk_msys/mingw64/bin/../lib/gcc/avr/12.2.0/avr5\libgcc.a(_clear_bss.o)
                0x000005ee                __do_clear_bss
 *(.init4)
 *(.init5)
 *(.init5)
 *(.init6)
 *(.init6)
 *(.init7)
 *(.init7)
 *(.init8)
 *(.init8)
 *(.init9)
 .init9         0x000005fe        0x8 c:/qmk_msys/mingw64/bin/../lib/gcc/avr/12.2.0/../../../../avr/lib/avr5/crtatmega32u4.o
 *(.init9)
 *(.text)
 .text          0x00000606        0x4 c:/qmk_msys/mingw64/bin/../lib/gcc/avr/12.2.0/../../../../avr/lib/avr5/crtatmega32u4.o
                0x00000606                __vector_38
                0x00000606                __vector_22
                0x00000606                __vector_28
                0x00000606                __vector_1
                0x00000606                __vector_32
                0x00000606                __vector_34
                0x00000606                __vector_24
                0x00000606                __bad_interrupt
                0x00000606                __vector_6
                0x00000606                __vector_31
                0x00000606                __vector_35
                0x00000606                __vector_39
                0x00000606                __vector_3
                0x00000606                __vector_23
                0x00000606                __vector_30
                0x00000606                __vector_25
                0x00000606                __vector_13
                0x00000606                __vector_17
                0x00000606                __vector_19
                0x00000606                __vector_7
                0x00000606                __vector_41
                0x00000606                __vector_27
                0x00000606                __vector_5
                0x00000606                __vector_33
                0x00000606                __vector_37
                0x00000606                __vector_4
                0x00000606                __vector_9
                0x00000606                __vector_2
                0x00000606                __vector_15
                0x00000606                __vector_36
                0x00000606                __vector_29
                0x00000606                __vector_40
                0x00000606                __vector_8
                0x00000606                __vector_26
                0x00000606                __vector_14
                0x00000606                __vector_16
                0x00000606                __vector_18
                0x00000606                __vector_20
                0x00000606                __vector_42
                0x0000060a                        . = ALIGN (0x2)
 *(.text.*)
 .text.process_record_user
                0x0000060a       0x8e .build/obj_fjlabs_polaris_keymap_split/quantum/keymap_introspection.o
                0x0000060a                process_record_user
 .text.keycode_at_keymap_location_raw
                0x00000698       0x38 .build/obj_fjlabs_polaris_keymap_split/quantum/keymap_introspection.o
                0x00000698                keycode_at_keymap_location_raw
 .text.keycode_at_keymap_location
                0x000006d0        0x6 .build/obj_fjlabs_polaris_keymap_split/quantum/keymap_introspection.o
                0x000006d0                keycode_at_keymap_location
 .text.pre_process_record_user
                0x000006d6        0x4 .build/obj_fjlabs_polaris_keymap_split/quantum/quantum.o
                0x000006d6                pre_process_record_user
 .text.pre_process_record_kb
                0x000006da        0x6 .build/obj_fjlabs_polaris_keymap_split/quantum/quantum.o
                0x000006da                pre_process_record_kb
 .text.process_action_kb
                0x000006e0        0x4 .build/obj_fjlabs_polaris_keymap_split/quantum/quantum.o
                0x000006e0                process_action_kb
 .text.process_record_kb
                0x000006e4        0x6 .build/obj_fjlabs_polaris_keymap_split/quantum/quantum.o
                0x000006e4                process_record_kb
 .text.post_process_record_user
                0x000006ea        0x2 .build/obj_fjlabs_polaris_keymap_split/quantum/quantum.o
                0x000006ea                post_process_record_user
 .text.post_process_record_kb
                0x000006ec        0x6 .build/obj_fjlabs_polaris_keymap_split/quantum/quantum.o
                0x000006ec                post_process_record_kb
 .text.get_event_keycode
                0x000006f2       0x5c .build/obj_fjlabs_polaris_keymap_split/quantum/quantum.o
                0x000006f2                get_event_keycode
 .text.get_record_keycode
                0x0000074e       0x16 .build/obj_fjlabs_polaris_keymap_split/quantum/quantum.o
                0x0000074e                get_record_keycode
 .text.pre_process_record_quantum
                0x00000764       0x1c .build/obj_fjlabs_polaris_keymap_split/quantum/quantum.o
                0x00000764                pre_process_record_quantum
 .text.post_process_record_quantum
                0x00000780       0x1c .build/obj_fjlabs_polaris_keymap_split/quantum/quantum.o
                0x00000780                post_process_record_quantum
 .text.shutdown_user
                0x0000079c        0x4 .build/obj_fjlabs_polaris_keymap_split/quantum/quantum.o
                0x0000079c                shutdown_user
 .text.shutdown_kb
                0x000007a0        0x6 .build/obj_fjlabs_polaris_keymap_split/quantum/quantum.o
                0x000007a0                shutdown_kb
 .text.shutdown_quantum
                0x000007a6       0x24 .build/obj_fjlabs_polaris_keymap_split/quantum/quantum.o
                0x000007a6                shutdown_quantum
 .text.reset_keyboard
                0x000007ca        0xc .build/obj_fjlabs_polaris_keymap_split/quantum/quantum.o
                0x000007ca                reset_keyboard
 .text.soft_reset_keyboard
                0x000007d6        0xc .build/obj_fjlabs_polaris_keymap_split/quantum/quantum.o
                0x000007d6                soft_reset_keyboard
 .text.process_record_quantum
                0x000007e2       0xaa .build/obj_fjlabs_polaris_keymap_split/quantum/quantum.o
                0x000007e2                process_record_quantum
 .text.suspend_power_down_quantum
                0x0000088c        0xa .build/obj_fjlabs_polaris_keymap_split/quantum/quantum.o
                0x0000088c                suspend_power_down_quantum
 .text.suspend_wakeup_init_quantum
                0x00000896        0xa .build/obj_fjlabs_polaris_keymap_split/quantum/quantum.o
                0x00000896                suspend_wakeup_init_quantum
 .text.led_set_user
                0x000008a0        0x2 .build/obj_fjlabs_polaris_keymap_split/quantum/led.o
                0x000008a0                led_set_user
 .text.led_update_user
                0x000008a2        0x4 .build/obj_fjlabs_polaris_keymap_split/quantum/led.o
                0x000008a2                led_update_user
 .text.led_update_ports
                0x000008a6        0xc .build/obj_fjlabs_polaris_keymap_split/quantum/led.o
                0x000008a6                led_update_ports
 .text.led_update_kb
                0x000008b2       0x1e .build/obj_fjlabs_polaris_keymap_split/quantum/led.o
                0x000008b2                led_update_kb
 .text.led_init_ports
                0x000008d0        0x6 .build/obj_fjlabs_polaris_keymap_split/quantum/led.o
                0x000008d0                led_init_ports
 .text.led_set  0x000008d6       0x12 .build/obj_fjlabs_polaris_keymap_split/quantum/led.o
                0x000008d6                led_set
 .text.led_suspend
                0x000008e8        0x8 .build/obj_fjlabs_polaris_keymap_split/quantum/led.o
                0x000008e8                led_suspend
 .text.led_wakeup
                0x000008f0        0xa .build/obj_fjlabs_polaris_keymap_split/quantum/led.o
                0x000008f0                led_wakeup
 .text.led_task
                0x000008fa       0x32 .build/obj_fjlabs_polaris_keymap_split/quantum/led.o
                0x000008fa                led_task
 .text.action_exec
                0x0000092c       0x60 .build/obj_fjlabs_polaris_keymap_split/quantum/action.o
                0x0000092c                action_exec
 .text.process_record_tap_hint
                0x0000098c       0x12 .build/obj_fjlabs_polaris_keymap_split/quantum/action.o
                0x0000098c                process_record_tap_hint
 .text.register_mouse
                0x0000099e       0x14 .build/obj_fjlabs_polaris_keymap_split/quantum/action.o
                0x0000099e                register_mouse
 .text.register_code
                0x000009b2      0x124 .build/obj_fjlabs_polaris_keymap_split/quantum/action.o
                0x000009b2                register_code
 .text.unregister_code
                0x00000ad6       0xb4 .build/obj_fjlabs_polaris_keymap_split/quantum/action.o
                0x00000ad6                unregister_code
 .text.tap_code_delay
                0x00000b8a       0x30 .build/obj_fjlabs_polaris_keymap_split/quantum/action.o
                0x00000b8a                tap_code_delay
 .text.tap_code
                0x00000bba       0x12 .build/obj_fjlabs_polaris_keymap_split/quantum/action.o
                0x00000bba                tap_code
 .text.register_mods
                0x00000bcc        0xe .build/obj_fjlabs_polaris_keymap_split/quantum/action.o
                0x00000bcc                register_mods
 .text.unregister_mods
                0x00000bda        0xe .build/obj_fjlabs_polaris_keymap_split/quantum/action.o
                0x00000bda                unregister_mods
 .text.process_action
                0x00000be8      0x3fc .build/obj_fjlabs_polaris_keymap_split/quantum/action.o
                0x00000be8                process_action
 .text.process_record_handler
                0x00000fe4       0x30 .build/obj_fjlabs_polaris_keymap_split/quantum/action.o
                0x00000fe4                process_record_handler
 .text.process_record
                0x00001014       0x46 .build/obj_fjlabs_polaris_keymap_split/quantum/action.o
                0x00001014                process_record
 .text.clear_keyboard_but_mods_and_keys
                0x0000105a       0x22 .build/obj_fjlabs_polaris_keymap_split/quantum/action.o
                0x0000105a                clear_keyboard_but_mods_and_keys
 .text.clear_keyboard_but_mods
                0x0000107c        0xa .build/obj_fjlabs_polaris_keymap_split/quantum/action.o
                0x0000107c                clear_keyboard_but_mods
 .text.clear_keyboard
                0x00001086        0xa .build/obj_fjlabs_polaris_keymap_split/quantum/action.o
                0x00001086                clear_keyboard
 .text.is_tap_action
                0x00001090       0x3a .build/obj_fjlabs_polaris_keymap_split/quantum/action.o
                0x00001090                is_tap_action
 .text.is_tap_record
                0x000010ca       0x1a .build/obj_fjlabs_polaris_keymap_split/quantum/action.o
                0x000010ca                is_tap_record
 .text.debug_event
                0x000010e4       0x14 .build/obj_fjlabs_polaris_keymap_split/quantum/action.o
                0x000010e4                debug_event
 .text.debug_record
                0x000010f8       0x14 .build/obj_fjlabs_polaris_keymap_split/quantum/action.o
                0x000010f8                debug_record
 .text.default_layer_state_set_user
                0x0000110c        0x2 .build/obj_fjlabs_polaris_keymap_split/quantum/action_layer.o
                0x0000110c                default_layer_state_set_user
 .text.default_layer_state_set_kb
                0x0000110e        0x6 .build/obj_fjlabs_polaris_keymap_split/quantum/action_layer.o
                0x0000110e                default_layer_state_set_kb
 .text.default_layer_state_set
                0x00001114        0xe .build/obj_fjlabs_polaris_keymap_split/quantum/action_layer.o
 .text.default_layer_debug
                0x00001122        0x2 .build/obj_fjlabs_polaris_keymap_split/quantum/action_layer.o
                0x00001122                default_layer_debug
 .text.default_layer_set
                0x00001124        0x6 .build/obj_fjlabs_polaris_keymap_split/quantum/action_layer.o
                0x00001124                default_layer_set
 .text.default_layer_or
                0x0000112a       0x12 .build/obj_fjlabs_polaris_keymap_split/quantum/action_layer.o
                0x0000112a                default_layer_or
 .text.default_layer_and
                0x0000113c       0x12 .build/obj_fjlabs_polaris_keymap_split/quantum/action_layer.o
                0x0000113c                default_layer_and
 .text.default_layer_xor
                0x0000114e       0x12 .build/obj_fjlabs_polaris_keymap_split/quantum/action_layer.o
                0x0000114e                default_layer_xor
 .text.layer_state_set_user
                0x00001160        0x6 .build/obj_fjlabs_polaris_keymap_split/quantum/action_layer.o
                0x00001160                layer_state_set_user
 .text.layer_state_set_kb
                0x00001166        0x6 .build/obj_fjlabs_polaris_keymap_split/quantum/action_layer.o
                0x00001166                layer_state_set_kb
 .text.layer_state_set
                0x0000116c        0xe .build/obj_fjlabs_polaris_keymap_split/quantum/action_layer.o
                0x0000116c                layer_state_set
 .text.layer_clear
                0x0000117a        0xa .build/obj_fjlabs_polaris_keymap_split/quantum/action_layer.o
                0x0000117a                layer_clear
 .text.layer_move
                0x00001184       0x18 .build/obj_fjlabs_polaris_keymap_split/quantum/action_layer.o
                0x00001184                layer_move
 .text.layer_on
                0x0000119c       0x20 .build/obj_fjlabs_polaris_keymap_split/quantum/action_layer.o
                0x0000119c                layer_on
 .text.layer_off
                0x000011bc       0x24 .build/obj_fjlabs_polaris_keymap_split/quantum/action_layer.o
                0x000011bc                layer_off
 .text.layer_invert
                0x000011e0       0x20 .build/obj_fjlabs_polaris_keymap_split/quantum/action_layer.o
                0x000011e0                layer_invert
 .text.layer_or
                0x00001200       0x12 .build/obj_fjlabs_polaris_keymap_split/quantum/action_layer.o
                0x00001200                layer_or
 .text.layer_and
                0x00001212       0x12 .build/obj_fjlabs_polaris_keymap_split/quantum/action_layer.o
                0x00001212                layer_and
 .text.layer_xor
                0x00001224       0x12 .build/obj_fjlabs_polaris_keymap_split/quantum/action_layer.o
                0x00001224                layer_xor
 .text.layer_debug
                0x00001236        0x2 .build/obj_fjlabs_polaris_keymap_split/quantum/action_layer.o
                0x00001236                layer_debug
 .text.update_source_layers_cache_impl
                0x00001238       0x5a .build/obj_fjlabs_polaris_keymap_split/quantum/action_layer.o
                0x00001238                update_source_layers_cache_impl
 .text.read_source_layers_cache_impl
                0x00001292       0x50 .build/obj_fjlabs_polaris_keymap_split/quantum/action_layer.o
                0x00001292                read_source_layers_cache_impl
 .text.update_source_layers_cache
                0x000012e2       0x24 .build/obj_fjlabs_polaris_keymap_split/quantum/action_layer.o
                0x000012e2                update_source_layers_cache
 .text.read_source_layers_cache
                0x00001306       0x24 .build/obj_fjlabs_polaris_keymap_split/quantum/action_layer.o
                0x00001306                read_source_layers_cache
 .text.layer_switch_get_layer
                0x0000132a       0x64 .build/obj_fjlabs_polaris_keymap_split/quantum/action_layer.o
                0x0000132a                layer_switch_get_layer
 .text.layer_switch_get_action
                0x0000138e       0x1a .build/obj_fjlabs_polaris_keymap_split/quantum/action_layer.o
                0x0000138e                layer_switch_get_action
 .text.store_or_get_action
                0x000013a8       0x52 .build/obj_fjlabs_polaris_keymap_split/quantum/action_layer.o
                0x000013a8                store_or_get_action
 .text.debug_waiting_buffer
                0x000013fa       0x44 .build/obj_fjlabs_polaris_keymap_split/quantum/action_tapping.o
 .text.debug_tapping_key
                0x0000143e       0x22 .build/obj_fjlabs_polaris_keymap_split/quantum/action_tapping.o
 .text.waiting_buffer_scan_tap
                0x00001460       0xa2 .build/obj_fjlabs_polaris_keymap_split/quantum/action_tapping.o
 .text.waiting_buffer_typed.isra.0
                0x00001502       0x3e .build/obj_fjlabs_polaris_keymap_split/quantum/action_tapping.o
 .text.process_tapping
                0x00001540      0x2f4 .build/obj_fjlabs_polaris_keymap_split/quantum/action_tapping.o
 .text.action_tapping_process
                0x00001834      0x10c .build/obj_fjlabs_polaris_keymap_split/quantum/action_tapping.o
                0x00001834                action_tapping_process
 .text.get_oneshot_layer
                0x00001940        0xc .build/obj_fjlabs_polaris_keymap_split/quantum/action_util.o
                0x00001940                get_oneshot_layer
 .text.get_oneshot_layer_state
                0x0000194c        0x8 .build/obj_fjlabs_polaris_keymap_split/quantum/action_util.o
                0x0000194c                get_oneshot_layer_state
 .text.is_oneshot_layer_active
                0x00001954       0x10 .build/obj_fjlabs_polaris_keymap_split/quantum/action_util.o
                0x00001954                is_oneshot_layer_active
 .text.get_mods
                0x00001964        0x6 .build/obj_fjlabs_polaris_keymap_split/quantum/action_util.o
                0x00001964                get_mods
 .text.add_mods
                0x0000196a        0xc .build/obj_fjlabs_polaris_keymap_split/quantum/action_util.o
                0x0000196a                add_mods
 .text.del_mods
                0x00001976       0x10 .build/obj_fjlabs_polaris_keymap_split/quantum/action_util.o
                0x00001976                del_mods
 .text.clear_mods
                0x00001986        0x6 .build/obj_fjlabs_polaris_keymap_split/quantum/action_util.o
                0x00001986                clear_mods
 .text.add_weak_mods
                0x0000198c        0xc .build/obj_fjlabs_polaris_keymap_split/quantum/action_util.o
                0x0000198c                add_weak_mods
 .text.del_weak_mods
                0x00001998       0x10 .build/obj_fjlabs_polaris_keymap_split/quantum/action_util.o
                0x00001998                del_weak_mods
 .text.clear_weak_mods
                0x000019a8        0x6 .build/obj_fjlabs_polaris_keymap_split/quantum/action_util.o
                0x000019a8                clear_weak_mods
 .text.oneshot_locked_mods_changed_user
                0x000019ae        0x2 .build/obj_fjlabs_polaris_keymap_split/quantum/action_util.o
                0x000019ae                oneshot_locked_mods_changed_user
 .text.oneshot_locked_mods_changed_kb
                0x000019b0        0x6 .build/obj_fjlabs_polaris_keymap_split/quantum/action_util.o
                0x000019b0                oneshot_locked_mods_changed_kb
 .text.del_oneshot_locked_mods
                0x000019b6       0x1a .build/obj_fjlabs_polaris_keymap_split/quantum/action_util.o
                0x000019b6                del_oneshot_locked_mods
 .text.oneshot_mods_changed_user
                0x000019d0        0x2 .build/obj_fjlabs_polaris_keymap_split/quantum/action_util.o
                0x000019d0                oneshot_mods_changed_user
 .text.oneshot_mods_changed_kb
                0x000019d2        0x6 .build/obj_fjlabs_polaris_keymap_split/quantum/action_util.o
                0x000019d2                oneshot_mods_changed_kb
 .text.add_oneshot_mods
                0x000019d8       0x18 .build/obj_fjlabs_polaris_keymap_split/quantum/action_util.o
                0x000019d8                add_oneshot_mods
 .text.del_oneshot_mods
                0x000019f0       0x1a .build/obj_fjlabs_polaris_keymap_split/quantum/action_util.o
                0x000019f0                del_oneshot_mods
 .text.clear_oneshot_mods
                0x00001a0a       0x14 .build/obj_fjlabs_polaris_keymap_split/quantum/action_util.o
                0x00001a0a                clear_oneshot_mods
 .text.get_mods_for_report
                0x00001a1e       0x2a .build/obj_fjlabs_polaris_keymap_split/quantum/action_util.o
 .text.send_6kro_report
                0x00001a48       0x48 .build/obj_fjlabs_polaris_keymap_split/quantum/action_util.o
                0x00001a48                send_6kro_report
 .text.send_nkro_report
                0x00001a90       0x48 .build/obj_fjlabs_polaris_keymap_split/quantum/action_util.o
                0x00001a90                send_nkro_report
 .text.send_keyboard_report
                0x00001ad8       0x1c .build/obj_fjlabs_polaris_keymap_split/quantum/action_util.o
                0x00001ad8                send_keyboard_report
 .text.oneshot_layer_changed_user
                0x00001af4        0x2 .build/obj_fjlabs_polaris_keymap_split/quantum/action_util.o
                0x00001af4                oneshot_layer_changed_user
 .text.oneshot_layer_changed_kb
                0x00001af6        0x6 .build/obj_fjlabs_polaris_keymap_split/quantum/action_util.o
                0x00001af6                oneshot_layer_changed_kb
 .text.set_oneshot_layer
                0x00001afc       0x30 .build/obj_fjlabs_polaris_keymap_split/quantum/action_util.o
                0x00001afc                set_oneshot_layer
 .text.reset_oneshot_layer
                0x00001b2c        0xc .build/obj_fjlabs_polaris_keymap_split/quantum/action_util.o
                0x00001b2c                reset_oneshot_layer
 .text.clear_oneshot_layer_state
                0x00001b38       0x30 .build/obj_fjlabs_polaris_keymap_split/quantum/action_util.o
                0x00001b38                clear_oneshot_layer_state
 .text.oneshot_set
                0x00001b68       0x2a .build/obj_fjlabs_polaris_keymap_split/quantum/action_util.o
                0x00001b68                oneshot_set
 .text.oneshot_toggle
                0x00001b92       0x14 .build/obj_fjlabs_polaris_keymap_split/quantum/action_util.o
                0x00001b92                oneshot_toggle
 .text.oneshot_enable
                0x00001ba6        0x8 .build/obj_fjlabs_polaris_keymap_split/quantum/action_util.o
                0x00001ba6                oneshot_enable
 .text.oneshot_disable
                0x00001bae        0x8 .build/obj_fjlabs_polaris_keymap_split/quantum/action_util.o
                0x00001bae                oneshot_disable
 .text.eeconfig_disable
                0x00001bb6        0xe .build/obj_fjlabs_polaris_keymap_split/quantum/eeconfig.o
                0x00001bb6                eeconfig_disable
 .text.eeconfig_is_enabled
                0x00001bc4       0x16 .build/obj_fjlabs_polaris_keymap_split/quantum/eeconfig.o
                0x00001bc4                eeconfig_is_enabled
 .text.eeconfig_read_debug
                0x00001bda        0xa .build/obj_fjlabs_polaris_keymap_split/quantum/eeconfig.o
                0x00001bda                eeconfig_read_debug
 .text.eeconfig_read_default_layer
                0x00001be4        0xa .build/obj_fjlabs_polaris_keymap_split/quantum/eeconfig.o
                0x00001be4                eeconfig_read_default_layer
 .text.eeconfig_read_keymap
                0x00001bee        0xa .build/obj_fjlabs_polaris_keymap_split/quantum/eeconfig.o
                0x00001bee                eeconfig_read_keymap
 .text.eeconfig_update_keymap
                0x00001bf8        0xc .build/obj_fjlabs_polaris_keymap_split/quantum/eeconfig.o
                0x00001bf8                eeconfig_update_keymap
 .text.eeconfig_update_kb
                0x00001c04        0xe .build/obj_fjlabs_polaris_keymap_split/quantum/eeconfig.o
                0x00001c04                eeconfig_update_kb
 .text.eeconfig_update_user
                0x00001c12        0xe .build/obj_fjlabs_polaris_keymap_split/quantum/eeconfig.o
                0x00001c12                eeconfig_update_user
 .text.eeconfig_init_user
                0x00001c20        0xc .build/obj_fjlabs_polaris_keymap_split/quantum/eeconfig.o
                0x00001c20                eeconfig_init_user
 .text.eeconfig_init_kb
                0x00001c2c       0x10 .build/obj_fjlabs_polaris_keymap_split/quantum/eeconfig.o
                0x00001c2c                eeconfig_init_kb
 .text.eeconfig_init_quantum
                0x00001c3c       0xbe .build/obj_fjlabs_polaris_keymap_split/quantum/eeconfig.o
                0x00001c3c                eeconfig_init_quantum
 .text.eeconfig_init
                0x00001cfa        0x6 .build/obj_fjlabs_polaris_keymap_split/quantum/eeconfig.o
                0x00001cfa                eeconfig_init
 .text.eeconfig_update_handedness
                0x00001d00        0xc .build/obj_fjlabs_polaris_keymap_split/quantum/eeconfig.o
                0x00001d00                eeconfig_update_handedness
 .text.generate_tick_event
                0x00001d0c       0x46 .build/obj_fjlabs_polaris_keymap_split/quantum/keyboard.o
 .text.last_matrix_activity_trigger
                0x00001d52       0x26 .build/obj_fjlabs_polaris_keymap_split/quantum/keyboard.o
                0x00001d52                last_matrix_activity_trigger
 .text.keyboard_pre_init_user
                0x00001d78        0x2 .build/obj_fjlabs_polaris_keymap_split/quantum/keyboard.o
                0x00001d78                keyboard_pre_init_user
 .text.matrix_setup
                0x00001d7a        0x2 .build/obj_fjlabs_polaris_keymap_split/quantum/keyboard.o
                0x00001d7a                matrix_setup
 .text.keyboard_pre_init_kb
                0x00001d7c        0x6 .build/obj_fjlabs_polaris_keymap_split/quantum/keyboard.o
                0x00001d7c                keyboard_pre_init_kb
 .text.keyboard_post_init_user
                0x00001d82        0x2 .build/obj_fjlabs_polaris_keymap_split/quantum/keyboard.o
                0x00001d82                keyboard_post_init_user
 .text.keyboard_post_init_kb
                0x00001d84        0x6 .build/obj_fjlabs_polaris_keymap_split/quantum/keyboard.o
                0x00001d84                keyboard_post_init_kb
 .text.keyboard_setup
                0x00001d8a       0x12 .build/obj_fjlabs_polaris_keymap_split/quantum/keyboard.o
                0x00001d8a                keyboard_setup
 .text.is_keyboard_master
                0x00001d9c        0x4 .build/obj_fjlabs_polaris_keymap_split/quantum/keyboard.o
                0x00001d9c                is_keyboard_master
 .text.matrix_can_read
                0x00001da0        0x6 .build/obj_fjlabs_polaris_keymap_split/quantum/keyboard.o
                0x00001da0                matrix_can_read
 .text.should_process_keypress
                0x00001da6        0x6 .build/obj_fjlabs_polaris_keymap_split/quantum/keyboard.o
                0x00001da6                should_process_keypress
 .text.housekeeping_task_kb
                0x00001dac        0x2 .build/obj_fjlabs_polaris_keymap_split/quantum/keyboard.o
                0x00001dac                housekeeping_task_kb
 .text.housekeeping_task_user
                0x00001dae        0x2 .build/obj_fjlabs_polaris_keymap_split/quantum/keyboard.o
                0x00001dae                housekeeping_task_user
 .text.housekeeping_task
                0x00001db0        0xa .build/obj_fjlabs_polaris_keymap_split/quantum/keyboard.o
                0x00001db0                housekeeping_task
 .text.quantum_init
                0x00001dba       0x3c .build/obj_fjlabs_polaris_keymap_split/quantum/keyboard.o
                0x00001dba                quantum_init
 .text.keyboard_init
                0x00001df6       0x16 .build/obj_fjlabs_polaris_keymap_split/quantum/keyboard.o
                0x00001df6                keyboard_init
 .text.keyboard_task
                0x00001e0c       0xf2 .build/obj_fjlabs_polaris_keymap_split/quantum/keyboard.o
                0x00001e0c                keyboard_task
 .text.action_for_keycode
                0x00001efe      0x232 .build/obj_fjlabs_polaris_keymap_split/quantum/keymap_common.o
                0x00001efe                action_for_keycode
 .text.keymap_key_to_keycode
                0x00002130       0x18 .build/obj_fjlabs_polaris_keymap_split/quantum/keymap_common.o
                0x00002130                keymap_key_to_keycode
 .text.action_for_key
                0x00002148        0xa .build/obj_fjlabs_polaris_keymap_split/quantum/keymap_common.o
                0x00002148                action_for_key
 .text.keycode_config
                0x00002152      0x148 .build/obj_fjlabs_polaris_keymap_split/quantum/keycode_config.o
                0x00002152                keycode_config
 .text.mod_config
                0x0000229a       0x9e .build/obj_fjlabs_polaris_keymap_split/quantum/keycode_config.o
                0x0000229a                mod_config
 .text.sendchar
                0x00002338        0x4 .build/obj_fjlabs_polaris_keymap_split/quantum/logging/sendchar.o
                0x00002338                sendchar
 .text.matrix_init_user
                0x0000233c        0x2 .build/obj_fjlabs_polaris_keymap_split/quantum/matrix_common.o
                0x0000233c                matrix_init_user
 .text.matrix_init_kb
                0x0000233e        0x6 .build/obj_fjlabs_polaris_keymap_split/quantum/matrix_common.o
                0x0000233e                matrix_init_kb
 .text.matrix_scan_user
                0x00002344        0x2 .build/obj_fjlabs_polaris_keymap_split/quantum/matrix_common.o
                0x00002344                matrix_scan_user
 .text.matrix_scan_kb
                0x00002346        0x6 .build/obj_fjlabs_polaris_keymap_split/quantum/matrix_common.o
                0x00002346                matrix_scan_kb
 .text.matrix_get_row
                0x0000234c       0x12 .build/obj_fjlabs_polaris_keymap_split/quantum/matrix_common.o
                0x0000234c                matrix_get_row
 .text.matrix_print
                0x0000235e        0x2 .build/obj_fjlabs_polaris_keymap_split/quantum/matrix_common.o
                0x0000235e                matrix_print
 .text.matrix_io_delay
                0x00002360        0x8 .build/obj_fjlabs_polaris_keymap_split/quantum/matrix_common.o
                0x00002360                matrix_io_delay
 .text.matrix_output_select_delay
                0x00002368        0x4 .build/obj_fjlabs_polaris_keymap_split/quantum/matrix_common.o
                0x00002368                matrix_output_select_delay
 .text.matrix_output_unselect_delay
                0x0000236c        0x6 .build/obj_fjlabs_polaris_keymap_split/quantum/matrix_common.o
                0x0000236c                matrix_output_unselect_delay
 .text.setPinInputHigh_atomic
                0x00002372       0x32 .build/obj_fjlabs_polaris_keymap_split/quantum/matrix.o
 .text.matrix_init_pins
                0x000023a4       0x40 .build/obj_fjlabs_polaris_keymap_split/quantum/matrix.o
                0x000023a4                matrix_init_pins
 .text.matrix_read_cols_on_row
                0x000023e4       0xce .build/obj_fjlabs_polaris_keymap_split/quantum/matrix.o
                0x000023e4                matrix_read_cols_on_row
 .text.matrix_init
                0x000024b2       0x2c .build/obj_fjlabs_polaris_keymap_split/quantum/matrix.o
                0x000024b2                matrix_init
 .text.matrix_scan
                0x000024de       0x7a .build/obj_fjlabs_polaris_keymap_split/quantum/matrix.o
                0x000024de                matrix_scan
 .text.debounce_init
                0x00002558        0x2 .build/obj_fjlabs_polaris_keymap_split/quantum/debounce/sym_defer_g.o
                0x00002558                debounce_init
 .text.debounce
                0x0000255a       0x82 .build/obj_fjlabs_polaris_keymap_split/quantum/debounce/sym_defer_g.o
                0x0000255a                debounce
 .text.protocol_keyboard_task
                0x000025dc        0x6 .build/obj_fjlabs_polaris_keymap_split/quantum/main.o
                0x000025dc                protocol_keyboard_task
 .text.startup.main
                0x000025e2       0x2a .build/obj_fjlabs_polaris_keymap_split/quantum/main.o
                0x000025e2                main
 .text.print_set_sendchar
                0x0000260c        0xa .build/obj_fjlabs_polaris_keymap_split/platforms/avr/printf.o
                0x0000260c                print_set_sendchar
 .text.bootmagic_reset_eeprom
                0x00002616        0x6 .build/obj_fjlabs_polaris_keymap_split/quantum/bootmagic/bootmagic.o
                0x00002616                bootmagic_reset_eeprom
 .text.bootmagic_should_reset
                0x0000261c        0xa .build/obj_fjlabs_polaris_keymap_split/quantum/bootmagic/bootmagic.o
                0x0000261c                bootmagic_should_reset
 .text.bootmagic_scan
                0x00002626       0x26 .build/obj_fjlabs_polaris_keymap_split/quantum/bootmagic/bootmagic.o
                0x00002626                bootmagic_scan
 .text.bootmagic
                0x0000264c        0x6 .build/obj_fjlabs_polaris_keymap_split/quantum/bootmagic/bootmagic.o
                0x0000264c                bootmagic
 .text.command_common
                0x00002652       0xda .build/obj_fjlabs_polaris_keymap_split/quantum/command.o
 .text.command_extra
                0x0000272c        0x4 .build/obj_fjlabs_polaris_keymap_split/quantum/command.o
                0x0000272c                command_extra
 .text.command_console_extra
                0x00002730        0x6 .build/obj_fjlabs_polaris_keymap_split/quantum/command.o
                0x00002730                command_console_extra
 .text.command_proc
                0x00002736      0x190 .build/obj_fjlabs_polaris_keymap_split/quantum/command.o
                0x00002736                command_proc
 .text.process_grave_esc
                0x000028c6       0x56 .build/obj_fjlabs_polaris_keymap_split/quantum/process_keycode/process_grave_esc.o
                0x000028c6                process_grave_esc
 .text.process_magic
                0x0000291c      0x1b8 .build/obj_fjlabs_polaris_keymap_split/quantum/process_keycode/process_magic.o
                0x0000291c                process_magic
 .text.times_inv_sqrt2
                0x00002ad4       0x1c .build/obj_fjlabs_polaris_keymap_split/quantum/mousekey.o
 .text.move_unit
                0x00002af0       0x90 .build/obj_fjlabs_polaris_keymap_split/quantum/mousekey.o
 .text.wheel_unit
                0x00002b80       0x78 .build/obj_fjlabs_polaris_keymap_split/quantum/mousekey.o
 .text.mousekey_on
                0x00002bf8       0xbc .build/obj_fjlabs_polaris_keymap_split/quantum/mousekey.o
                0x00002bf8                mousekey_on
 .text.mousekey_off
                0x00002cb4       0xf0 .build/obj_fjlabs_polaris_keymap_split/quantum/mousekey.o
                0x00002cb4                mousekey_off
 .text.mousekey_send
                0x00002da4       0x3a .build/obj_fjlabs_polaris_keymap_split/quantum/mousekey.o
                0x00002da4                mousekey_send
 .text.mousekey_clear
                0x00002dde       0x1c .build/obj_fjlabs_polaris_keymap_split/quantum/mousekey.o
                0x00002dde                mousekey_clear
 .text.should_mousekey_report_send
                0x00002dfa       0x26 .build/obj_fjlabs_polaris_keymap_split/quantum/mousekey.o
                0x00002dfa                should_mousekey_report_send
 .text.mousekey_task
                0x00002e20      0x1e0 .build/obj_fjlabs_polaris_keymap_split/quantum/mousekey.o
                0x00002e20                mousekey_task
 .text.send_char_with_delay
                0x00003000      0x148 .build/obj_fjlabs_polaris_keymap_split/quantum/send_string/send_string.o
                0x00003000                send_char_with_delay
 .text.send_string_with_delay_P
                0x00003148       0xc2 .build/obj_fjlabs_polaris_keymap_split/quantum/send_string/send_string.o
                0x00003148                send_string_with_delay_P
 .text.perform_space_cadet
                0x0000320a       0xde .build/obj_fjlabs_polaris_keymap_split/quantum/process_keycode/process_space_cadet.o
                0x0000320a                perform_space_cadet
 .text.process_space_cadet
                0x000032e8       0x82 .build/obj_fjlabs_polaris_keymap_split/quantum/process_keycode/process_space_cadet.o
                0x000032e8                process_space_cadet
 .text.host_set_driver
                0x0000336a        0xa .build/obj_fjlabs_polaris_keymap_split/protocol/host.o
                0x0000336a                host_set_driver
 .text.host_keyboard_leds
                0x00003374       0x1a .build/obj_fjlabs_polaris_keymap_split/protocol/host.o
                0x00003374                host_keyboard_leds
 .text.host_keyboard_led_state
                0x0000338e        0x6 .build/obj_fjlabs_polaris_keymap_split/protocol/host.o
                0x0000338e                host_keyboard_led_state
 .text.host_keyboard_send
                0x00003394       0x16 .build/obj_fjlabs_polaris_keymap_split/protocol/host.o
                0x00003394                host_keyboard_send
 .text.host_nkro_send
                0x000033aa       0x1e .build/obj_fjlabs_polaris_keymap_split/protocol/host.o
                0x000033aa                host_nkro_send
 .text.host_mouse_send
                0x000033c8       0x1e .build/obj_fjlabs_polaris_keymap_split/protocol/host.o
                0x000033c8                host_mouse_send
 .text.host_system_send
                0x000033e6       0x4c .build/obj_fjlabs_polaris_keymap_split/protocol/host.o
                0x000033e6                host_system_send
 .text.host_consumer_send
                0x00003432       0x4c .build/obj_fjlabs_polaris_keymap_split/protocol/host.o
                0x00003432                host_consumer_send
 .text.has_anykey
                0x0000347e       0x42 .build/obj_fjlabs_polaris_keymap_split/protocol/report.o
                0x0000347e                has_anykey
 .text.is_key_pressed
                0x000034c0       0x72 .build/obj_fjlabs_polaris_keymap_split/protocol/report.o
                0x000034c0                is_key_pressed
 .text.add_key_byte
                0x00003532       0x34 .build/obj_fjlabs_polaris_keymap_split/protocol/report.o
                0x00003532                add_key_byte
 .text.del_key_byte
                0x00003566       0x1e .build/obj_fjlabs_polaris_keymap_split/protocol/report.o
                0x00003566                del_key_byte
 .text.add_key_bit
                0x00003584       0x28 .build/obj_fjlabs_polaris_keymap_split/protocol/report.o
                0x00003584                add_key_bit
 .text.del_key_bit
                0x000035ac       0x30 .build/obj_fjlabs_polaris_keymap_split/protocol/report.o
                0x000035ac                del_key_bit
 .text.add_key_to_report
                0x000035dc       0x2e .build/obj_fjlabs_polaris_keymap_split/protocol/report.o
                0x000035dc                add_key_to_report
 .text.del_key_from_report
                0x0000360a       0x2e .build/obj_fjlabs_polaris_keymap_split/protocol/report.o
                0x0000360a                del_key_from_report
 .text.clear_keys_from_report
                0x00003638       0x34 .build/obj_fjlabs_polaris_keymap_split/protocol/report.o
                0x00003638                clear_keys_from_report
 .text.has_mouse_report_changed
                0x0000366c       0x5a .build/obj_fjlabs_polaris_keymap_split/protocol/report.o
                0x0000366c                has_mouse_report_changed
 .text.notify_usb_device_state_change_user
                0x000036c6        0x2 .build/obj_fjlabs_polaris_keymap_split/protocol/usb_device_state.o
                0x000036c6                notify_usb_device_state_change_user
 .text.notify_usb_device_state_change_kb
                0x000036c8        0x6 .build/obj_fjlabs_polaris_keymap_split/protocol/usb_device_state.o
                0x000036c8                notify_usb_device_state_change_kb
 .text.usb_device_state_set_configuration
                0x000036ce        0xc .build/obj_fjlabs_polaris_keymap_split/protocol/usb_device_state.o
                0x000036ce                usb_device_state_set_configuration
 .text.usb_device_state_set_suspend
                0x000036da        0xc .build/obj_fjlabs_polaris_keymap_split/protocol/usb_device_state.o
                0x000036da                usb_device_state_set_suspend
 .text.usb_device_state_set_resume
                0x000036e6        0x6 .build/obj_fjlabs_polaris_keymap_split/protocol/usb_device_state.o
                0x000036e6                usb_device_state_set_resume
 .text.usb_device_state_set_reset
                0x000036ec        0xc .build/obj_fjlabs_polaris_keymap_split/protocol/usb_device_state.o
                0x000036ec                usb_device_state_set_reset
 .text.usb_device_state_init
                0x000036f8        0x6 .build/obj_fjlabs_polaris_keymap_split/protocol/usb_device_state.o
                0x000036f8                usb_device_state_init
 .text.suspend_wakeup_init_user
                0x000036fe        0x2 .build/obj_fjlabs_polaris_keymap_split/platforms/suspend.o
                0x000036fe                suspend_wakeup_init_user
 .text.suspend_power_down_user
                0x00003700        0x2 .build/obj_fjlabs_polaris_keymap_split/platforms/suspend.o
                0x00003700                suspend_power_down_user
 .text.suspend_power_down_kb
                0x00003702        0x6 .build/obj_fjlabs_polaris_keymap_split/platforms/suspend.o
                0x00003702                suspend_power_down_kb
 .text.matrix_power_up
                0x00003708        0x2 .build/obj_fjlabs_polaris_keymap_split/platforms/suspend.o
                0x00003708                matrix_power_up
 .text.matrix_power_down
                0x0000370a        0x2 .build/obj_fjlabs_polaris_keymap_split/platforms/suspend.o
                0x0000370a                matrix_power_down
 .text.suspend_wakeup_init_kb
                0x0000370c        0x6 .build/obj_fjlabs_polaris_keymap_split/platforms/suspend.o
                0x0000370c                suspend_wakeup_init_kb
 .text.suspend_wakeup_condition
                0x00003712       0x2a .build/obj_fjlabs_polaris_keymap_split/platforms/suspend.o
                0x00003712                suspend_wakeup_condition
 .text.platform_setup
                0x0000373c        0xe .build/obj_fjlabs_polaris_keymap_split/platforms/avr/platform.o
                0x0000373c                platform_setup
 .text.__vector_12
                0x0000374a       0x4e .build/obj_fjlabs_polaris_keymap_split/platforms/avr/suspend.o
                0x0000374a                __vector_12
 .text.suspend_power_down
                0x00003798       0x56 .build/obj_fjlabs_polaris_keymap_split/platforms/avr/suspend.o
                0x00003798                suspend_power_down
 .text.suspend_wakeup_init
                0x000037ee        0xa .build/obj_fjlabs_polaris_keymap_split/platforms/avr/suspend.o
                0x000037ee                suspend_wakeup_init
 .text.timer_init
                0x000037f8       0x12 .build/obj_fjlabs_polaris_keymap_split/platforms/avr/timer.o
                0x000037f8                timer_init
 .text.timer_read
                0x0000380a       0x18 .build/obj_fjlabs_polaris_keymap_split/platforms/avr/timer.o
                0x0000380a                timer_read
 .text.timer_read32
                0x00003822       0x3a .build/obj_fjlabs_polaris_keymap_split/platforms/avr/timer.o
                0x00003822                timer_read32
 .text.timer_elapsed
                0x0000385c       0x1e .build/obj_fjlabs_polaris_keymap_split/platforms/avr/timer.o
                0x0000385c                timer_elapsed
 .text.__vector_21
                0x0000387a       0x48 .build/obj_fjlabs_polaris_keymap_split/platforms/avr/timer.o
                0x0000387a                __vector_21
 .text.bootloader_jump
                0x000038c2       0x48 .build/obj_fjlabs_polaris_keymap_split/platforms/avr/bootloaders/dfu.o
                0x000038c2                bootloader_jump
 .text.mcu_reset
                0x0000390a       0x16 .build/obj_fjlabs_polaris_keymap_split/platforms/avr/bootloaders/dfu.o
                0x0000390a                mcu_reset
 .text.keyboard_leds
                0x00003920        0x6 .build/obj_fjlabs_polaris_keymap_split/lufa.o
 .text.send_report
                0x00003926       0x48 .build/obj_fjlabs_polaris_keymap_split/lufa.o
                0x00003926                send_report
 .text.send_extra
                0x0000396e        0xe .build/obj_fjlabs_polaris_keymap_split/lufa.o
 .text.send_mouse
                0x0000397c        0xe .build/obj_fjlabs_polaris_keymap_split/lufa.o
 .text.send_nkro
                0x0000398a        0xe .build/obj_fjlabs_polaris_keymap_split/lufa.o
 .text.send_keyboard
                0x00003998       0x2e .build/obj_fjlabs_polaris_keymap_split/lufa.o
 .text.EVENT_USB_Device_Connect
                0x000039c6       0x1c .build/obj_fjlabs_polaris_keymap_split/lufa.o
                0x000039c6                EVENT_USB_Device_Connect
 .text.EVENT_USB_Device_Disconnect
                0x000039e2        0x6 .build/obj_fjlabs_polaris_keymap_split/lufa.o
                0x000039e2                EVENT_USB_Device_Disconnect
 .text.EVENT_USB_Device_Reset
                0x000039e8        0x6 .build/obj_fjlabs_polaris_keymap_split/lufa.o
                0x000039e8                EVENT_USB_Device_Reset
 .text.EVENT_USB_Device_Suspend
                0x000039ee       0x12 .build/obj_fjlabs_polaris_keymap_split/lufa.o
                0x000039ee                EVENT_USB_Device_Suspend
 .text.EVENT_USB_Device_WakeUp
                0x00003a00       0x16 .build/obj_fjlabs_polaris_keymap_split/lufa.o
                0x00003a00                EVENT_USB_Device_WakeUp
 .text.EVENT_USB_Device_ConfigurationChanged
                0x00003a16       0x2a .build/obj_fjlabs_polaris_keymap_split/lufa.o
                0x00003a16                EVENT_USB_Device_ConfigurationChanged
 .text.EVENT_USB_Device_ControlRequest
                0x00003a40      0x172 .build/obj_fjlabs_polaris_keymap_split/lufa.o
                0x00003a40                EVENT_USB_Device_ControlRequest
 .text.protocol_setup
                0x00003bb2       0x34 .build/obj_fjlabs_polaris_keymap_split/lufa.o
                0x00003bb2                protocol_setup
 .text.protocol_pre_init
                0x00003be6       0x1a .build/obj_fjlabs_polaris_keymap_split/lufa.o
                0x00003be6                protocol_pre_init
 .text.protocol_post_init
                0x00003c00        0xa .build/obj_fjlabs_polaris_keymap_split/lufa.o
                0x00003c00                protocol_post_init
 .text.protocol_pre_task
                0x00003c0a       0x34 .build/obj_fjlabs_polaris_keymap_split/lufa.o
                0x00003c0a                protocol_pre_task
 .text.protocol_post_task
                0x00003c3e        0x2 .build/obj_fjlabs_polaris_keymap_split/lufa.o
                0x00003c3e                protocol_post_task
 .text.CALLBACK_USB_GetDescriptor
                0x00003c40       0x10 .build/obj_fjlabs_polaris_keymap_split/lufa.o
                0x00003c40                CALLBACK_USB_GetDescriptor
 .text.get_usb_descriptor
                0x00003c50       0xb2 .build/obj_fjlabs_polaris_keymap_split/usb_descriptor.o
                0x00003c50                get_usb_descriptor
 .text.USB_Device_SendRemoteWakeup
                0x00003d02       0x2a .build/obj_fjlabs_polaris_keymap_split/lib/lufa/LUFA/Drivers/USB/Core/AVR8/Device_AVR8.o
                0x00003d02                USB_Device_SendRemoteWakeup
 .text.Endpoint_Write_Stream_LE
                0x00003d2c       0x9e .build/obj_fjlabs_polaris_keymap_split/lib/lufa/LUFA/Drivers/USB/Core/AVR8/EndpointStream_AVR8.o
                0x00003d2c                Endpoint_Write_Stream_LE
 .text.Endpoint_Write_Control_Stream_LE
                0x00003dca       0xb4 .build/obj_fjlabs_polaris_keymap_split/lib/lufa/LUFA/Drivers/USB/Core/AVR8/EndpointStream_AVR8.o
                0x00003dca                Endpoint_Write_Control_Stream_LE
 .text.Endpoint_Write_Control_PStream_LE
                0x00003e7e       0xb6 .build/obj_fjlabs_polaris_keymap_split/lib/lufa/LUFA/Drivers/USB/Core/AVR8/EndpointStream_AVR8.o
                0x00003e7e                Endpoint_Write_Control_PStream_LE
 .text.Endpoint_ConfigureEndpoint_Prv
                0x00003f34       0x68 .build/obj_fjlabs_polaris_keymap_split/lib/lufa/LUFA/Drivers/USB/Core/AVR8/Endpoint_AVR8.o
                0x00003f34                Endpoint_ConfigureEndpoint_Prv
 .text.Endpoint_ClearStatusStage
                0x00003f9c       0x3e .build/obj_fjlabs_polaris_keymap_split/lib/lufa/LUFA/Drivers/USB/Core/AVR8/Endpoint_AVR8.o
                0x00003f9c                Endpoint_ClearStatusStage
 .text.Endpoint_WaitUntilReady
                0x00003fda       0x62 .build/obj_fjlabs_polaris_keymap_split/lib/lufa/LUFA/Drivers/USB/Core/AVR8/Endpoint_AVR8.o
                0x00003fda                Endpoint_WaitUntilReady
 .text.USB_Disable
                0x0000403c       0x34 .build/obj_fjlabs_polaris_keymap_split/lib/lufa/LUFA/Drivers/USB/Core/AVR8/USBController_AVR8.o
                0x0000403c                USB_Disable
 .text.USB_ResetInterface
                0x00004070       0x86 .build/obj_fjlabs_polaris_keymap_split/lib/lufa/LUFA/Drivers/USB/Core/AVR8/USBController_AVR8.o
                0x00004070                USB_ResetInterface
 .text.USB_Init
                0x000040f6       0x24 .build/obj_fjlabs_polaris_keymap_split/lib/lufa/LUFA/Drivers/USB/Core/AVR8/USBController_AVR8.o
                0x000040f6                USB_Init
 .text.USB_INT_DisableAllInterrupts
                0x0000411a       0x10 .build/obj_fjlabs_polaris_keymap_split/lib/lufa/LUFA/Drivers/USB/Core/AVR8/USBInterrupt_AVR8.o
                0x0000411a                USB_INT_DisableAllInterrupts
 .text.USB_INT_ClearAllInterrupts
                0x0000412a        0xa .build/obj_fjlabs_polaris_keymap_split/lib/lufa/LUFA/Drivers/USB/Core/AVR8/USBInterrupt_AVR8.o
                0x0000412a                USB_INT_ClearAllInterrupts
 .text.__vector_10
                0x00004134      0x1a0 .build/obj_fjlabs_polaris_keymap_split/lib/lufa/LUFA/Drivers/USB/Core/AVR8/USBInterrupt_AVR8.o
                0x00004134                __vector_10
 .text.__vector_11
                0x000042d4       0x92 .build/obj_fjlabs_polaris_keymap_split/lib/lufa/LUFA/Drivers/USB/Core/AVR8/USBInterrupt_AVR8.o
                0x000042d4                __vector_11
 .text.USB_Device_ProcessControlRequest
                0x00004366      0x28e .build/obj_fjlabs_polaris_keymap_split/lib/lufa/LUFA/Drivers/USB/Core/DeviceStandardReq.o
                0x00004366                USB_Device_ProcessControlRequest
 .text.USB_Event_Stub
                0x000045f4        0x2 .build/obj_fjlabs_polaris_keymap_split/lib/lufa/LUFA/Drivers/USB/Core/Events.o
                0x000045f4                EVENT_USB_Device_StartOfFrame
                0x000045f4                USB_Event_Stub
 .text.USB_USBTask
                0x000045f6       0x34 .build/obj_fjlabs_polaris_keymap_split/lib/lufa/LUFA/Drivers/USB/Core/USBTask.o
                0x000045f6                USB_USBTask
 .text.libgcc.div
                0x0000462a       0x28 c:/qmk_msys/mingw64/bin/../lib/gcc/avr/12.2.0/avr5\libgcc.a(_divmodhi4.o)
                0x0000462a                _div
                0x0000462a                __divmodhi4
 .text.libgcc   0x00004652        0xc c:/qmk_msys/mingw64/bin/../lib/gcc/avr/12.2.0/avr5\libgcc.a(_tablejump2.o)
                0x00004652                __tablejump2__
 .text.libgcc.prologue
                0x0000465e       0x38 c:/qmk_msys/mingw64/bin/../lib/gcc/avr/12.2.0/avr5\libgcc.a(_prologue.o)
                0x0000465e                __prologue_saves__
 .text.libgcc.prologue
                0x00004696       0x36 c:/qmk_msys/mingw64/bin/../lib/gcc/avr/12.2.0/avr5\libgcc.a(_epilogue.o)
                0x00004696                __epilogue_restores__
 .text.libgcc.div
                0x000046cc       0x28 c:/qmk_msys/mingw64/bin/../lib/gcc/avr/12.2.0/avr5\libgcc.a(_udivmodhi4.o)
                0x000046cc                __udivmodhi4
 .text.avr-libc
                0x000046f4       0x1a c:/qmk_msys/mingw64/bin/../lib/gcc/avr/12.2.0/../../../../avr/lib/avr5\libc.a(memcmp.o)
                0x000046f4                memcmp
 .text.avr-libc
                0x0000470e       0x12 c:/qmk_msys/mingw64/bin/../lib/gcc/avr/12.2.0/../../../../avr/lib/avr5\libc.a(memcpy.o)
                0x0000470e                memcpy
 .text.avr-libc
                0x00004720       0x10 c:/qmk_msys/mingw64/bin/../lib/gcc/avr/12.2.0/../../../../avr/lib/avr5\libatmega32u4.a(eerd_byte.o)
                0x00004720                eeprom_read_byte
 .text.avr-libc
                0x00004730        0xc c:/qmk_msys/mingw64/bin/../lib/gcc/avr/12.2.0/../../../../avr/lib/avr5\libatmega32u4.a(eerd_word.o)
                0x00004730                eeprom_read_word
 .text.avr-libc
                0x0000473c       0x20 c:/qmk_msys/mingw64/bin/../lib/gcc/avr/12.2.0/../../../../avr/lib/avr5\libatmega32u4.a(eeupd_block.o)
                0x0000473c                eeprom_update_block
 .text.avr-libc
                0x0000475c       0x24 c:/qmk_msys/mingw64/bin/../lib/gcc/avr/12.2.0/../../../../avr/lib/avr5\libatmega32u4.a(eeupd_byte.o)
                0x0000475c                eeprom_update_byte
                0x0000475e                eeprom_update_r18
 .text.avr-libc
                0x00004780       0x18 c:/qmk_msys/mingw64/bin/../lib/gcc/avr/12.2.0/../../../../avr/lib/avr5\libatmega32u4.a(eeupd_dword.o)
                0x00004780                eeprom_update_float
                0x00004780                eeprom_update_dword
 .text.avr-libc
                0x00004798        0xc c:/qmk_msys/mingw64/bin/../lib/gcc/avr/12.2.0/../../../../avr/lib/avr5\libatmega32u4.a(eeupd_word.o)
                0x00004798                eeprom_update_word
 .text.avr-libc
                0x000047a4       0x20 c:/qmk_msys/mingw64/bin/../lib/gcc/avr/12.2.0/../../../../avr/lib/avr5\libatmega32u4.a(eerd_block.o)
                0x000047a4                eeprom_read_block
                0x000047a8                eeprom_read_blraw
                0x000047c4                        . = ALIGN (0x2)
 *(.fini9)
 .fini9         0x000047c4        0x0 c:/qmk_msys/mingw64/bin/../lib/gcc/avr/12.2.0/avr5\libgcc.a(_exit.o)
                0x000047c4                _exit
                0x000047c4                exit
 *(.fini9)
 *(.fini8)
 *(.fini8)
 *(.fini7)
 *(.fini7)
 *(.fini6)
 *(.fini6)
 *(.fini5)
 *(.fini5)
 *(.fini4)
 *(.fini4)
 *(.fini3)
 *(.fini3)
 *(.fini2)
 *(.fini2)
 *(.fini1)
 *(.fini1)
 *(.fini0)
 .fini0         0x000047c4        0x4 c:/qmk_msys/mingw64/bin/../lib/gcc/avr/12.2.0/avr5\libgcc.a(_exit.o)
 *(.fini0)
 *(.hightext)
 *(.hightext*)
 *(.progmemx.*)
                0x000047c8                        . = ALIGN (0x2)
 *(.jumptables)
 *(.jumptables*)
 .jumptables.gcc.process_action
                0x000047c8       0x18 .build/obj_fjlabs_polaris_keymap_split/quantum/action.o
 .jumptables.gcc.command_common
                0x000047e0       0x7e .build/obj_fjlabs_polaris_keymap_split/quantum/command.o
 .jumptables.gcc.process_magic
                0x0000485e       0x44 .build/obj_fjlabs_polaris_keymap_split/quantum/process_keycode/process_magic.o
 .jumptables.gcc.mousekey_on
                0x000048a2       0x24 .build/obj_fjlabs_polaris_keymap_split/quantum/mousekey.o
 .jumptables.gcc.process_space_cadet
                0x000048c6        0xe .build/obj_fjlabs_polaris_keymap_split/quantum/process_keycode/process_space_cadet.o
 .jumptables.gcc.USB_Device_ProcessControlRequest
                0x000048d4       0x14 .build/obj_fjlabs_polaris_keymap_split/lib/lufa/LUFA/Drivers/USB/Core/DeviceStandardReq.o
                0x000048e8                        _etext = .

.data           0x00800100       0x96 load address 0x000048e8
                0x00800100                        PROVIDE (__data_start = .)
 *(.data)
 *(.data*)
 .data.nkro_report
                0x00800100        0x2 .build/obj_fjlabs_polaris_keymap_split/quantum/action_util.o
                0x00800100                nkro_report
 .data.keyboard_report
                0x00800102        0x2 .build/obj_fjlabs_polaris_keymap_split/quantum/action_util.o
                0x00800102                keyboard_report
 .data.mk_wheel_time_to_max
                0x00800104        0x1 .build/obj_fjlabs_polaris_keymap_split/quantum/mousekey.o
                0x00800104                mk_wheel_time_to_max
 .data.mk_wheel_max_speed
                0x00800105        0x1 .build/obj_fjlabs_polaris_keymap_split/quantum/mousekey.o
                0x00800105                mk_wheel_max_speed
 .data.mk_wheel_interval
                0x00800106        0x1 .build/obj_fjlabs_polaris_keymap_split/quantum/mousekey.o
                0x00800106                mk_wheel_interval
 .data.mk_wheel_delay
                0x00800107        0x1 .build/obj_fjlabs_polaris_keymap_split/quantum/mousekey.o
                0x00800107                mk_wheel_delay
 .data.mk_time_to_max
                0x00800108        0x1 .build/obj_fjlabs_polaris_keymap_split/quantum/mousekey.o
                0x00800108                mk_time_to_max
 .data.mk_max_speed
                0x00800109        0x1 .build/obj_fjlabs_polaris_keymap_split/quantum/mousekey.o
                0x00800109                mk_max_speed
 .data.mk_interval
                0x0080010a        0x1 .build/obj_fjlabs_polaris_keymap_split/quantum/mousekey.o
                0x0080010a                mk_interval
 .data.mk_delay
                0x0080010b        0x1 .build/obj_fjlabs_polaris_keymap_split/quantum/mousekey.o
                0x0080010b                mk_delay
 .data.lufa_driver
                0x0080010c        0xa .build/obj_fjlabs_polaris_keymap_split/lufa.o
                0x0080010c                lufa_driver
 .data.keyboard_protocol
                0x00800116        0x1 .build/obj_fjlabs_polaris_keymap_split/lufa.o
                0x00800116                keyboard_protocol
 *(.gnu.linkonce.d*)
 *(.rodata)
 *(.rodata*)
 .rodata.CSWTCH.10
                0x00800117       0x36 .build/obj_fjlabs_polaris_keymap_split/quantum/action.o
 .rodata.CSWTCH.3
                0x0080014d       0x36 .build/obj_fjlabs_polaris_keymap_split/quantum/keymap_common.o
 .rodata.col_pins
                0x00800183        0xe .build/obj_fjlabs_polaris_keymap_split/quantum/matrix.o
 .rodata.row_pins
                0x00800191        0x5 .build/obj_fjlabs_polaris_keymap_split/quantum/matrix.o
 *(.gnu.linkonce.r*)
                0x00800196                        . = ALIGN (0x2)
                0x00800196                        _edata = .
                0x00800196                        PROVIDE (__data_end = .)

.bss            0x00800196      0x12c
                0x00800196                        PROVIDE (__bss_start = .)
 *(.bss)
 .bss           0x00800196        0x2 .build/obj_fjlabs_polaris_keymap_split/platforms/avr/xprintf.o
                0x00800196                xfunc_out
 *(.bss*)
 .bss.last_led_status.0
                0x00800198        0x1 .build/obj_fjlabs_polaris_keymap_split/quantum/led.o
 .bss.last_led_modification_time
                0x00800199        0x4 .build/obj_fjlabs_polaris_keymap_split/quantum/led.o
 .bss.disable_action_cache
                0x0080019d        0x1 .build/obj_fjlabs_polaris_keymap_split/quantum/action.o
                0x0080019d                disable_action_cache
 .bss.source_layers_cache
                0x0080019e       0x24 .build/obj_fjlabs_polaris_keymap_split/quantum/action_layer.o
                0x0080019e                source_layers_cache
 .bss.layer_state
                0x008001c2        0x2 .build/obj_fjlabs_polaris_keymap_split/quantum/action_layer.o
                0x008001c2                layer_state
 .bss.default_layer_state
                0x008001c4        0x2 .build/obj_fjlabs_polaris_keymap_split/quantum/action_layer.o
                0x008001c4                default_layer_state
 .bss.waiting_buffer_tail
                0x008001c6        0x1 .build/obj_fjlabs_polaris_keymap_split/quantum/action_tapping.o
 .bss.waiting_buffer_head
                0x008001c7        0x1 .build/obj_fjlabs_polaris_keymap_split/quantum/action_tapping.o
 .bss.waiting_buffer
                0x008001c8       0x38 .build/obj_fjlabs_polaris_keymap_split/quantum/action_tapping.o
 .bss.tapping_key
                0x00800200        0x7 .build/obj_fjlabs_polaris_keymap_split/quantum/action_tapping.o
 .bss.last_report.0
                0x00800207       0x20 .build/obj_fjlabs_polaris_keymap_split/quantum/action_util.o
 .bss.last_report.1
                0x00800227        0x8 .build/obj_fjlabs_polaris_keymap_split/quantum/action_util.o
 .bss.oneshot_layer_data
                0x0080022f        0x1 .build/obj_fjlabs_polaris_keymap_split/quantum/action_util.o
 .bss.oneshot_locked_mods
                0x00800230        0x1 .build/obj_fjlabs_polaris_keymap_split/quantum/action_util.o
 .bss.oneshot_mods
                0x00800231        0x1 .build/obj_fjlabs_polaris_keymap_split/quantum/action_util.o
 .bss.__compound_literal.1
                0x00800232       0x20 .build/obj_fjlabs_polaris_keymap_split/quantum/action_util.o
 .bss.__compound_literal.0
                0x00800252        0x8 .build/obj_fjlabs_polaris_keymap_split/quantum/action_util.o
 .bss.weak_mods
                0x0080025a        0x1 .build/obj_fjlabs_polaris_keymap_split/quantum/action_util.o
 .bss.real_mods
                0x0080025b        0x1 .build/obj_fjlabs_polaris_keymap_split/quantum/action_util.o
 .bss.last_tick.0
                0x0080025c        0x2 .build/obj_fjlabs_polaris_keymap_split/quantum/keyboard.o
 .bss.matrix_previous.1
                0x0080025e        0xa .build/obj_fjlabs_polaris_keymap_split/quantum/keyboard.o
 .bss.last_matrix_modification_time
                0x00800268        0x4 .build/obj_fjlabs_polaris_keymap_split/quantum/keyboard.o
 .bss.last_input_modification_time
                0x0080026c        0x4 .build/obj_fjlabs_polaris_keymap_split/quantum/keyboard.o
 .bss.debug_config
                0x00800270        0x1 .build/obj_fjlabs_polaris_keymap_split/quantum/logging/debug.o
                0x00800270                debug_config
 .bss.debouncing_time
                0x00800271        0x2 .build/obj_fjlabs_polaris_keymap_split/quantum/debounce/sym_defer_g.o
 .bss.debouncing
                0x00800273        0x1 .build/obj_fjlabs_polaris_keymap_split/quantum/debounce/sym_defer_g.o
 .bss.pp.1      0x00800274        0x2 .build/obj_fjlabs_polaris_keymap_split/quantum/command.o
 .bss.param.2   0x00800276        0x1 .build/obj_fjlabs_polaris_keymap_split/quantum/command.o
 .bss.command_state
                0x00800277        0x1 .build/obj_fjlabs_polaris_keymap_split/quantum/command.o
                0x00800277                command_state
 .bss.grave_esc_was_shifted
                0x00800278        0x1 .build/obj_fjlabs_polaris_keymap_split/quantum/process_keycode/process_grave_esc.o
 .bss.last_timer_w
                0x00800279        0x2 .build/obj_fjlabs_polaris_keymap_split/quantum/mousekey.o
 .bss.last_timer_c
                0x0080027b        0x2 .build/obj_fjlabs_polaris_keymap_split/quantum/mousekey.o
 .bss.mousekey_wheel_repeat
                0x0080027d        0x1 .build/obj_fjlabs_polaris_keymap_split/quantum/mousekey.o
 .bss.mousekey_repeat
                0x0080027e        0x1 .build/obj_fjlabs_polaris_keymap_split/quantum/mousekey.o
 .bss.mousekey_accel
                0x0080027f        0x1 .build/obj_fjlabs_polaris_keymap_split/quantum/mousekey.o
 .bss.mouse_report
                0x00800280        0x6 .build/obj_fjlabs_polaris_keymap_split/quantum/mousekey.o
 .bss.sc_timer  0x00800286        0x2 .build/obj_fjlabs_polaris_keymap_split/quantum/process_keycode/process_space_cadet.o
 .bss.sc_last   0x00800288        0x1 .build/obj_fjlabs_polaris_keymap_split/quantum/process_keycode/process_space_cadet.o
 .bss.last_consumer_usage
                0x00800289        0x2 .build/obj_fjlabs_polaris_keymap_split/protocol/host.o
 .bss.last_system_usage
                0x0080028b        0x2 .build/obj_fjlabs_polaris_keymap_split/protocol/host.o
 .bss.driver    0x0080028d        0x2 .build/obj_fjlabs_polaris_keymap_split/protocol/host.o
 .bss.usb_device_state
                0x0080028f        0x1 .build/obj_fjlabs_polaris_keymap_split/protocol/usb_device_state.o
                0x0080028f                usb_device_state
 .bss.wdt_timeout
                0x00800290        0x1 .build/obj_fjlabs_polaris_keymap_split/platforms/avr/suspend.o
 .bss.keyboard_report_sent
                0x00800291        0x8 .build/obj_fjlabs_polaris_keymap_split/lufa.o
 .bss.keyboard_led_state
                0x00800299        0x1 .build/obj_fjlabs_polaris_keymap_split/lufa.o
 .bss.keyboard_idle
                0x0080029a        0x1 .build/obj_fjlabs_polaris_keymap_split/lufa.o
                0x0080029a                keyboard_idle
 *(COMMON)
 COMMON         0x0080029b        0x2 .build/obj_fjlabs_polaris_keymap_split/quantum/keycode_config.o
                0x0080029b                keymap_config
 COMMON         0x0080029d       0x14 .build/obj_fjlabs_polaris_keymap_split/quantum/matrix_common.o
                0x0080029d                raw_matrix
                0x008002a7                matrix
 COMMON         0x008002b1        0x4 .build/obj_fjlabs_polaris_keymap_split/platforms/avr/timer.o
                0x008002b1                timer_count
 COMMON         0x008002b5        0x3 .build/obj_fjlabs_polaris_keymap_split/lib/lufa/LUFA/Drivers/USB/Core/DeviceStandardReq.o
                0x008002b5                USB_Device_ConfigurationNumber
                0x008002b6                USB_Device_CurrentlySelfPowered
                0x008002b7                USB_Device_RemoteWakeupEnabled
 COMMON         0x008002b8        0xa .build/obj_fjlabs_polaris_keymap_split/lib/lufa/LUFA/Drivers/USB/Core/USBTask.o
                0x008002b8                USB_IsInitialized
                0x008002b9                USB_DeviceState
                0x008002ba                USB_ControlRequest
                0x008002c2                        PROVIDE (__bss_end = .)
                0x000048e8                        __data_load_start = LOADADDR (.data)
                0x0000497e                        __data_load_end = (__data_load_start + SIZEOF (.data))

.noinit         0x008002c2        0x4
                [!provide]                        PROVIDE (__noinit_start = .)
 *(.noinit .noinit.* .gnu.linkonce.n.*)
 .noinit        0x008002c2        0x4 .build/obj_fjlabs_polaris_keymap_split/platforms/avr/bootloaders/dfu.o
                0x008002c2                reset_key
                [!provide]                        PROVIDE (__noinit_end = .)
                0x008002c6                        _end = .
                [!provide]                        PROVIDE (__heap_start = .)

.eeprom         0x00810000        0x0
 *(.eeprom*)
                0x00810000                        __eeprom_end = .

.fuse
 *(.fuse)
 *(.lfuse)
 *(.hfuse)
 *(.efuse)

.lock
 *(.lock*)

.signature
 *(.signature*)

.stab
 *(.stab)

.stabstr
 *(.stabstr)

.stab.excl
 *(.stab.excl)

.stab.exclstr
 *(.stab.exclstr)

.stab.index
 *(.stab.index)

.stab.indexstr
 *(.stab.indexstr)

.comment        0x00000000       0x12
 *(.comment)
 .comment       0x00000000       0x12 .build/obj_fjlabs_polaris_keymap_split/quantum/keymap_introspection.o
                                 0x13 (size before relaxing)
 .comment       0x00000012       0x13 .build/obj_fjlabs_polaris_keymap_split/quantum/quantum.o
 .comment       0x00000012       0x13 .build/obj_fjlabs_polaris_keymap_split/quantum/led.o
 .comment       0x00000012       0x13 .build/obj_fjlabs_polaris_keymap_split/quantum/action.o
 .comment       0x00000012       0x13 .build/obj_fjlabs_polaris_keymap_split/quantum/action_layer.o
 .comment       0x00000012       0x13 .build/obj_fjlabs_polaris_keymap_split/quantum/action_tapping.o
 .comment       0x00000012       0x13 .build/obj_fjlabs_polaris_keymap_split/quantum/action_util.o
 .comment       0x00000012       0x13 .build/obj_fjlabs_polaris_keymap_split/quantum/eeconfig.o
 .comment       0x00000012       0x13 .build/obj_fjlabs_polaris_keymap_split/quantum/keyboard.o
 .comment       0x00000012       0x13 .build/obj_fjlabs_polaris_keymap_split/quantum/keymap_common.o
 .comment       0x00000012       0x13 .build/obj_fjlabs_polaris_keymap_split/quantum/keycode_config.o
 .comment       0x00000012       0x13 .build/obj_fjlabs_polaris_keymap_split/quantum/logging/debug.o
 .comment       0x00000012       0x13 .build/obj_fjlabs_polaris_keymap_split/quantum/logging/sendchar.o
 .comment       0x00000012       0x13 .build/obj_fjlabs_polaris_keymap_split/quantum/matrix_common.o
 .comment       0x00000012       0x13 .build/obj_fjlabs_polaris_keymap_split/quantum/matrix.o
 .comment       0x00000012       0x13 .build/obj_fjlabs_polaris_keymap_split/quantum/debounce/sym_defer_g.o
 .comment       0x00000012       0x13 .build/obj_fjlabs_polaris_keymap_split/quantum/main.o
 .comment       0x00000012       0x13 .build/obj_fjlabs_polaris_keymap_split/platforms/avr/printf.o
 .comment       0x00000012       0x13 .build/obj_fjlabs_polaris_keymap_split/quantum/bootmagic/bootmagic.o
 .comment       0x00000012       0x13 .build/obj_fjlabs_polaris_keymap_split/quantum/command.o
 .comment       0x00000012       0x13 .build/obj_fjlabs_polaris_keymap_split/quantum/process_keycode/process_grave_esc.o
 .comment       0x00000012       0x13 .build/obj_fjlabs_polaris_keymap_split/quantum/process_keycode/process_magic.o
 .comment       0x00000012       0x13 .build/obj_fjlabs_polaris_keymap_split/quantum/mousekey.o
 .comment       0x00000012       0x13 .build/obj_fjlabs_polaris_keymap_split/quantum/send_string/send_string.o
 .comment       0x00000012       0x13 .build/obj_fjlabs_polaris_keymap_split/quantum/process_keycode/process_space_cadet.o
 .comment       0x00000012       0x13 .build/obj_fjlabs_polaris_keymap_split/protocol/host.o
 .comment       0x00000012       0x13 .build/obj_fjlabs_polaris_keymap_split/protocol/report.o
 .comment       0x00000012       0x13 .build/obj_fjlabs_polaris_keymap_split/protocol/usb_device_state.o
 .comment       0x00000012       0x13 .build/obj_fjlabs_polaris_keymap_split/platforms/suspend.o
 .comment       0x00000012       0x13 .build/obj_fjlabs_polaris_keymap_split/platforms/avr/platform.o
 .comment       0x00000012       0x13 .build/obj_fjlabs_polaris_keymap_split/platforms/avr/suspend.o
 .comment       0x00000012       0x13 .build/obj_fjlabs_polaris_keymap_split/platforms/avr/timer.o
 .comment       0x00000012       0x13 .build/obj_fjlabs_polaris_keymap_split/platforms/avr/bootloaders/dfu.o
 .comment       0x00000012       0x13 .build/obj_fjlabs_polaris_keymap_split/lufa.o
 .comment       0x00000012       0x13 .build/obj_fjlabs_polaris_keymap_split/usb_descriptor.o
 .comment       0x00000012       0x13 .build/obj_fjlabs_polaris_keymap_split/lib/lufa/LUFA/Drivers/USB/Core/AVR8/Device_AVR8.o
 .comment       0x00000012       0x13 .build/obj_fjlabs_polaris_keymap_split/lib/lufa/LUFA/Drivers/USB/Core/AVR8/EndpointStream_AVR8.o
 .comment       0x00000012       0x13 .build/obj_fjlabs_polaris_keymap_split/lib/lufa/LUFA/Drivers/USB/Core/AVR8/Endpoint_AVR8.o
 .comment       0x00000012       0x13 .build/obj_fjlabs_polaris_keymap_split/lib/lufa/LUFA/Drivers/USB/Core/AVR8/USBController_AVR8.o
 .comment       0x00000012       0x13 .build/obj_fjlabs_polaris_keymap_split/lib/lufa/LUFA/Drivers/USB/Core/AVR8/USBInterrupt_AVR8.o
 .comment       0x00000012       0x13 .build/obj_fjlabs_polaris_keymap_split/lib/lufa/LUFA/Drivers/USB/Core/DeviceStandardReq.o
 .comment       0x00000012       0x13 .build/obj_fjlabs_polaris_keymap_split/lib/lufa/LUFA/Drivers/USB/Core/Events.o
 .comment       0x00000012       0x13 .build/obj_fjlabs_polaris_keymap_split/lib/lufa/LUFA/Drivers/USB/Core/USBTask.o

.note.gnu.avr.deviceinfo
                0x00000000       0x40
 .note.gnu.avr.deviceinfo
                0x00000000       0x40 c:/qmk_msys/mingw64/bin/../lib/gcc/avr/12.2.0/../../../../avr/lib/avr5/crtatmega32u4.o

.gnu.build.attributes
 *(.gnu.build.attributes .gnu.build.attributes.*)

.note.gnu.build-id
 *(.note.gnu.build-id)

.debug
 *(.debug)

.line
 *(.line)

.debug_srcinfo
 *(.debug_srcinfo)

.debug_sfnames
 *(.debug_sfnames)

.debug_aranges  0x00000000     0x1048
 *(.debug_aranges)
 .debug_aranges
                0x00000000       0x40 .build/obj_fjlabs_polaris_keymap_split/quantum/keymap_introspection.o
 .debug_aranges
                0x00000040      0x100 .build/obj_fjlabs_polaris_keymap_split/quantum/quantum.o
 .debug_aranges
                0x00000140       0x70 .build/obj_fjlabs_polaris_keymap_split/quantum/led.o
 .debug_aranges
                0x000001b0       0xe0 .build/obj_fjlabs_polaris_keymap_split/quantum/action.o
 .debug_aranges
                0x00000290      0x110 .build/obj_fjlabs_polaris_keymap_split/quantum/action_layer.o
 .debug_aranges
                0x000003a0       0x48 .build/obj_fjlabs_polaris_keymap_split/quantum/action_tapping.o
 .debug_aranges
                0x000003e8      0x188 .build/obj_fjlabs_polaris_keymap_split/quantum/action_util.o
 .debug_aranges
                0x00000570       0xd8 .build/obj_fjlabs_polaris_keymap_split/quantum/eeconfig.o
 .debug_aranges
                0x00000648      0x110 .build/obj_fjlabs_polaris_keymap_split/quantum/keyboard.o
 .debug_aranges
                0x00000758       0x30 .build/obj_fjlabs_polaris_keymap_split/quantum/keymap_common.o
 .debug_aranges
                0x00000788       0x28 .build/obj_fjlabs_polaris_keymap_split/quantum/keycode_config.o
 .debug_aranges
                0x000007b0       0x18 .build/obj_fjlabs_polaris_keymap_split/quantum/logging/debug.o
 .debug_aranges
                0x000007c8       0x20 .build/obj_fjlabs_polaris_keymap_split/quantum/logging/sendchar.o
 .debug_aranges
                0x000007e8       0xa0 .build/obj_fjlabs_polaris_keymap_split/quantum/matrix_common.o
 .debug_aranges
                0x00000888       0x40 .build/obj_fjlabs_polaris_keymap_split/quantum/matrix.o
 .debug_aranges
                0x000008c8       0x30 .build/obj_fjlabs_polaris_keymap_split/quantum/debounce/sym_defer_g.o
 .debug_aranges
                0x000008f8       0x28 .build/obj_fjlabs_polaris_keymap_split/quantum/main.o
 .debug_aranges
                0x00000920       0x20 .build/obj_fjlabs_polaris_keymap_split/platforms/avr/printf.o
 .debug_aranges
                0x00000940       0x38 .build/obj_fjlabs_polaris_keymap_split/quantum/bootmagic/bootmagic.o
 .debug_aranges
                0x00000978       0x38 .build/obj_fjlabs_polaris_keymap_split/quantum/command.o
 .debug_aranges
                0x000009b0       0x20 .build/obj_fjlabs_polaris_keymap_split/quantum/process_keycode/process_grave_esc.o
 .debug_aranges
                0x000009d0       0x20 .build/obj_fjlabs_polaris_keymap_split/quantum/process_keycode/process_magic.o
 .debug_aranges
                0x000009f0       0x68 .build/obj_fjlabs_polaris_keymap_split/quantum/mousekey.o
 .debug_aranges
                0x00000a58       0x70 .build/obj_fjlabs_polaris_keymap_split/quantum/send_string/send_string.o
 .debug_aranges
                0x00000ac8       0x30 .build/obj_fjlabs_polaris_keymap_split/quantum/process_keycode/process_space_cadet.o
 .debug_aranges
                0x00000af8       0x88 .build/obj_fjlabs_polaris_keymap_split/protocol/host.o
 .debug_aranges
                0x00000b80       0x70 .build/obj_fjlabs_polaris_keymap_split/protocol/report.o
 .debug_aranges
                0x00000bf0       0x50 .build/obj_fjlabs_polaris_keymap_split/protocol/usb_device_state.o
 .debug_aranges
                0x00000c40       0x50 .build/obj_fjlabs_polaris_keymap_split/platforms/suspend.o
 .debug_aranges
                0x00000c90       0x20 .build/obj_fjlabs_polaris_keymap_split/platforms/avr/platform.o
 .debug_aranges
                0x00000cb0       0x30 .build/obj_fjlabs_polaris_keymap_split/platforms/avr/suspend.o
 .debug_aranges
                0x00000ce0       0x50 .build/obj_fjlabs_polaris_keymap_split/platforms/avr/timer.o
 .debug_aranges
                0x00000d30       0x30 .build/obj_fjlabs_polaris_keymap_split/platforms/avr/bootloaders/dfu.o
 .debug_aranges
                0x00000d60       0xc8 .build/obj_fjlabs_polaris_keymap_split/lufa.o
 .debug_aranges
                0x00000e28       0x20 .build/obj_fjlabs_polaris_keymap_split/usb_descriptor.o
 .debug_aranges
                0x00000e48       0x20 .build/obj_fjlabs_polaris_keymap_split/lib/lufa/LUFA/Drivers/USB/Core/AVR8/Device_AVR8.o
 .debug_aranges
                0x00000e68       0xc8 .build/obj_fjlabs_polaris_keymap_split/lib/lufa/LUFA/Drivers/USB/Core/AVR8/EndpointStream_AVR8.o
 .debug_aranges
                0x00000f30       0x40 .build/obj_fjlabs_polaris_keymap_split/lib/lufa/LUFA/Drivers/USB/Core/AVR8/Endpoint_AVR8.o
 .debug_aranges
                0x00000f70       0x30 .build/obj_fjlabs_polaris_keymap_split/lib/lufa/LUFA/Drivers/USB/Core/AVR8/USBController_AVR8.o
 .debug_aranges
                0x00000fa0       0x38 .build/obj_fjlabs_polaris_keymap_split/lib/lufa/LUFA/Drivers/USB/Core/AVR8/USBInterrupt_AVR8.o
 .debug_aranges
                0x00000fd8       0x20 .build/obj_fjlabs_polaris_keymap_split/lib/lufa/LUFA/Drivers/USB/Core/DeviceStandardReq.o
 .debug_aranges
                0x00000ff8       0x30 .build/obj_fjlabs_polaris_keymap_split/lib/lufa/LUFA/Drivers/USB/Core/Events.o
 .debug_aranges
                0x00001028       0x20 .build/obj_fjlabs_polaris_keymap_split/lib/lufa/LUFA/Drivers/USB/Core/USBTask.o

.debug_pubnames
 *(.debug_pubnames)

.debug_info     0x00000000    0x30ff7
 *(.debug_info .gnu.linkonce.wi.*)
 .debug_info    0x00000000      0x9f4 c:/qmk_msys/mingw64/bin/../lib/gcc/avr/12.2.0/../../../../avr/lib/avr5/crtatmega32u4.o
 .debug_info    0x000009f4     0x2a04 .build/obj_fjlabs_polaris_keymap_split/quantum/keymap_introspection.o
 .debug_info    0x000033f8     0x3591 .build/obj_fjlabs_polaris_keymap_split/quantum/quantum.o
 .debug_info    0x00006989      0x481 .build/obj_fjlabs_polaris_keymap_split/quantum/led.o
 .debug_info    0x00006e0a     0x437f .build/obj_fjlabs_polaris_keymap_split/quantum/action.o
 .debug_info    0x0000b189      0xd8d .build/obj_fjlabs_polaris_keymap_split/quantum/action_layer.o
 .debug_info    0x0000bf16     0x2d37 .build/obj_fjlabs_polaris_keymap_split/quantum/action_tapping.o
 .debug_info    0x0000ec4d      0xdcb .build/obj_fjlabs_polaris_keymap_split/quantum/action_util.o
 .debug_info    0x0000fa18      0x915 .build/obj_fjlabs_polaris_keymap_split/quantum/eeconfig.o
 .debug_info    0x0001032d      0xc68 .build/obj_fjlabs_polaris_keymap_split/quantum/keyboard.o
 .debug_info    0x00010f95     0x2d14 .build/obj_fjlabs_polaris_keymap_split/quantum/keymap_common.o
 .debug_info    0x00013ca9     0x2551 .build/obj_fjlabs_polaris_keymap_split/quantum/keycode_config.o
 .debug_info    0x000161fa      0x117 .build/obj_fjlabs_polaris_keymap_split/quantum/logging/debug.o
 .debug_info    0x00016311       0xa8 .build/obj_fjlabs_polaris_keymap_split/quantum/logging/sendchar.o
 .debug_info    0x000163b9      0x54c .build/obj_fjlabs_polaris_keymap_split/quantum/matrix_common.o
 .debug_info    0x00016905      0x6fa .build/obj_fjlabs_polaris_keymap_split/quantum/matrix.o
 .debug_info    0x00016fff      0x2e6 .build/obj_fjlabs_polaris_keymap_split/quantum/debounce/sym_defer_g.o
 .debug_info    0x000172e5      0x172 .build/obj_fjlabs_polaris_keymap_split/quantum/main.o
 .debug_info    0x00017457       0xe7 .build/obj_fjlabs_polaris_keymap_split/platforms/avr/printf.o
 .debug_info    0x0001753e      0x2a4 .build/obj_fjlabs_polaris_keymap_split/quantum/bootmagic/bootmagic.o
 .debug_info    0x000177e2     0x2977 .build/obj_fjlabs_polaris_keymap_split/quantum/command.o
 .debug_info    0x0001a159     0x26a1 .build/obj_fjlabs_polaris_keymap_split/quantum/process_keycode/process_grave_esc.o
 .debug_info    0x0001c7fa     0x26e0 .build/obj_fjlabs_polaris_keymap_split/quantum/process_keycode/process_magic.o
 .debug_info    0x0001eeda     0x2947 .build/obj_fjlabs_polaris_keymap_split/quantum/mousekey.o
 .debug_info    0x00021821     0x3037 .build/obj_fjlabs_polaris_keymap_split/quantum/send_string/send_string.o
 .debug_info    0x00024858     0x270a .build/obj_fjlabs_polaris_keymap_split/quantum/process_keycode/process_space_cadet.o
 .debug_info    0x00026f62      0x80c .build/obj_fjlabs_polaris_keymap_split/protocol/host.o
 .debug_info    0x0002776e     0x299e .build/obj_fjlabs_polaris_keymap_split/protocol/report.o
 .debug_info    0x0002a10c      0x2ad .build/obj_fjlabs_polaris_keymap_split/protocol/usb_device_state.o
 .debug_info    0x0002a3b9      0x19b .build/obj_fjlabs_polaris_keymap_split/platforms/suspend.o
 .debug_info    0x0002a554       0xa9 .build/obj_fjlabs_polaris_keymap_split/platforms/avr/platform.o
 .debug_info    0x0002a5fd      0x22e .build/obj_fjlabs_polaris_keymap_split/platforms/avr/suspend.o
 .debug_info    0x0002a82b      0x443 .build/obj_fjlabs_polaris_keymap_split/platforms/avr/timer.o
 .debug_info    0x0002ac6e      0x238 .build/obj_fjlabs_polaris_keymap_split/platforms/avr/bootloaders/dfu.o